Component: ARM Compiler 5.06 update 7 (build 960) Tool: armlink [4d3601]

==============================================================================

Section Cross References

    startup_stm32g474xx.o(STACK) refers (Special) to heapauxi.o(.text) for __use_two_region_memory
    startup_stm32g474xx.o(HEAP) refers (Special) to heapauxi.o(.text) for __use_two_region_memory
    startup_stm32g474xx.o(RESET) refers (Special) to heapauxi.o(.text) for __use_two_region_memory
    startup_stm32g474xx.o(RESET) refers to startup_stm32g474xx.o(STACK) for __initial_sp
    startup_stm32g474xx.o(RESET) refers to startup_stm32g474xx.o(.text) for Reset_Handler
    startup_stm32g474xx.o(RESET) refers to stm32g4xx_it.o(i.NMI_Handler) for NMI_Handler
    startup_stm32g474xx.o(RESET) refers to stm32g4xx_it.o(i.HardFault_Handler) for HardFault_Handler
    startup_stm32g474xx.o(RESET) refers to stm32g4xx_it.o(i.MemManage_Handler) for MemManage_Handler
    startup_stm32g474xx.o(RESET) refers to stm32g4xx_it.o(i.BusFault_Handler) for BusFault_Handler
    startup_stm32g474xx.o(RESET) refers to stm32g4xx_it.o(i.UsageFault_Handler) for UsageFault_Handler
    startup_stm32g474xx.o(RESET) refers to port.o(.emb_text) for SVC_Handler
    startup_stm32g474xx.o(RESET) refers to stm32g4xx_it.o(i.DebugMon_Handler) for DebugMon_Handler
    startup_stm32g474xx.o(RESET) refers to stm32g4xx_it.o(i.SysTick_Handler) for SysTick_Handler
    startup_stm32g474xx.o(RESET) refers to stm32g4xx_it.o(i.USART1_IRQHandler) for USART1_IRQHandler
    startup_stm32g474xx.o(.text) refers (Special) to heapauxi.o(.text) for __use_two_region_memory
    startup_stm32g474xx.o(.text) refers to system_stm32g4xx.o(i.SystemInit) for SystemInit
    startup_stm32g474xx.o(.text) refers to __main.o(!!!main) for __main
    startup_stm32g474xx.o(.text) refers to startup_stm32g474xx.o(HEAP) for Heap_Mem
    startup_stm32g474xx.o(.text) refers to startup_stm32g474xx.o(STACK) for Stack_Mem
    uartringbuffer.o(i.Copy_upto) refers to strlen.o(.text) for strlen
    uartringbuffer.o(i.Copy_upto) refers to uartringbuffer.o(i.IsDataAvailable) for IsDataAvailable
    uartringbuffer.o(i.Copy_upto) refers to uartringbuffer.o(i.Uart_peek) for Uart_peek
    uartringbuffer.o(i.Copy_upto) refers to uartringbuffer.o(i.Uart_read) for Uart_read
    uartringbuffer.o(i.Copy_upto) refers to uartringbuffer.o(.data) for .data
    uartringbuffer.o(i.GetDataFromBuffer) refers to strlen.o(.text) for strlen
    uartringbuffer.o(i.Get_after) refers to uartringbuffer.o(i.Wait_for) for Wait_for
    uartringbuffer.o(i.Get_after) refers to uartringbuffer.o(i.IsDataAvailable) for IsDataAvailable
    uartringbuffer.o(i.Get_after) refers to uartringbuffer.o(i.Uart_read) for Uart_read
    uartringbuffer.o(i.IsDataAvailable) refers to uartringbuffer.o(.data) for .data
    uartringbuffer.o(i.Look_for) refers to strlen.o(.text) for strlen
    uartringbuffer.o(i.Ringbuf_init) refers to uartringbuffer.o(.bss) for .bss
    uartringbuffer.o(i.Ringbuf_init) refers to uartringbuffer.o(.data) for .data
    uartringbuffer.o(i.Ringbuf_init) refers to main.o(.bss) for huart1
    uartringbuffer.o(i.Uart_flush) refers to rt_memclr_w.o(.text) for __aeabi_memclr4
    uartringbuffer.o(i.Uart_flush) refers to uartringbuffer.o(.data) for .data
    uartringbuffer.o(i.Uart_isr) refers to uartringbuffer.o(i.store_char) for store_char
    uartringbuffer.o(i.Uart_isr) refers to uartringbuffer.o(.data) for .data
    uartringbuffer.o(i.Uart_isr) refers to uartringbuffer.o(.bss) for .bss
    uartringbuffer.o(i.Uart_peek) refers to uartringbuffer.o(.data) for .data
    uartringbuffer.o(i.Uart_printbase) refers to uartringbuffer.o(i.Uart_write) for Uart_write
    uartringbuffer.o(i.Uart_read) refers to uartringbuffer.o(.data) for .data
    uartringbuffer.o(i.Uart_sendstring) refers to uartringbuffer.o(i.Uart_write) for Uart_write
    uartringbuffer.o(i.Uart_write) refers to uartringbuffer.o(.data) for .data
    uartringbuffer.o(i.Uart_write) refers to main.o(.bss) for huart1
    uartringbuffer.o(i.Wait_for) refers to strlen.o(.text) for strlen
    uartringbuffer.o(i.Wait_for) refers to uartringbuffer.o(i.IsDataAvailable) for IsDataAvailable
    uartringbuffer.o(i.Wait_for) refers to uartringbuffer.o(i.Uart_peek) for Uart_peek
    uartringbuffer.o(i.Wait_for) refers to uartringbuffer.o(i.Uart_read) for Uart_read
    uartringbuffer.o(i.Wait_for) refers to uartringbuffer.o(.data) for .data
    flash.o(i.Erase_Data) refers to uartringbuffer.o(i.Uart_sendstring) for Uart_sendstring
    flash.o(i.Erase_Data) refers to stm32g4xx_hal_flash.o(i.HAL_FLASH_Unlock) for HAL_FLASH_Unlock
    flash.o(i.Erase_Data) refers to flash.o(i.GetPage) for GetPage
    flash.o(i.Erase_Data) refers to stm32g4xx_hal_flash_ex.o(i.HAL_FLASHEx_Erase) for HAL_FLASHEx_Erase
    flash.o(i.Erase_Data) refers to stm32g4xx_hal_flash.o(i.HAL_FLASH_Program) for HAL_FLASH_Program
    flash.o(i.Erase_Data) refers to stm32g4xx_hal_flash.o(i.HAL_FLASH_Lock) for HAL_FLASH_Lock
[...]
    i.IsDataAvailable                        0x08002284   Section        0  uartringbuffer.o(i.IsDataAvailable)
    i.MX_HRTIM1_Init                         0x08002298   Section        0  main.o(i.MX_HRTIM1_Init)
    MX_HRTIM1_Init                           0x08002299   Thumb Code   278  main.o(i.MX_HRTIM1_Init)
    i.MX_USART1_UART_Init                    0x080023b8   Section        0  main.o(i.MX_USART1_UART_Init)
    MX_USART1_UART_Init                      0x080023b9   Thumb Code    90  main.o(i.MX_USART1_UART_Init)
    i.MemManage_Handler                      0x0800241c   Section        0  stm32g4xx_it.o(i.MemManage_Handler)
    i.NMI_Handler                            0x0800241e   Section        0  stm32g4xx_it.o(i.NMI_Handler)
    i.RTOS_Thread_Init                       0x08002420   Section        0  app_freertos.o(i.RTOS_Thread_Init)
    i.Ringbuf_init                           0x08002450   Section        0  uartringbuffer.o(i.Ringbuf_init)
    i.StartDefaultTask                       0x08002480   Section        0  app_freertos.o(i.StartDefaultTask)
    i.StartTask02                            0x080024c8   Section        0  app_freertos.o(i.StartTask02)
    i.SysTick_Handler                        0x080024ea   Section        0  stm32g4xx_it.o(i.SysTick_Handler)
    i.SystemClock_Config                     0x08002502   Section        0  main.o(i.SystemClock_Config)
    i.SystemInit                             0x0800256c   Section        0  system_stm32g4xx.o(i.SystemInit)
    i.UARTEx_SetNbDataToProcess              0x0800257c   Section        0  stm32g4xx_hal_uart_ex.o(i.UARTEx_SetNbDataToProcess)
    UARTEx_SetNbDataToProcess                0x0800257d   Thumb Code    62  stm32g4xx_hal_uart_ex.o(i.UARTEx_SetNbDataToProcess)
    i.UART_AdvFeatureConfig                  0x080025c0   Section        0  stm32g4xx_hal_uart.o(i.UART_AdvFeatureConfig)
    i.UART_CheckIdleState                    0x08002688   Section        0  stm32g4xx_hal_uart.o(i.UART_CheckIdleState)
    i.UART_Send_Data                         0x080026e8   Section        0  flash.o(i.UART_Send_Data)
    i.UART_SetConfig                         0x08002834   Section        0  stm32g4xx_hal_uart.o(i.UART_SetConfig)
    i.UART_WaitOnFlagUntilTimeout            0x08002acc   Section        0  stm32g4xx_hal_uart.o(i.UART_WaitOnFlagUntilTimeout)
    i.USART1_IRQHandler                      0x08002b94   Section        0  stm32g4xx_it.o(i.USART1_IRQHandler)
    i.Uart_isr                               0x08002ba0   Section        0  uartringbuffer.o(i.Uart_isr)
    i.Uart_read                              0x08002bfc   Section        0  uartringbuffer.o(i.Uart_read)
    i.Uart_sendstring                        0x08002c24   Section        0  uartringbuffer.o(i.Uart_sendstring)
    i.Uart_write                             0x08002c38   Section        0  uartringbuffer.o(i.Uart_write)
    i.UsageFault_Handler                     0x08002c6c   Section        0  stm32g4xx_it.o(i.UsageFault_Handler)
    i.__NVIC_SetPriority                     0x08002c6e   Section        0  stm32g4xx_hal_cortex.o(i.__NVIC_SetPriority)
    __NVIC_SetPriority                       0x08002c6f   Thumb Code    32  stm32g4xx_hal_cortex.o(i.__NVIC_SetPriority)
    i.main                                   0x08002c90   Section        0  main.o(i.main)
    i.osDelay                                0x08002d1c   Section        0  cmsis_os2.o(i.osDelay)
    i.osKernelInitialize                     0x08002d38   Section        0  cmsis_os2.o(i.osKernelInitialize)
    i.osKernelStart                          0x08002d5c   Section        0  cmsis_os2.o(i.osKernelStart)
    i.osThreadNew                            0x08002d94   Section        0  cmsis_os2.o(i.osThreadNew)
    i.prvAddCurrentTaskToDelayedList         0x08002e20   Section        0  tasks.o(i.prvAddCurrentTaskToDelayedList)
    prvAddCurrentTaskToDelayedList           0x08002e21   Thumb Code    84  tasks.o(i.prvAddCurrentTaskToDelayedList)
    i.prvAddNewTaskToReadyList               0x08002e7c   Section        0  tasks.o(i.prvAddNewTaskToReadyList)
    prvAddNewTaskToReadyList                 0x08002e7d   Thumb Code   190  tasks.o(i.prvAddNewTaskToReadyList)
    i.prvCheckForValidListAndQueue           0x08002f4c   Section        0  timers.o(i.prvCheckForValidListAndQueue)
    prvCheckForValidListAndQueue             0x08002f4d   Thumb Code    72  timers.o(i.prvCheckForValidListAndQueue)
    i.prvCopyDataFromQueue                   0x08002fa4   Section        0  queue.o(i.prvCopyDataFromQueue)
    prvCopyDataFromQueue                     0x08002fa5   Thumb Code    38  queue.o(i.prvCopyDataFromQueue)
    i.prvCopyDataToQueue                     0x08002fca   Section        0  queue.o(i.prvCopyDataToQueue)
    prvCopyDataToQueue                       0x08002fcb   Thumb Code   108  queue.o(i.prvCopyDataToQueue)
    i.prvDeleteTCB                           0x08003036   Section        0  tasks.o(i.prvDeleteTCB)
    prvDeleteTCB                             0x08003037   Thumb Code    52  tasks.o(i.prvDeleteTCB)
    i.prvHeapInit                            0x0800306c   Section        0  heap_4.o(i.prvHeapInit)
    prvHeapInit                              0x0800306d   Thumb Code    66  heap_4.o(i.prvHeapInit)
    i.prvIdleTask                            0x080030b8   Section        0  tasks.o(i.prvIdleTask)
    prvIdleTask                              0x080030b9   Thumb Code    82  tasks.o(i.prvIdleTask)
    i.prvInitialiseNewQueue                  0x08003118   Section        0  queue.o(i.prvInitialiseNewQueue)
    prvInitialiseNewQueue                    0x08003119   Thumb Code    34  queue.o(i.prvInitialiseNewQueue)
    i.prvInitialiseNewTask                   0x0800313c   Section        0  tasks.o(i.prvInitialiseNewTask)
    prvInitialiseNewTask                     0x0800313d   Thumb Code   176  tasks.o(i.prvInitialiseNewTask)
    i.prvInsertBlockIntoFreeList             0x080031ec   Section        0  heap_4.o(i.prvInsertBlockIntoFreeList)
    prvInsertBlockIntoFreeList               0x080031ed   Thumb Code    72  heap_4.o(i.prvInsertBlockIntoFreeList)
    i.prvInsertTimerInActiveList             0x08003238   Section        0  timers.o(i.prvInsertTimerInActiveList)
    prvInsertTimerInActiveList               0x08003239   Thumb Code    52  timers.o(i.prvInsertTimerInActiveList)
    i.prvIsQueueEmpty                        0x08003270   Section        0  queue.o(i.prvIsQueueEmpty)
    prvIsQueueEmpty                          0x08003271   Thumb Code    28  queue.o(i.prvIsQueueEmpty)
    i.prvProcessReceivedCommands             0x0800328c   Section        0  timers.o(i.prvProcessReceivedCommands)
    prvProcessReceivedCommands               0x0800328d   Thumb Code   248  timers.o(i.prvProcessReceivedCommands)
    i.prvProcessTimerOrBlockTask             0x08003388   Section        0  timers.o(i.prvProcessTimerOrBlockTask)
    prvProcessTimerOrBlockTask               0x08003389   Thumb Code   182  timers.o(i.prvProcessTimerOrBlockTask)
    i.prvResetNextTaskUnblockTime            0x08003448   Section        0  tasks.o(i.prvResetNextTaskUnblockTime)
    prvResetNextTaskUnblockTime              0x08003449   Thumb Code    26  tasks.o(i.prvResetNextTaskUnblockTime)
    i.prvSampleTimeNow                       0x08003468   Section        0  timers.o(i.prvSampleTimeNow)
    prvSampleTimeNow                         0x08003469   Thumb Code    36  timers.o(i.prvSampleTimeNow)
    i.prvSwitchTimerLists                    0x08003490   Section        0  timers.o(i.prvSwitchTimerLists)
    prvSwitchTimerLists                      0x08003491   Thumb Code   104  timers.o(i.prvSwitchTimerLists)
    i.prvTaskExitError                       0x080034fc   Section        0  port.o(i.prvTaskExitError)
    prvTaskExitError                         0x080034fd   Thumb Code    36  port.o(i.prvTaskExitError)
    i.prvTimerTask                           0x08003524   Section        0  timers.o(i.prvTimerTask)
    prvTimerTask                             0x08003525   Thumb Code    32  timers.o(i.prvTimerTask)
    i.prvUnlockQueue                         0x08003548   Section        0  queue.o(i.prvUnlockQueue)
    prvUnlockQueue                           0x08003549   Thumb Code   106  queue.o(i.prvUnlockQueue)
    i.pvPortMalloc                           0x080035b4   Section        0  heap_4.o(i.pvPortMalloc)
    i.pxPortInitialiseStack                  0x08003690   Section        0  port.o(i.pxPortInitialiseStack)
    i.store_char                             0x080036bc   Section        0  uartringbuffer.o(i.store_char)
    i.uxListRemove                           0x080036d2   Section        0  list.o(i.uxListRemove)
    i.vApplicationGetIdleTaskMemory          0x080036f8   Section        0  cmsis_os2.o(i.vApplicationGetIdleTaskMemory)
    i.vApplicationGetTimerTaskMemory         0x0800370c   Section        0  cmsis_os2.o(i.vApplicationGetTimerTaskMemory)
    i.vListInitialise                        0x08003724   Section        0  list.o(i.vListInitialise)
    i.vListInitialiseItem                    0x0800373a   Section        0  list.o(i.vListInitialiseItem)
    i.vListInsert                            0x08003740   Section        0  list.o(i.vListInsert)
    i.vListInsertEnd                         0x08003770   Section        0  list.o(i.vListInsertEnd)
    i.vPortEnterCritical                     0x08003788   Section        0  port.o(i.vPortEnterCritical)
    i.vPortExitCritical                      0x080037c8   Section        0  port.o(i.vPortExitCritical)
    i.vPortFree                              0x080037f0   Section        0  heap_4.o(i.vPortFree)
    i.vPortSetupTimerInterrupt               0x08003854   Section        0  port.o(i.vPortSetupTimerInterrupt)
    i.vPortValidateInterruptPriority         0x08003878   Section        0  port.o(i.vPortValidateInterruptPriority)
    i.vQueueAddToRegistry                    0x080038cc   Section        0  queue.o(i.vQueueAddToRegistry)
    i.vQueueWaitForMessageRestricted         0x080038f4   Section        0  queue.o(i.vQueueWaitForMessageRestricted)
    i.vTaskDelay                             0x08003938   Section        0  tasks.o(i.vTaskDelay)
    i.vTaskInternalSetTimeOutState           0x08003984   Section        0  tasks.o(i.vTaskInternalSetTimeOutState)
    i.vTaskMissedYield                       0x08003994   Section        0  tasks.o(i.vTaskMissedYield)
    i.vTaskPlaceOnEventList                  0x080039a0   Section        0  tasks.o(i.vTaskPlaceOnEventList)
    i.vTaskPlaceOnEventListRestricted        0x080039d0   Section        0  tasks.o(i.vTaskPlaceOnEventListRestricted)
    i.vTaskStartScheduler                    0x08003a08   Section        0  tasks.o(i.vTaskStartScheduler)
    i.vTaskSuspendAll                        0x08003a90   Section        0  tasks.o(i.vTaskSuspendAll)
    i.vTaskSwitchContext                     0x08003aa0   Section        0  tasks.o(i.vTaskSwitchContext)
    i.xPortStartScheduler                    0x08003b04   Section        0  port.o(i.xPortStartScheduler)
    i.xPortSysTickHandler                    0x08003bf8   Section        0  port.o(i.xPortSysTickHandler)
    i.xQueueGenericCreateStatic              0x08003c24   Section        0  queue.o(i.xQueueGenericCreateStatic)
    i.xQueueGenericReset                     0x08003c8c   Section        0  queue.o(i.xQueueGenericReset)
    i.xQueueGenericSend                      0x08003d14   Section        0  queue.o(i.xQueueGenericSend)
    i.xQueueGenericSendFromISR               0x08003e74   Section        0  queue.o(i.xQueueGenericSendFromISR)
    i.xQueueReceive                          0x08003f34   Section        0  queue.o(i.xQueueReceive)
    i.xTaskCheckForTimeOut                   0x0800406c   Section        0  tasks.o(i.xTaskCheckForTimeOut)
    i.xTaskCreate                            0x080040e0   Section        0  tasks.o(i.xTaskCreate)
    i.xTaskCreateStatic                      0x0800413a   Section        0  tasks.o(i.xTaskCreateStatic)
    i.xTaskGetSchedulerState                 0x08004190   Section        0  tasks.o(i.xTaskGetSchedulerState)
    i.xTaskGetTickCount                      0x080041ac   Section        0  tasks.o(i.xTaskGetTickCount)
    i.xTaskIncrementTick                     0x080041b8   Section        0  tasks.o(i.xTaskIncrementTick)
    i.xTaskPriorityDisinherit                0x08004280   Section        0  tasks.o(i.xTaskPriorityDisinherit)
    i.xTaskRemoveFromEventList               0x08004300   Section        0  tasks.o(i.xTaskRemoveFromEventList)
    i.xTaskResumeAll                         0x08004370   Section        0  tasks.o(i.xTaskResumeAll)
    i.xTimerCreateTimerTask                  0x08004434   Section        0  timers.o(i.xTimerCreateTimerTask)
    i.xTimerGenericCommand                   0x08004494   Section        0  timers.o(i.xTimerGenericCommand)
    x$fpl$fpinit                             0x080044fc   Section       10  fpinit.o(x$fpl$fpinit)
    $v0                                      0x080044fc   Number         0  fpinit.o(x$fpl$fpinit)
    .constdata                               0x08004508   Section       72  app_freertos.o(.constdata)
    .constdata                               0x08004550   Section       24  stm32g4xx_hal_uart.o(.constdata)
    .constdata                               0x08004568   Section       16  stm32g4xx_hal_uart_ex.o(.constdata)
    numerator                                0x08004568   Data           8  stm32g4xx_hal_uart_ex.o(.constdata)
    denominator                              0x08004570   Data           8  stm32g4xx_hal_uart_ex.o(.constdata)
    .constdata                               0x08004578   Section       16  system_stm32g4xx.o(.constdata)
    .constdata                               0x08004588   Section        8  system_stm32g4xx.o(.constdata)
    .conststring                             0x08004590   Section       21  app_freertos.o(.conststring)
    .data                                    0x20000000   Section        8  uartringbuffer.o(.data)
    .data                                    0x20000008   Section       32  flash.o(.data)
    .data                                    0x20000028   Section        8  app_freertos.o(.data)
    .data                                    0x20000030   Section       12  stm32g4xx_hal.o(.data)
    .data                                    0x2000003c   Section       32  stm32g4xx_hal_flash.o(.data)
    .data                                    0x2000005c   Section        4  system_stm32g4xx.o(.data)
    .data                                    0x20000060   Section       60  tasks.o(.data)
    uxDeletedTasksWaitingCleanUp             0x20000064   Data           4  tasks.o(.data)
    uxCurrentNumberOfTasks                   0x20000068   Data           4  tasks.o(.data)
    xTickCount                               0x2000006c   Data           4  tasks.o(.data)
    uxTopReadyPriority                       0x20000070   Data           4  tasks.o(.data)
    xSchedulerRunning                        0x20000074   Data           4  tasks.o(.data)
    xPendedTicks                             0x20000078   Data           4  tasks.o(.data)
    xYieldPending                            0x2000007c   Data           4  tasks.o(.data)
    xNumOfOverflows                          0x20000080   Data           4  tasks.o(.data)
    uxTaskNumber                             0x20000084   Data           4  tasks.o(.data)
    xNextTaskUnblockTime                     0x20000088   Data           4  tasks.o(.data)
    xIdleTaskHandle                          0x2000008c   Data           4  tasks.o(.data)
    uxSchedulerSuspended                     0x20000090   Data           4  tasks.o(.data)
    pxDelayedTaskList                        0x20000094   Data           4  tasks.o(.data)
    pxOverflowDelayedTaskList                0x20000098   Data           4  tasks.o(.data)
    .data                                    0x2000009c   Section       20  timers.o(.data)
    xTimerQueue                              0x2000009c   Data           4  timers.o(.data)
    xTimerTaskHandle                         0x200000a0   Data           4  timers.o(.data)
    xLastTime                                0x200000a4   Data           4  timers.o(.data)
    pxCurrentTimerList                       0x200000a8   Data           4  timers.o(.data)
    pxOverflowTimerList                      0x200000ac   Data           4  timers.o(.data)
    .data                                    0x200000b0   Section        4  cmsis_os2.o(.data)
    KernelState                              0x200000b0   Data           4  cmsis_os2.o(.data)
    .data                                    0x200000b4   Section       32  heap_4.o(.data)
    pxEnd                                    0x200000b4   Data           4  heap_4.o(.data)
    xFreeBytesRemaining                      0x200000b8   Data           4  heap_4.o(.data)
    xMinimumEverFreeBytesRemaining           0x200000bc   Data           4  heap_4.o(.data)
    xNumberOfSuccessfulAllocations           0x200000c0   Data           4  heap_4.o(.data)
    xNumberOfSuccessfulFrees                 0x200000c4   Data           4  heap_4.o(.data)
    xBlockAllocatedBit                       0x200000c8   Data           4  heap_4.o(.data)
    xStart                                   0x200000cc   Data           8  heap_4.o(.data)
    .data                                    0x200000d4   Section       12  port.o(.data)
    ucMaxSysCallPriority                     0x200000d4   Data           1  port.o(.data)
    uxCriticalNesting                        0x200000d8   Data           4  port.o(.data)
    ulMaxPRIGROUPValue                       0x200000dc   Data           4  port.o(.data)
    .bss                                     0x200000e0   Section      144  uartringbuffer.o(.bss)
    .bss                                     0x20000170   Section       16  flash.o(.bss)
    EraseInitStruct                          0x20000170   Data          16  flash.o(.bss)
    .bss                                     0x20000180   Section      396  main.o(.bss)
    .bss                                     0x2000030c   Section       64  queue.o(.bss)
    .bss                                     0x2000034c   Section     1220  tasks.o(.bss)
    pxReadyTasksLists                        0x2000034c   Data        1120  tasks.o(.bss)
    xDelayedTaskList1                        0x200007ac   Data          20  tasks.o(.bss)
    xDelayedTaskList2                        0x200007c0   Data          20  tasks.o(.bss)
    xPendingReadyList                        0x200007d4   Data          20  tasks.o(.bss)
    xTasksWaitingTermination                 0x200007e8   Data          20  tasks.o(.bss)
    xSuspendedTaskList                       0x200007fc   Data          20  tasks.o(.bss)
    .bss                                     0x20000810   Section      280  timers.o(.bss)
    xStaticTimerQueue                        0x20000810   Data          80  timers.o(.bss)
    ucStaticTimerQueueStorage                0x20000860   Data         160  timers.o(.bss)
    xActiveTimerList1                        0x20000900   Data          20  timers.o(.bss)
    xActiveTimerList2                        0x20000914   Data          20  timers.o(.bss)
    .bss                                     0x20000928   Section     1720  cmsis_os2.o(.bss)
    Idle_TCB                                 0x20000928   Data          92  cmsis_os2.o(.bss)
    Idle_Stack                               0x20000984   Data         512  cmsis_os2.o(.bss)
    Timer_TCB                                0x20000b84   Data          92  cmsis_os2.o(.bss)
    Timer_Stack                              0x20000be0   Data        1024  cmsis_os2.o(.bss)
    .bss                                     0x20000fe0   Section     3072  heap_4.o(.bss)
    ucHeap                                   0x20000fe0   Data        3072  heap_4.o(.bss)
    .bss                                     0x20001be0   Section       96  libspace.o(.bss)
    HEAP                                     0x20001c40   Section      512  startup_stm32g474xx.o(HEAP)
    Heap_Mem                                 0x20001c40   Data         512  startup_stm32g474xx.o(HEAP)
    STACK                                    0x20001e40   Section     1024  startup_stm32g474xx.o(STACK)
    Stack_Mem                                0x20001e40   Data        1024  startup_stm32g474xx.o(STACK)
    __initial_sp                             0x20002240   Data           0  startup_stm32g474xx.o(STACK)

    Global Symbols

    Symbol Name                              Value     Ov Type        Size  Object(Section)

    BuildAttributes$$THM_ISAv4$E$P$D$K$B$S$7EM$VFPi3$EXTD16$VFPS$VFMA$PE$A:L22UL41UL21$X:L11$S22US41US21$IEEE1$IW$USESV6$~STKCKD$USESV7$~SHL$OSPACE$ROPI$EBA8$UX$STANDARDLIB$REQ8$PRES8$EABIv2 0x00000000   Number         0  anon$$obj.o ABSOLUTE
    __ARM_use_no_argv                        0x00000000   Number         0  main.o ABSOLUTE
    __ARM_exceptions_init                     - Undefined Weak Reference
    __alloca_initialize                       - Undefined Weak Reference
    __arm_fini_                               - Undefined Weak Reference
    __arm_preinit_                            - Undefined Weak Reference
    __cpp_initialize__aeabi_                  - Undefined Weak Reference
    __cxa_finalize                            - Undefined Weak Reference
    __rt_locale                               - Undefined Weak Reference
    __sigvec_lookup                           - Undefined Weak Reference
    _atexit_init                              - Undefined Weak Reference
    _call_atexit_fns                          - Undefined Weak Reference
    _clock_init                               - Undefined Weak Reference
    _fp_trap_init                             - Undefined Weak Reference
    _fp_trap_shutdown                         - Undefined Weak Reference
    _get_lc_collate                           - Undefined Weak Reference
    _get_lc_ctype                             - Undefined Weak Reference
    _get_lc_monetary                          - Undefined Weak Reference
    _get_lc_numeric                           - Undefined Weak Reference
    _get_lc_time                              - Undefined Weak Reference
    _getenv_init                              - Undefined Weak Reference
    _handle_redirection                       - Undefined Weak Reference
    _init_alloc                               - Undefined Weak Reference
    _init_user_alloc                          - Undefined Weak Reference
    _initio                                   - Undefined Weak Reference
    _rand_init                                - Undefined Weak Reference
    _signal_finish                            - Undefined Weak Reference
    _signal_init                              - Undefined Weak Reference
    _terminate_alloc                          - Undefined Weak Reference
    _terminate_user_alloc                     - Undefined Weak Reference
    _terminateio                              - Undefined Weak Reference
    __Vectors_Size                           0x000001d8   Number         0  startup_stm32g474xx.o ABSOLUTE
    __Vectors                                0x08000000   Data           4  startup_stm32g474xx.o(RESET)
    __Vectors_End                            0x080001d8   Data           0  startup_stm32g474xx.o(RESET)
    __main                                   0x080001d9   Thumb Code     8  __main.o(!!!main)
    __scatterload                            0x080001e1   Thumb Code     0  __scatter.o(!!!scatter)
    __scatterload_rt2                        0x080001e1   Thumb Code    44  __scatter.o(!!!scatter)
    __scatterload_rt2_thumb_only             0x080001e1   Thumb Code     0  __scatter.o(!!!scatter)
    __scatterload_null                       0x080001ef   Thumb Code     0  __scatter.o(!!!scatter)
    __scatterload_copy                       0x08000215   Thumb Code    26  __scatter_copy.o(!!handler_copy)
    __scatterload_zeroinit                   0x08000231   Thumb Code    28  __scatter_zi.o(!!handler_zi)
    __rt_lib_init                            0x0800024d   Thumb Code     0  libinit.o(.ARM.Collect$$libinit$$00000000)
    __rt_lib_init_fp_1                       0x0800024f   Thumb Code     0  libinit2.o(.ARM.Collect$$libinit$$00000001)
    __rt_lib_init_alloca_1                   0x08000253   Thumb Code     0  libinit2.o(.ARM.Collect$$libinit$$0000002E)
    __rt_lib_init_argv_1                     0x08000253   Thumb Code     0  libinit2.o(.ARM.Collect$$libinit$$0000002C)
    __rt_lib_init_atexit_1                   0x08000253   Thumb Code     0  libinit2.o(.ARM.Collect$$libinit$$0000001B)
    __rt_lib_init_clock_1                    0x08000253   Thumb Code     0  libinit2.o(.ARM.Collect$$libinit$$00000021)
    __rt_lib_init_cpp_1                      0x08000253   Thumb Code     0  libinit2.o(.ARM.Collect$$libinit$$00000032)
    __rt_lib_init_exceptions_1               0x08000253   Thumb Code     0  libinit2.o(.ARM.Collect$$libinit$$00000030)
    __rt_lib_init_fp_trap_1                  0x08000253   Thumb Code     0  libinit2.o(.ARM.Collect$$libinit$$0000001F)
    __rt_lib_init_getenv_1                   0x08000253   Thumb Code     0  libinit2.o(.ARM.Collect$$libinit$$00000023)
    __rt_lib_init_heap_1                     0x08000253   Thumb Code     0  libinit2.o(.ARM.Collect$$libinit$$0000000A)
    __rt_lib_init_lc_collate_1               0x08000253   Thumb Code     0  libinit2.o(.ARM.Collect$$libinit$$00000011)
    __rt_lib_init_lc_ctype_1                 0x08000253   Thumb Code     0  libinit2.o(.ARM.Collect$$libinit$$00000013)
    __rt_lib_init_lc_monetary_1              0x08000253   Thumb Code     0  libinit2.o(.ARM.Collect$$libinit$$00000015)
    __rt_lib_init_lc_numeric_1               0x08000253   Thumb Code     0  libinit2.o(.ARM.Collect$$libinit$$00000017)
    __rt_lib_init_lc_time_1                  0x08000253   Thumb Code     0  libinit2.o(.ARM.Collect$$libinit$$00000019)
    __rt_lib_init_preinit_1                  0x08000253   Thumb Code     0  libinit2.o(.ARM.Collect$$libinit$$00000004)
    __rt_lib_init_rand_1                     0x08000253   Thumb Code     0  libinit2.o(.ARM.Collect$$libinit$$0000000E)
    __rt_lib_init_return                     0x08000253   Thumb Code     0  libinit2.o(.ARM.Collect$$libinit$$00000033)
    __rt_lib_init_signal_1                   0x08000253   Thumb Code     0  libinit2.o(.ARM.Collect$$libinit$$0000001D)
    __rt_lib_init_stdio_1                    0x08000253   Thumb Code     0  libinit2.o(.ARM.Collect$$libinit$$00000025)
    __rt_lib_init_user_alloc_1               0x08000253   Thumb Code     0  libinit2.o(.ARM.Collect$$libinit$$0000000C)
    __rt_lib_shutdown                        0x08000255   Thumb Code     0  libshutdown.o(.ARM.Collect$$libshutdown$$00000000)
    __rt_lib_shutdown_cpp_1                  0x08000257   Thumb Code     0  libshutdown2.o(.ARM.Collect$$libshutdown$$00000004)
    __rt_lib_shutdown_fini_1                 0x08000257   Thumb Code     0  libshutdown2.o(.ARM.Collect$$libshutdown$$00000002)
    __rt_lib_shutdown_fp_trap_1              0x08000257   Thumb Code     0  libshutdown2.o(.ARM.Collect$$libshutdown$$00000009)
    __rt_lib_shutdown_heap_1                 0x08000257   Thumb Code     0  libshutdown2.o(.ARM.Collect$$libshutdown$$00000011)
    __rt_lib_shutdown_return                 0x08000257   Thumb Code     0  libshutdown2.o(.ARM.Collect$$libshutdown$$00000012)
    __rt_lib_shutdown_signal_1               0x08000257   Thumb Code     0  libshutdown2.o(.ARM.Collect$$libshutdown$$0000000C)
    __rt_lib_shutdown_stdio_1                0x08000257   Thumb Code     0  libshutdown2.o(.ARM.Collect$$libshutdown$$00000006)
    __rt_lib_shutdown_user_alloc_1           0x08000257   Thumb Code     0  libshutdown2.o(.ARM.Collect$$libshutdown$$0000000E)
    __rt_entry                               0x08000259   Thumb Code     0  __rtentry.o(.ARM.Collect$$rtentry$$00000000)
    __rt_entry_presh_1                       0x08000259   Thumb Code     0  __rtentry2.o(.ARM.Collect$$rtentry$$00000002)
    __rt_entry_sh                            0x08000259   Thumb Code     0  __rtentry4.o(.ARM.Collect$$rtentry$$00000004)
    __rt_entry_li                            0x0800025f   Thumb Code     0  __rtentry2.o(.ARM.Collect$$rtentry$$0000000A)
    __rt_entry_postsh_1                      0x0800025f   Thumb Code     0  __rtentry2.o(.ARM.Collect$$rtentry$$00000009)
    __rt_entry_main                          0x08000263   Thumb Code     0  __rtentry2.o(.ARM.Collect$$rtentry$$0000000D)
    __rt_entry_postli_1                      0x08000263   Thumb Code     0  __rtentry2.o(.ARM.Collect$$rtentry$$0000000C)
    __rt_exit                                0x0800026b   Thumb Code     0  rtexit.o(.ARM.Collect$$rtexit$$00000000)
    __rt_exit_ls                             0x0800026d   Thumb Code     0  rtexit2.o(.ARM.Collect$$rtexit$$00000003)
    __rt_exit_prels_1                        0x0800026d   Thumb Code     0  rtexit2.o(.ARM.Collect$$rtexit$$00000002)
    __rt_exit_exit                           0x08000271   Thumb Code     0  rtexit2.o(.ARM.Collect$$rtexit$$00000004)
    SVC_Handler                              0x08000279   Thumb Code    28  port.o(.emb_text)
    __asm___6_port_c_39a90d8d__prvStartFirstTask 0x08000299   Thumb Code    36  port.o(.emb_text)
    __asm___6_port_c_39a90d8d__prvEnableVFP  0x080002c1   Thumb Code    16  port.o(.emb_text)
    PendSV_Handler                           0x080002d5   Thumb Code    88  port.o(.emb_text)
    vPortGetIPSR                             0x08000331   Thumb Code     6  port.o(.emb_text)
    Reset_Handler                            0x08000339   Thumb Code     8  startup_stm32g474xx.o(.text)
    ADC1_2_IRQHandler                        0x08000353   Thumb Code     0  startup_stm32g474xx.o(.text)
    ADC3_IRQHandler                          0x08000353   Thumb Code     0  startup_stm32g474xx.o(.text)
    ADC4_IRQHandler                          0x08000353   Thumb Code     0  startup_stm32g474xx.o(.text)
    ADC5_IRQHandler                          0x08000353   Thumb Code     0  startup_stm32g474xx.o(.text)
    COMP1_2_3_IRQHandler                     0x08000353   Thumb Code     0  startup_stm32g474xx.o(.text)
    COMP4_5_6_IRQHandler                     0x08000353   Thumb Code     0  startup_stm32g474xx.o(.text)
    COMP7_IRQHandler                         0x08000353   Thumb Code     0  startup_stm32g474xx.o(.text)
    CORDIC_IRQHandler                        0x08000353   Thumb Code     0  startup_stm32g474xx.o(.text)
    CRS_IRQHandler                           0x08000353   Thumb Code     0  startup_stm32g474xx.o(.text)
    DMA1_Channel1_IRQHandler                 0x08000353   Thumb Code     0  startup_stm32g474xx.o(.text)
    DMA1_Channel2_IRQHandler                 0x08000353   Thumb Code     0  startup_stm32g474xx.o(.text)
    DMA1_Channel3_IRQHandler                 0x08000353   Thumb Code     0  startup_stm32g474xx.o(.text)
    DMA1_Channel4_IRQHandler                 0x08000353   Thumb Code     0  startup_stm32g474xx.o(.text)
    DMA1_Channel5_IRQHandler                 0x08000353   Thumb Code     0  startup_stm32g474xx.o(.text)
    DMA1_Channel6_IRQHandler                 0x08000353   Thumb Code     0  startup_stm32g474xx.o(.text)
    DMA1_Channel7_IRQHandler                 0x08000353   Thumb Code     0  startup_stm32g474xx.o(.text)
    DMA1_Channel8_IRQHandler                 0x08000353   Thumb Code     0  startup_stm32g474xx.o(.text)
    DMA2_Channel1_IRQHandler                 0x08000353   Thumb Code     0  startup_stm32g474xx.o(.text)
    DMA2_Channel2_IRQHandler                 0x08000353   Thumb Code     0  startup_stm32g474xx.o(.text)
    DMA2_Channel3_IRQHandler                 0x08000353   Thumb Code     0  startup_stm32g474xx.o(.text)
    DMA2_Channel4_IRQHandler                 0x08000353   Thumb Code     0  startup_stm32g474xx.o(.text)
    DMA2_Channel5_IRQHandler                 0x08000353   Thumb Code     0  startup_stm32g474xx.o(.text)
    DMA2_Channel6_IRQHandler                 0x08000353   Thumb Code     0  startup_stm32g474xx.o(.text)
    DMA2_Channel7_IRQHandler                 0x08000353   Thumb Code     0  startup_stm32g474xx.o(.text)
    DMA2_Channel8_IRQHandler                 0x08000353   Thumb Code     0  startup_stm32g474xx.o(.text)
    DMAMUX_OVR_IRQHandler                    0x08000353   Thumb Code     0  startup_stm32g474xx.o(.text)
    EXTI0_IRQHandler                         0x08000353   Thumb Code     0  startup_stm32g474xx.o(.text)
    EXTI15_10_IRQHandler                     0x08000353   Thumb Code     0  startup_stm32g474xx.o(.text)
    EXTI1_IRQHandler                         0x08000353   Thumb Code     0  startup_stm32g474xx.o(.text)
    EXTI2_IRQHandler                         0x08000353   Thumb Code     0  startup_stm32g474xx.o(.text)
    EXTI3_IRQHandler                         0x08000353   Thumb Code     0  startup_stm32g474xx.o(.text)
    EXTI4_IRQHandler                         0x08000353   Thumb Code     0  startup_stm32g474xx.o(.text)
    EXTI9_5_IRQHandler                       0x08000353   Thumb Code     0  startup_stm32g474xx.o(.text)
    FDCAN1_IT0_IRQHandler                    0x08000353   Thumb Code     0  startup_stm32g474xx.o(.text)
    FDCAN1_IT1_IRQHandler                    0x08000353   Thumb Code     0  startup_stm32g474xx.o(.text)
    FDCAN2_IT0_IRQHandler                    0x08000353   Thumb Code     0  startup_stm32g474xx.o(.text)
    FDCAN2_IT1_IRQHandler                    0x08000353   Thumb Code     0  startup_stm32g474xx.o(.text)
    FDCAN3_IT0_IRQHandler                    0x08000353   Thumb Code     0  startup_stm32g474xx.o(.text)
    FDCAN3_IT1_IRQHandler                    0x08000353   Thumb Code     0  startup_stm32g474xx.o(.text)
    FLASH_IRQHandler                         0x08000353   Thumb Code     0  startup_stm32g474xx.o(.text)
    FMAC_IRQHandler                          0x08000353   Thumb Code     0  startup_stm32g474xx.o(.text)
    FMC_IRQHandler                           0x08000353   Thumb Code     0  startup_stm32g474xx.o(.text)
    FPU_IRQHandler                           0x08000353   Thumb Code     0  startup_stm32g474xx.o(.text)
    HRTIM1_FLT_IRQHandler                    0x08000353   Thumb Code     0  startup_stm32g474xx.o(.text)
    HRTIM1_Master_IRQHandler                 0x08000353   Thumb Code     0  startup_stm32g474xx.o(.text)
    HRTIM1_TIMA_IRQHandler                   0x08000353   Thumb Code     0  startup_stm32g474xx.o(.text)
    HRTIM1_TIMB_IRQHandler                   0x08000353   Thumb Code     0  startup_stm32g474xx.o(.text)
    HRTIM1_TIMC_IRQHandler                   0x08000353   Thumb Code     0  startup_stm32g474xx.o(.text)
    HRTIM1_TIMD_IRQHandler                   0x08000353   Thumb Code     0  startup_stm32g474xx.o(.text)
    HRTIM1_TIME_IRQHandler                   0x08000353   Thumb Code     0  startup_stm32g474xx.o(.text)
    HRTIM1_TIMF_IRQHandler                   0x08000353   Thumb Code     0  startup_stm32g474xx.o(.text)
    I2C1_ER_IRQHandler                       0x08000353   Thumb Code     0  startup_stm32g474xx.o(.text)
    I2C1_EV_IRQHandler                       0x08000353   Thumb Code     0  startup_stm32g474xx.o(.text)
    I2C2_ER_IRQHandler                       0x08000353   Thumb Code     0  startup_stm32g474xx.o(.text)
    I2C2_EV_IRQHandler                       0x08000353   Thumb Code     0  startup_stm32g474xx.o(.text)
    I2C3_ER_IRQHandler                       0x08000353   Thumb Code     0  startup_stm32g474xx.o(.text)
    I2C3_EV_IRQHandler                       0x08000353   Thumb Code     0  startup_stm32g474xx.o(.text)
    I2C4_ER_IRQHandler                       0x08000353   Thumb Code     0  startup_stm32g474xx.o(.text)
    I2C4_EV_IRQHandler                       0x08000353   Thumb Code     0  startup_stm32g474xx.o(.text)
    LPTIM1_IRQHandler                        0x08000353   Thumb Code     0  startup_stm32g474xx.o(.text)
    LPUART1_IRQHandler                       0x08000353   Thumb Code     0  startup_stm32g474xx.o(.text)
    PVD_PVM_IRQHandler                       0x08000353   Thumb Code     0  startup_stm32g474xx.o(.text)
    QUADSPI_IRQHandler                       0x08000353   Thumb Code     0  startup_stm32g474xx.o(.text)
    RCC_IRQHandler                           0x08000353   Thumb Code     0  startup_stm32g474xx.o(.text)
    RNG_IRQHandler                           0x08000353   Thumb Code     0  startup_stm32g474xx.o(.text)
    RTC_Alarm_IRQHandler                     0x08000353   Thumb Code     0  startup_stm32g474xx.o(.text)
    RTC_TAMP_LSECSS_IRQHandler               0x08000353   Thumb Code     0  startup_stm32g474xx.o(.text)
    RTC_WKUP_IRQHandler                      0x08000353   Thumb Code     0  startup_stm32g474xx.o(.text)
    SAI1_IRQHandler                          0x08000353   Thumb Code     0  startup_stm32g474xx.o(.text)
    SPI1_IRQHandler                          0x08000353   Thumb Code     0  startup_stm32g474xx.o(.text)
    SPI2_IRQHandler                          0x08000353   Thumb Code     0  startup_stm32g474xx.o(.text)
    SPI3_IRQHandler                          0x08000353   Thumb Code     0  startup_stm32g474xx.o(.text)
    SPI4_IRQHandler                          0x08000353   Thumb Code     0  startup_stm32g474xx.o(.text)
    TIM1_BRK_TIM15_IRQHandler                0x08000353   Thumb Code     0  startup_stm32g474xx.o(.text)
    TIM1_CC_IRQHandler                       0x08000353   Thumb Code     0  startup_stm32g474xx.o(.text)
    TIM1_TRG_COM_TIM17_IRQHandler            0x08000353   Thumb Code     0  startup_stm32g474xx.o(.text)
    TIM1_UP_TIM16_IRQHandler                 0x08000353   Thumb Code     0  startup_stm32g474xx.o(.text)
    TIM20_BRK_IRQHandler                     0x08000353   Thumb Code     0  startup_stm32g474xx.o(.text)
    TIM20_CC_IRQHandler                      0x08000353   Thumb Code     0  startup_stm32g474xx.o(.text)
    TIM20_TRG_COM_IRQHandler                 0x08000353   Thumb Code     0  startup_stm32g474xx.o(.text)
    TIM20_UP_IRQHandler                      0x08000353   Thumb Code     0  startup_stm32g474xx.o(.text)
    TIM2_IRQHandler                          0x08000353   Thumb Code     0  startup_stm32g474xx.o(.text)
    TIM3_IRQHandler                          0x08000353   Thumb Code     0  startup_stm32g474xx.o(.text)
    TIM4_IRQHandler                          0x08000353   Thumb Code     0  startup_stm32g474xx.o(.text)
    TIM5_IRQHandler                          0x08000353   Thumb Code     0  startup_stm32g474xx.o(.text)
    TIM6_DAC_IRQHandler                      0x08000353   Thumb Code     0  startup_stm32g474xx.o(.text)
    TIM7_DAC_IRQHandler                      0x08000353   Thumb Code     0  startup_stm32g474xx.o(.text)
    TIM8_BRK_IRQHandler                      0x08000353   Thumb Code     0  startup_stm32g474xx.o(.text)
    TIM8_CC_IRQHandler                       0x08000353   Thumb Code     0  startup_stm32g474xx.o(.text)
    TIM8_TRG_COM_IRQHandler                  0x08000353   Thumb Code     0  startup_stm32g474xx.o(.text)
    TIM8_UP_IRQHandler                       0x08000353   Thumb Code     0  startup_stm32g474xx.o(.text)
    UART4_IRQHandler                         0x08000353   Thumb Code     0  startup_stm32g474xx.o(.text)
    UART5_IRQHandler                         0x08000353   Thumb Code     0  startup_stm32g474xx.o(.text)
    UCPD1_IRQHandler                         0x08000353   Thumb Code     0  startup_stm32g474xx.o(.text)
    USART2_IRQHandler                        0x08000353   Thumb Code     0  startup_stm32g474xx.o(.text)
    USART3_IRQHandler                        0x08000353   Thumb Code     0  startup_stm32g474xx.o(.text)
    USBWakeUp_IRQHandler                     0x08000353   Thumb Code     0  startup_stm32g474xx.o(.text)
    USB_HP_IRQHandler                        0x08000353   Thumb Code     0  startup_stm32g474xx.o(.text)
    USB_LP_IRQHandler                        0x08000353   Thumb Code     0  startup_stm32g474xx.o(.text)
    WWDG_IRQHandler                          0x08000353   Thumb Code     0  startup_stm32g474xx.o(.text)
    __user_initial_stackheap                 0x08000355   Thumb Code     0  startup_stm32g474xx.o(.text)
    __aeabi_uldivmod                         0x08000379   Thumb Code     0  lludivv7m.o(.text)
    _ll_udiv                                 0x08000379   Thumb Code   238  lludivv7m.o(.text)
    __aeabi_memcpy                           0x08000467   Thumb Code     0  rt_memcpy_v6.o(.text)
    __rt_memcpy                              0x08000467   Thumb Code   138  rt_memcpy_v6.o(.text)
    _memcpy_lastbytes                        0x080004cd   Thumb Code     0  rt_memcpy_v6.o(.text)
    __aeabi_memset                           0x080004f1   Thumb Code    16  aeabi_memset.o(.text)
    __aeabi_memclr4                          0x08000501   Thumb Code     0  rt_memclr_w.o(.text)
    __aeabi_memclr8                          0x08000501   Thumb Code     0  rt_memclr_w.o(.text)
    __rt_memclr_w                            0x08000501   Thumb Code    78  rt_memclr_w.o(.text)
    _memset_w                                0x08000505   Thumb Code     0  rt_memclr_w.o(.text)
    __use_two_region_memory                  0x0800054f   Thumb Code     2  heapauxi.o(.text)
    __rt_heap_escrow$2region                 0x08000551   Thumb Code     2  heapauxi.o(.text)
    __rt_heap_expand$2region                 0x08000553   Thumb Code     2  heapauxi.o(.text)
    __aeabi_memcpy4                          0x08000555   Thumb Code     0  rt_memcpy_w.o(.text)
    __aeabi_memcpy8                          0x08000555   Thumb Code     0  rt_memcpy_w.o(.text)
    __rt_memcpy_w                            0x08000555   Thumb Code   100  rt_memcpy_w.o(.text)
    _memcpy_lastbytes_aligned                0x0800059d   Thumb Code     0  rt_memcpy_w.o(.text)
    __aeabi_memclr                           0x080005b9   Thumb Code     0  rt_memclr.o(.text)
    __rt_memclr                              0x080005b9   Thumb Code    68  rt_memclr.o(.text)
    _memset                                  0x080005bd   Thumb Code     0  rt_memclr.o(.text)
    __user_setup_stackheap                   0x080005fd   Thumb Code    74  sys_stackheap_outer.o(.text)
    exit                                     0x08000647   Thumb Code    18  exit.o(.text)
    __user_libspace                          0x08000659   Thumb Code     8  libspace.o(.text)
    __user_perproc_libspace                  0x08000659   Thumb Code     0  libspace.o(.text)
    __user_perthread_libspace                0x08000659   Thumb Code     0  libspace.o(.text)
    _sys_exit                                0x08000661   Thumb Code     8  sys_exit.o(.text)
    __I$use$semihosting                      0x0800066d   Thumb Code     0  use_no_semi.o(.text)
    __use_no_semihosting_swi                 0x0800066d   Thumb Code     2  use_no_semi.o(.text)
    BusFault_Handler                         0x0800066f   Thumb Code     2  stm32g4xx_it.o(i.BusFault_Handler)
    __semihosting_library_function           0x0800066f   Thumb Code     0  indicate_semi.o(.text)
    DebugMon_Handler                         0x08000671   Thumb Code     2  stm32g4xx_it.o(i.DebugMon_Handler)
    Error_Handler                            0x08000673   Thumb Code     4  main.o(i.Error_Handler)
    FLASH_FlushCaches                        0x08000679   Thumb Code    84  stm32g4xx_hal_flash_ex.o(i.FLASH_FlushCaches)
    FLASH_PageErase                          0x0800070d   Thumb Code    60  stm32g4xx_hal_flash_ex.o(i.FLASH_PageErase)
    FLASH_WaitForLastOperation               0x08000795   Thumb Code    86  stm32g4xx_hal_flash.o(i.FLASH_WaitForLastOperation)
    HAL_FLASHEx_Erase                        0x08000839   Thumb Code   210  stm32g4xx_hal_flash_ex.o(i.HAL_FLASHEx_Erase)
    HAL_FLASH_Lock                           0x08000915   Thumb Code    22  stm32g4xx_hal_flash.o(i.HAL_FLASH_Lock)
    HAL_FLASH_Program                        0x08000931   Thumb Code   116  stm32g4xx_hal_flash.o(i.HAL_FLASH_Program)
    HAL_FLASH_Unlock                         0x080009ad   Thumb Code    28  stm32g4xx_hal_flash.o(i.HAL_FLASH_Unlock)
    HAL_GPIO_Init                            0x080009d5   Thumb Code   550  stm32g4xx_hal_gpio.o(i.HAL_GPIO_Init)
    HAL_GPIO_TogglePin                       0x08000c1d   Thumb Code    16  stm32g4xx_hal_gpio.o(i.HAL_GPIO_TogglePin)
    HAL_GPIO_WritePin                        0x08000c2d   Thumb Code    10  stm32g4xx_hal_gpio.o(i.HAL_GPIO_WritePin)
    HAL_GetTick                              0x08000c39   Thumb Code     6  stm32g4xx_hal.o(i.HAL_GetTick)
    HAL_HRTIM_DLLCalibrationStart            0x08000c45   Thumb Code    98  stm32g4xx_hal_hrtim.o(i.HAL_HRTIM_DLLCalibrationStart)
    HAL_HRTIM_Init                           0x08000ca9   Thumb Code   184  stm32g4xx_hal_hrtim.o(i.HAL_HRTIM_Init)
    HAL_HRTIM_MspInit                        0x08000d69   Thumb Code    30  stm32g4xx_hal_msp.o(i.HAL_HRTIM_MspInit)
    HAL_HRTIM_MspPostInit                    0x08000d91   Thumb Code    74  stm32g4xx_hal_msp.o(i.HAL_HRTIM_MspPostInit)
    HAL_HRTIM_PollForDLLCalibration          0x08000de9   Thumb Code    66  stm32g4xx_hal_hrtim.o(i.HAL_HRTIM_PollForDLLCalibration)
    HAL_HRTIM_TimeBaseConfig                 0x08000e2b   Thumb Code   122  stm32g4xx_hal_hrtim.o(i.HAL_HRTIM_TimeBaseConfig)
    HAL_HRTIM_WaveformCompareConfig          0x08000ea5   Thumb Code   308  stm32g4xx_hal_hrtim.o(i.HAL_HRTIM_WaveformCompareConfig)
    HAL_HRTIM_WaveformCountStart             0x08000fd9   Thumb Code    44  stm32g4xx_hal_hrtim.o(i.HAL_HRTIM_WaveformCountStart)
    HAL_HRTIM_WaveformOutputConfig           0x08001005   Thumb Code    54  stm32g4xx_hal_hrtim.o(i.HAL_HRTIM_WaveformOutputConfig)
    HAL_HRTIM_WaveformOutputStart            0x0800103b   Thumb Code    48  stm32g4xx_hal_hrtim.o(i.HAL_HRTIM_WaveformOutputStart)
    HAL_HRTIM_WaveformTimerConfig            0x0800106b   Thumb Code   144  stm32g4xx_hal_hrtim.o(i.HAL_HRTIM_WaveformTimerConfig)
    HAL_HRTIM_WaveformTimerControl           0x080010fb   Thumb Code   132  stm32g4xx_hal_hrtim.o(i.HAL_HRTIM_WaveformTimerControl)
    HAL_IncTick                              0x08001181   Thumb Code    12  stm32g4xx_hal.o(i.HAL_IncTick)
    HAL_Init                                 0x08001191   Thumb Code    30  stm32g4xx_hal.o(i.HAL_Init)
    HAL_InitTick                             0x080011b1   Thumb Code    58  stm32g4xx_hal.o(i.HAL_InitTick)
    HAL_MspInit                              0x080011f5   Thumb Code    54  stm32g4xx_hal_msp.o(i.HAL_MspInit)
    HAL_NVIC_EnableIRQ                       0x08001231   Thumb Code    26  stm32g4xx_hal_cortex.o(i.HAL_NVIC_EnableIRQ)
    HAL_NVIC_SetPriority                     0x0800124d   Thumb Code    60  stm32g4xx_hal_cortex.o(i.HAL_NVIC_SetPriority)
    HAL_NVIC_SetPriorityGrouping             0x0800128d   Thumb Code    26  stm32g4xx_hal_cortex.o(i.HAL_NVIC_SetPriorityGrouping)
    HAL_PWREx_ControlVoltageScaling          0x080012b1   Thumb Code   174  stm32g4xx_hal_pwr_ex.o(i.HAL_PWREx_ControlVoltageScaling)
    HAL_PWREx_DisableUCPDDeadBattery         0x0800136d   Thumb Code    12  stm32g4xx_hal_pwr_ex.o(i.HAL_PWREx_DisableUCPDDeadBattery)
    HAL_RCCEx_PeriphCLKConfig                0x0800137d   Thumb Code   758  stm32g4xx_hal_rcc_ex.o(i.HAL_RCCEx_PeriphCLKConfig)
    HAL_RCC_ClockConfig                      0x0800167d   Thumb Code   444  stm32g4xx_hal_rcc.o(i.HAL_RCC_ClockConfig)
    HAL_RCC_GetPCLK1Freq                     0x08001859   Thumb Code    24  stm32g4xx_hal_rcc.o(i.HAL_RCC_GetPCLK1Freq)
    HAL_RCC_GetPCLK2Freq                     0x0800187d   Thumb Code    24  stm32g4xx_hal_rcc.o(i.HAL_RCC_GetPCLK2Freq)
    HAL_RCC_GetSysClockFreq                  0x080018a1   Thumb Code    98  stm32g4xx_hal_rcc.o(i.HAL_RCC_GetSysClockFreq)
    HAL_RCC_OscConfig                        0x0800190d   Thumb Code  1036  stm32g4xx_hal_rcc.o(i.HAL_RCC_OscConfig)
    HAL_SYSTICK_Config                       0x08001d19   Thumb Code    40  stm32g4xx_hal_cortex.o(i.HAL_SYSTICK_Config)
    HAL_UARTEx_DisableFifoMode               0x08001d41   Thumb Code    62  stm32g4xx_hal_uart_ex.o(i.HAL_UARTEx_DisableFifoMode)
    HAL_UARTEx_SetRxFifoThreshold            0x08001d7f   Thumb Code    76  stm32g4xx_hal_uart_ex.o(i.HAL_UARTEx_SetRxFifoThreshold)
    HAL_UARTEx_SetTxFifoThreshold            0x08001dcb   Thumb Code    76  stm32g4xx_hal_uart_ex.o(i.HAL_UARTEx_SetTxFifoThreshold)
    HAL_UART_Init                            0x08001e17   Thumb Code   106  stm32g4xx_hal_uart.o(i.HAL_UART_Init)
    HAL_UART_MspInit                         0x08001e81   Thumb Code   128  stm32g4xx_hal_msp.o(i.HAL_UART_MspInit)
    HardFault_Handler                        0x08002281   Thumb Code     2  stm32g4xx_it.o(i.HardFault_Handler)
    IsDataAvailable                          0x08002285   Thumb Code    16  uartringbuffer.o(i.IsDataAvailable)
    MemManage_Handler                        0x0800241d   Thumb Code     2  stm32g4xx_it.o(i.MemManage_Handler)
    NMI_Handler                              0x0800241f   Thumb Code     2  stm32g4xx_it.o(i.NMI_Handler)
    RTOS_Thread_Init                         0x08002421   Thumb Code    32  app_freertos.o(i.RTOS_Thread_Init)
    Ringbuf_init                             0x08002451   Thumb Code    34  uartringbuffer.o(i.Ringbuf_init)
    StartDefaultTask                         0x08002481   Thumb Code    50  app_freertos.o(i.StartDefaultTask)
    StartTask02                              0x080024c9   Thumb Code    34  app_freertos.o(i.StartTask02)
    SysTick_Handler                          0x080024eb   Thumb Code    24  stm32g4xx_it.o(i.SysTick_Handler)
    SystemClock_Config                       0x08002503   Thumb Code   104  main.o(i.SystemClock_Config)
    SystemInit                               0x0800256d   Thumb Code    12  system_stm32g4xx.o(i.SystemInit)
    UART_AdvFeatureConfig                    0x080025c1   Thumb Code   200  stm32g4xx_hal_uart.o(i.UART_AdvFeatureConfig)
    UART_CheckIdleState                      0x08002689   Thumb Code    96  stm32g4xx_hal_uart.o(i.UART_CheckIdleState)
    UART_Send_Data                           0x080026e9   Thumb Code   196  flash.o(i.UART_Send_Data)
    UART_SetConfig                           0x08002835   Thumb Code   614  stm32g4xx_hal_uart.o(i.UART_SetConfig)
    UART_WaitOnFlagUntilTimeout              0x08002acd   Thumb Code   198  stm32g4xx_hal_uart.o(i.UART_WaitOnFlagUntilTimeout)
    USART1_IRQHandler                        0x08002b95   Thumb Code     6  stm32g4xx_it.o(i.USART1_IRQHandler)
    Uart_isr                                 0x08002ba1   Thumb Code    84  uartringbuffer.o(i.Uart_isr)
    Uart_read                                0x08002bfd   Thumb Code    34  uartringbuffer.o(i.Uart_read)
    Uart_sendstring                          0x08002c25   Thumb Code    20  uartringbuffer.o(i.Uart_sendstring)
    Uart_write                               0x08002c39   Thumb Code    42  uartringbuffer.o(i.Uart_write)
    UsageFault_Handler                       0x08002c6d   Thumb Code     2  stm32g4xx_it.o(i.UsageFault_Handler)
    main                                     0x08002c91   Thumb Code   132  main.o(i.main)
    osDelay                                  0x08002d1d   Thumb Code    26  cmsis_os2.o(i.osDelay)
    osKernelInitialize                       0x08002d39   Thumb Code    32  cmsis_os2.o(i.osKernelInitialize)
    osKernelStart                            0x08002d5d   Thumb Code    48  cmsis_os2.o(i.osKernelStart)
    osThreadNew                              0x08002d95   Thumb Code   138  cmsis_os2.o(i.osThreadNew)
    pvPortMalloc                             0x080035b5   Thumb Code   216  heap_4.o(i.pvPortMalloc)
    pxPortInitialiseStack                    0x08003691   Thumb Code    40  port.o(i.pxPortInitialiseStack)
    store_char                               0x080036bd   Thumb Code    22  uartringbuffer.o(i.store_char)
    uxListRemove                             0x080036d3   Thumb Code    38  list.o(i.uxListRemove)
    vApplicationGetIdleTaskMemory            0x080036f9   Thumb Code    16  cmsis_os2.o(i.vApplicationGetIdleTaskMemory)
    vApplicationGetTimerTaskMemory           0x0800370d   Thumb Code    18  cmsis_os2.o(i.vApplicationGetTimerTaskMemory)
    vListInitialise                          0x08003725   Thumb Code    22  list.o(i.vListInitialise)
    vListInitialiseItem                      0x0800373b   Thumb Code     6  list.o(i.vListInitialiseItem)
    vListInsert                              0x08003741   Thumb Code    48  list.o(i.vListInsert)
    vListInsertEnd                           0x08003771   Thumb Code    24  list.o(i.vListInsertEnd)
    vPortEnterCritical                       0x08003789   Thumb Code    54  port.o(i.vPortEnterCritical)
    vPortExitCritical                        0x080037c9   Thumb Code    34  port.o(i.vPortExitCritical)
    vPortFree                                0x080037f1   Thumb Code    94  heap_4.o(i.vPortFree)
    vPortSetupTimerInterrupt                 0x08003855   Thumb Code    32  port.o(i.vPortSetupTimerInterrupt)
    vPortValidateInterruptPriority           0x08003879   Thumb Code    74  port.o(i.vPortValidateInterruptPriority)
    vQueueAddToRegistry                      0x080038cd   Thumb Code    34  queue.o(i.vQueueAddToRegistry)
    vQueueWaitForMessageRestricted           0x080038f5   Thumb Code    68  queue.o(i.vQueueWaitForMessageRestricted)
    vTaskDelay                               0x08003939   Thumb Code    66  tasks.o(i.vTaskDelay)
    vTaskInternalSetTimeOutState             0x08003985   Thumb Code    12  tasks.o(i.vTaskInternalSetTimeOutState)
    vTaskMissedYield                         0x08003995   Thumb Code     8  tasks.o(i.vTaskMissedYield)
    vTaskPlaceOnEventList                    0x080039a1   Thumb Code    44  tasks.o(i.vTaskPlaceOnEventList)
    vTaskPlaceOnEventListRestricted          0x080039d1   Thumb Code    52  tasks.o(i.vTaskPlaceOnEventListRestricted)
    vTaskStartScheduler                      0x08003a09   Thumb Code   118  tasks.o(i.vTaskStartScheduler)
    vTaskSuspendAll                          0x08003a91   Thumb Code    10  tasks.o(i.vTaskSuspendAll)
    vTaskSwitchContext                       0x08003aa1   Thumb Code    90  tasks.o(i.vTaskSwitchContext)
    xPortStartScheduler                      0x08003b05   Thumb Code   222  port.o(i.xPortStartScheduler)
    xPortSysTickHandler                      0x08003bf9   Thumb Code    38  port.o(i.xPortSysTickHandler)
    xQueueGenericCreateStatic                0x08003c25   Thumb Code   102  queue.o(i.xQueueGenericCreateStatic)
    xQueueGenericReset                       0x08003c8d   Thumb Code   132  queue.o(i.xQueueGenericReset)
    xQueueGenericSend                        0x08003d15   Thumb Code   346  queue.o(i.xQueueGenericSend)
    xQueueGenericSendFromISR                 0x08003e75   Thumb Code   190  queue.o(i.xQueueGenericSendFromISR)
    xQueueReceive                            0x08003f35   Thumb Code   308  queue.o(i.xQueueReceive)
    xTaskCheckForTimeOut                     0x0800406d   Thumb Code   112  tasks.o(i.xTaskCheckForTimeOut)
    xTaskCreate                              0x080040e1   Thumb Code    90  tasks.o(i.xTaskCreate)
    xTaskCreateStatic                        0x0800413b   Thumb Code    86  tasks.o(i.xTaskCreateStatic)
    xTaskGetSchedulerState                   0x08004191   Thumb Code    22  tasks.o(i.xTaskGetSchedulerState)
    xTaskGetTickCount                        0x080041ad   Thumb Code     6  tasks.o(i.xTaskGetTickCount)
    xTaskIncrementTick                       0x080041b9   Thumb Code   192  tasks.o(i.xTaskIncrementTick)
    xTaskPriorityDisinherit                  0x08004281   Thumb Code   118  tasks.o(i.xTaskPriorityDisinherit)
    xTaskRemoveFromEventList                 0x08004301   Thumb Code    98  tasks.o(i.xTaskRemoveFromEventList)
    xTaskResumeAll                           0x08004371   Thumb Code   182  tasks.o(i.xTaskResumeAll)
    xTimerCreateTimerTask                    0x08004435   Thumb Code    78  timers.o(i.xTimerCreateTimerTask)
    xTimerGenericCommand                     0x08004495   Thumb Code    98  timers.o(i.xTimerGenericCommand)
    _fp_init                                 0x080044fd   Thumb Code    10  fpinit.o(x$fpl$fpinit)
    __fplib_config_fpu_vfp                   0x08004505   Thumb Code     0  fpinit.o(x$fpl$fpinit)
    __fplib_config_pureend_doubles           0x08004505   Thumb Code     0  fpinit.o(x$fpl$fpinit)
    MyTask01_attributes                      0x08004508   Data          36  app_freertos.o(.constdata)
    myTask02_attributes                      0x0800452c   Data          36  app_freertos.o(.constdata)
    UARTPrescTable                           0x08004550   Data          24  stm32g4xx_hal_uart.o(.constdata)
    AHBPrescTable                            0x08004578   Data          16  system_stm32g4xx.o(.constdata)
    APBPrescTable                            0x08004588   Data           8  system_stm32g4xx.o(.constdata)
    Region$$Table$$Base                      0x080045a8   Number         0  anon$$obj.o(Region$$Table)
    Region$$Table$$Limit                     0x080045c8   Number         0  anon$$obj.o(Region$$Table)
    _rx_buffer                               0x20000000   Data           4  uartringbuffer.o(.data)
    _tx_buffer                               0x20000004   Data           4  uartringbuffer.o(.data)
    Flash_done_Flag                          0x20000008   Data           1  flash.o(.data)
    FirstPage                                0x2000000c   Data           4  flash.o(.data)
    NbOfPages                                0x20000010   Data           4  flash.o(.data)
    BankNumber                               0x20000014   Data           4  flash.o(.data)
    Address                                  0x20000018   Data           4  flash.o(.data)
    PageError                                0x2000001c   Data           4  flash.o(.data)
    MemoryProgramStatus                      0x20000020   Data           4  flash.o(.data)
    data32                                   0x20000024   Data           4  flash.o(.data)
    MyTask01Handle                           0x20000028   Data           4  app_freertos.o(.data)
    myTask02Handle                           0x2000002c   Data           4  app_freertos.o(.data)
    uwTickPrio                               0x20000030   Data           4  stm32g4xx_hal.o(.data)
    uwTickFreq                               0x20000034   Data           4  stm32g4xx_hal.o(.data)
    uwTick                                   0x20000038   Data           4  stm32g4xx_hal.o(.data)
    pFlash                                   0x2000003c   Data          32  stm32g4xx_hal_flash.o(.data)
    SystemCoreClock                          0x2000005c   Data           4  system_stm32g4xx.o(.data)
    pxCurrentTCB                             0x20000060   Data           4  tasks.o(.data)
    rx_buffer                                0x200000e0   Data          72  uartringbuffer.o(.bss)
    tx_buffer                                0x20000128   Data          72  uartringbuffer.o(.bss)
    huart1                                   0x20000180   Data         144  main.o(.bss)
    hhrtim1                                  0x20000210   Data         252  main.o(.bss)
    xQueueRegistry                           0x2000030c   Data          64  queue.o(.bss)
    __libspace_start                         0x20001be0   Data          96  libspace.o(.bss)
    __temporary_stack_top$libspace           0x20001c40   Data           0  libspace.o(.bss)



==============================================================================

Memory Map of the image

  Image Entry point : 0x080001d9

  Load Region LR_IROM1 (Base: 0x08000000, Size: 0x000046a8, Max: 0x00080000, ABSOLUTE)

    Execution Region ER_IROM1 (Exec base: 0x08000000, Load base: 0x08000000, Size: 0x000045c8, Max: 0x00080000, ABSOLUTE)

    Exec Addr    Load Addr    Size         Type   Attr      Idx    E Section Name        Object

    0x08000000   0x08000000   0x000001d8   Data   RO            3    RESET               startup_stm32g474xx.o
    0x080001d8   0x080001d8   0x00000008   Code   RO         5244  * !!!main             c_w.l(__main.o)
    0x080001e0   0x080001e0   0x00000034   Code   RO         5417    !!!scatter          c_w.l(__scatter.o)
    0x08000214   0x08000214   0x0000001a   Code   RO         5419    !!handler_copy      c_w.l(__scatter_copy.o)
    0x0800022e   0x0800022e   0x00000002   PAD
    0x08000230   0x08000230   0x0000001c   Code   RO         5421    !!handler_zi        c_w.l(__scatter_zi.o)
    0x0800024c   0x0800024c   0x00000002   Code   RO         5285    .ARM.Collect$$libinit$$00000000  c_w.l(libinit.o)
    0x0800024e   0x0800024e   0x00000004   Code   RO         5297    .ARM.Collect$$libinit$$00000001  c_w.l(libinit2.o)
    0x08000252   0x08000252   0x00000000   Code   RO         5300    .ARM.Collect$$libinit$$00000004  c_w.l(libinit2.o)
    0x08000252   0x08000252   0x00000000   Code   RO         5303    .ARM.Collect$$libinit$$0000000A  c_w.l(libinit2.o)
    0x08000252   0x08000252   0x00000000   Code   RO         5305    .ARM.Collect$$libinit$$0000000C  c_w.l(libinit2.o)
    0x08000252   0x08000252   0x00000000   Code   RO         5307    .ARM.Collect$$libinit$$0000000E  c_w.l(libinit2.o)
    0x08000252   0x08000252   0x00000000   Code   RO         5310    .ARM.Collect$$libinit$$00000011  c_w.l(libinit2.o)
    0x08000252   0x08000252   0x00000000   Code   RO         5312    .ARM.Collect$$libinit$$00000013  c_w.l(libinit2.o)
    0x08000252   0x08000252   0x00000000   Code   RO         5314    .ARM.Collect$$libinit$$00000015  c_w.l(libinit2.o)
    0x08000252   0x08000252   0x00000000   Code   RO         5316    .ARM.Collect$$libinit$$00000017  c_w.l(libinit2.o)
    0x08000252   0x08000252   0x00000000   Code   RO         5318    .ARM.Collect$$libinit$$00000019  c_w.l(libinit2.o)
    0x08000252   0x08000252   0x00000000   Code   RO         5320    .ARM.Collect$$libinit$$0000001B  c_w.l(libinit2.o)
    0x08000252   0x08000252   0x00000000   Code   RO         5322    .ARM.Collect$$libinit$$0000001D  c_w.l(libinit2.o)
    0x08000252   0x08000252   0x00000000   Code   RO         5324    .ARM.Collect$$libinit$$0000001F  c_w.l(libinit2.o)
    0x08000252   0x08000252   0x00000000   Code   RO         5326    .ARM.Collect$$libinit$$00000021  c_w.l(libinit2.o)
    0x08000252   0x08000252   0x00000000   Code   RO         5328    .ARM.Collect$$libinit$$00000023  c_w.l(libinit2.o)
    0x08000252   0x08000252   0x00000000   Code   RO         5330    .ARM.Collect$$libinit$$00000025  c_w.l(libinit2.o)
    0x08000252   0x08000252   0x00000000   Code   RO         5334    .ARM.Collect$$libinit$$0000002C  c_w.l(libinit2.o)
    0x08000252   0x08000252   0x00000000   Code   RO         5336    .ARM.Collect$$libinit$$0000002E  c_w.l(libinit2.o)
    0x08000252   0x08000252   0x00000000   Code   RO         5338    .ARM.Collect$$libinit$$00000030  c_w.l(libinit2.o)
    0x08000252   0x08000252   0x00000000   Code   RO         5340    .ARM.Collect$$libinit$$00000032  c_w.l(libinit2.o)
    0x08000252   0x08000252   0x00000002   Code   RO         5341    .ARM.Collect$$libinit$$00000033  c_w.l(libinit2.o)
    0x08000254   0x08000254   0x00000002   Code   RO         5372    .ARM.Collect$$libshutdown$$00000000  c_w.l(libshutdown.o)
    0x08000256   0x08000256   0x00000000   Code   RO         5398    .ARM.Collect$$libshutdown$$00000002  c_w.l(libshutdown2.o)
    0x08000256   0x08000256   0x00000000   Code   RO         5400    .ARM.Collect$$libshutdown$$00000004  c_w.l(libshutdown2.o)
    0x08000256   0x08000256   0x00000000   Code   RO         5402    .ARM.Collect$$libshutdown$$00000006  c_w.l(libshutdown2.o)
    0x08000256   0x08000256   0x00000000   Code   RO         5405    .ARM.Collect$$libshutdown$$00000009  c_w.l(libshutdown2.o)
    0x08000256   0x08000256   0x00000000   Code   RO         5408    .ARM.Collect$$libshutdown$$0000000C  c_w.l(libshutdown2.o)
    0x08000256   0x08000256   0x00000000   Code   RO         5410    .ARM.Collect$$libshutdown$$0000000E  c_w.l(libshutdown2.o)
    0x08000256   0x08000256   0x00000000   Code   RO         5413    .ARM.Collect$$libshutdown$$00000011  c_w.l(libshutdown2.o)
    0x08000256   0x08000256   0x00000002   Code   RO         5414    .ARM.Collect$$libshutdown$$00000012  c_w.l(libshutdown2.o)
    0x08000258   0x08000258   0x00000000   Code   RO         5246    .ARM.Collect$$rtentry$$00000000  c_w.l(__rtentry.o)
    0x08000258   0x08000258   0x00000000   Code   RO         5256    .ARM.Collect$$rtentry$$00000002  c_w.l(__rtentry2.o)
    0x08000258   0x08000258   0x00000006   Code   RO         5268    .ARM.Collect$$rtentry$$00000004  c_w.l(__rtentry4.o)
    0x0800025e   0x0800025e   0x00000000   Code   RO         5258    .ARM.Collect$$rtentry$$00000009  c_w.l(__rtentry2.o)
    0x0800025e   0x0800025e   0x00000004   Code   RO         5259    .ARM.Collect$$rtentry$$0000000A  c_w.l(__rtentry2.o)
    0x08000262   0x08000262   0x00000000   Code   RO         5261    .ARM.Collect$$rtentry$$0000000C  c_w.l(__rtentry2.o)
    0x08000262   0x08000262   0x00000008   Code   RO         5262    .ARM.Collect$$rtentry$$0000000D  c_w.l(__rtentry2.o)
    0x0800026a   0x0800026a   0x00000002   Code   RO         5289    .ARM.Collect$$rtexit$$00000000  c_w.l(rtexit.o)
    0x0800026c   0x0800026c   0x00000000   Code   RO         5345    .ARM.Collect$$rtexit$$00000002  c_w.l(rtexit2.o)
    0x0800026c   0x0800026c   0x00000004   Code   RO         5346    .ARM.Collect$$rtexit$$00000003  c_w.l(rtexit2.o)
    0x08000270   0x08000270   0x00000006   Code   RO         5347    .ARM.Collect$$rtexit$$00000004  c_w.l(rtexit2.o)
    0x08000276   0x08000276   0x00000002   PAD
    0x08000278   0x08000278   0x000000be   Code   RO         5151    .emb_text           port.o
    0x08000336   0x08000336   0x00000002   PAD
    0x08000338   0x08000338   0x00000040   Code   RO            4    .text               startup_stm32g474xx.o
    0x08000378   0x08000378   0x000000ee   Code   RO         5230    .text               c_w.l(lludivv7m.o)
    0x08000466   0x08000466   0x0000008a   Code   RO         5234    .text               c_w.l(rt_memcpy_v6.o)
    0x080004f0   0x080004f0   0x00000010   Code   RO         5238    .text               c_w.l(aeabi_memset.o)
    0x08000500   0x08000500   0x0000004e   Code   RO         5240    .text               c_w.l(rt_memclr_w.o)
    0x0800054e   0x0800054e   0x00000006   Code   RO         5242    .text               c_w.l(heapauxi.o)
    0x08000554   0x08000554   0x00000064   Code   RO         5251    .text               c_w.l(rt_memcpy_w.o)
    0x080005b8   0x080005b8   0x00000044   Code   RO         5253    .text               c_w.l(rt_memclr.o)
    0x080005fc   0x080005fc   0x0000004a   Code   RO         5272    .text               c_w.l(sys_stackheap_outer.o)
    0x08000646   0x08000646   0x00000012   Code   RO         5274    .text               c_w.l(exit.o)
    0x08000658   0x08000658   0x00000008   Code   RO         5286    .text               c_w.l(libspace.o)
    0x08000660   0x08000660   0x0000000c   Code   RO         5342    .text               c_w.l(sys_exit.o)
    0x0800066c   0x0800066c   0x00000002   Code   RO         5361    .text               c_w.l(use_no_semi.o)
    0x0800066e   0x0800066e   0x00000000   Code   RO         5363    .text               c_w.l(indicate_semi.o)
    0x0800066e   0x0800066e   0x00000002   Code   RO          411    i.BusFault_Handler  stm32g4xx_it.o
    0x08000670   0x08000670   0x00000002   Code   RO          412    i.DebugMon_Handler  stm32g4xx_it.o
    0x08000672   0x08000672   0x00000004   Code   RO          277    i.Error_Handler     main.o
    0x08000676   0x08000676   0x00000002   PAD
    0x08000678   0x08000678   0x0000005c   Code   RO         1117    i.FLASH_FlushCaches  stm32g4xx_hal_flash_ex.o
    0x080006d4   0x080006d4   0x00000038   Code   RO         1118    i.FLASH_MassErase   stm32g4xx_hal_flash_ex.o
    0x0800070c   0x0800070c   0x00000040   Code   RO         1122    i.FLASH_PageErase   stm32g4xx_hal_flash_ex.o
    0x0800074c   0x0800074c   0x0000001c   Code   RO         1008    i.FLASH_Program_DoubleWord  stm32g4xx_hal_flash.o
    0x08000768   0x08000768   0x0000002c   Code   RO         1009    i.FLASH_Program_Fast  stm32g4xx_hal_flash.o
    0x08000794   0x08000794   0x00000060   Code   RO         1010    i.FLASH_WaitForLastOperation  stm32g4xx_hal_flash.o
    0x080007f4   0x080007f4   0x00000044   Code   RO          234    i.GetPage           flash.o
    0x08000838   0x08000838   0x000000dc   Code   RO         1126    i.HAL_FLASHEx_Erase  stm32g4xx_hal_flash_ex.o
    0x08000914   0x08000914   0x0000001c   Code   RO         1014    i.HAL_FLASH_Lock    stm32g4xx_hal_flash.o
    0x08000930   0x08000930   0x0000007c   Code   RO         1019    i.HAL_FLASH_Program  stm32g4xx_hal_flash.o
    0x080009ac   0x080009ac   0x00000028   Code   RO         1021    i.HAL_FLASH_Unlock  stm32g4xx_hal_flash.o
    0x080009d4   0x080009d4   0x00000248   Code   RO         1248    i.HAL_GPIO_Init     stm32g4xx_hal_gpio.o
    0x08000c1c   0x08000c1c   0x00000010   Code   RO         1251    i.HAL_GPIO_TogglePin  stm32g4xx_hal_gpio.o
    0x08000c2c   0x08000c2c   0x0000000a   Code   RO         1252    i.HAL_GPIO_WritePin  stm32g4xx_hal_gpio.o
    0x08000c36   0x08000c36   0x00000002   PAD
    0x08000c38   0x08000c38   0x0000000c   Code   RO          545    i.HAL_GetTick       stm32g4xx_hal.o
    0x08000c44   0x08000c44   0x00000062   Code   RO         2044    i.HAL_HRTIM_DLLCalibrationStart  stm32g4xx_hal_hrtim.o
    0x08000ca6   0x08000ca6   0x00000002   PAD
    0x08000ca8   0x08000ca8   0x000000c0   Code   RO         2077    i.HAL_HRTIM_Init    stm32g4xx_hal_hrtim.o
    0x08000d68   0x08000d68   0x00000028   Code   RO          481    i.HAL_HRTIM_MspInit  stm32g4xx_hal_msp.o
    0x08000d90   0x08000d90   0x00000058   Code   RO          482    i.HAL_HRTIM_MspPostInit  stm32g4xx_hal_msp.o
    0x08000de8   0x08000de8   0x00000042   Code   RO         2086    i.HAL_HRTIM_PollForDLLCalibration  stm32g4xx_hal_hrtim.o
    0x08000e2a   0x08000e2a   0x0000007a   Code   RO         2128    i.HAL_HRTIM_TimeBaseConfig  stm32g4xx_hal_hrtim.o
    0x08000ea4   0x08000ea4   0x00000134   Code   RO         2134    i.HAL_HRTIM_WaveformCompareConfig  stm32g4xx_hal_hrtim.o
    0x08000fd8   0x08000fd8   0x0000002c   Code   RO         2135    i.HAL_HRTIM_WaveformCountStart  stm32g4xx_hal_hrtim.o
    0x08001004   0x08001004   0x00000036   Code   RO         2143    i.HAL_HRTIM_WaveformOutputConfig  stm32g4xx_hal_hrtim.o
    0x0800103a   0x0800103a   0x00000030   Code   RO         2144    i.HAL_HRTIM_WaveformOutputStart  stm32g4xx_hal_hrtim.o
    0x0800106a   0x0800106a   0x00000090   Code   RO         2147    i.HAL_HRTIM_WaveformTimerConfig  stm32g4xx_hal_hrtim.o
    0x080010fa   0x080010fa   0x00000084   Code   RO         2148    i.HAL_HRTIM_WaveformTimerControl  stm32g4xx_hal_hrtim.o
    0x0800117e   0x0800117e   0x00000002   PAD
    0x08001180   0x08001180   0x00000010   Code   RO          548    i.HAL_IncTick       stm32g4xx_hal.o
    0x08001190   0x08001190   0x0000001e   Code   RO          549    i.HAL_Init          stm32g4xx_hal.o
    0x080011ae   0x080011ae   0x00000002   PAD
    0x080011b0   0x080011b0   0x00000044   Code   RO          550    i.HAL_InitTick      stm32g4xx_hal.o
    0x080011f4   0x080011f4   0x0000003c   Code   RO          483    i.HAL_MspInit       stm32g4xx_hal_msp.o
    0x08001230   0x08001230   0x0000001a   Code   RO         1895    i.HAL_NVIC_EnableIRQ  stm32g4xx_hal_cortex.o
    0x0800124a   0x0800124a   0x00000002   PAD
    0x0800124c   0x0800124c   0x00000040   Code   RO         1901    i.HAL_NVIC_SetPriority  stm32g4xx_hal_cortex.o
    0x0800128c   0x0800128c   0x00000024   Code   RO         1902    i.HAL_NVIC_SetPriorityGrouping  stm32g4xx_hal_cortex.o
    0x080012b0   0x080012b0   0x000000bc   Code   RO         1651    i.HAL_PWREx_ControlVoltageScaling  stm32g4xx_hal_pwr_ex.o
    0x0800136c   0x0800136c   0x00000010   Code   RO         1663    i.HAL_PWREx_DisableUCPDDeadBattery  stm32g4xx_hal_pwr_ex.o
    0x0800137c   0x0800137c   0x00000300   Code   RO          894    i.HAL_RCCEx_PeriphCLKConfig  stm32g4xx_hal_rcc_ex.o
    0x0800167c   0x0800167c   0x000001dc   Code   RO          769    i.HAL_RCC_ClockConfig  stm32g4xx_hal_rcc.o
    0x08001858   0x08001858   0x00000024   Code   RO          777    i.HAL_RCC_GetPCLK1Freq  stm32g4xx_hal_rcc.o
    0x0800187c   0x0800187c   0x00000024   Code   RO          778    i.HAL_RCC_GetPCLK2Freq  stm32g4xx_hal_rcc.o
    0x080018a0   0x080018a0   0x0000006c   Code   RO          779    i.HAL_RCC_GetSysClockFreq  stm32g4xx_hal_rcc.o
    0x0800190c   0x0800190c   0x0000040c   Code   RO          782    i.HAL_RCC_OscConfig  stm32g4xx_hal_rcc.o
    0x08001d18   0x08001d18   0x00000028   Code   RO         1906    i.HAL_SYSTICK_Config  stm32g4xx_hal_cortex.o
    0x08001d40   0x08001d40   0x0000003e   Code   RO         3329    i.HAL_UARTEx_DisableFifoMode  stm32g4xx_hal_uart_ex.o
    0x08001d7e   0x08001d7e   0x0000004c   Code   RO         3337    i.HAL_UARTEx_SetRxFifoThreshold  stm32g4xx_hal_uart_ex.o
    0x08001dca   0x08001dca   0x0000004c   Code   RO         3338    i.HAL_UARTEx_SetTxFifoThreshold  stm32g4xx_hal_uart_ex.o
    0x08001e16   0x08001e16   0x0000006a   Code   RO         2938    i.HAL_UART_Init     stm32g4xx_hal_uart.o
    0x08001e80   0x08001e80   0x0000008c   Code   RO          485    i.HAL_UART_MspInit  stm32g4xx_hal_msp.o
    0x08001f0c   0x08001f0c   0x00000068   Code   RO         2155    i.HRTIM_ForceRegistersUpdate  stm32g4xx_hal_hrtim.o
    0x08001f74   0x08001f74   0x00000092   Code   RO         2160    i.HRTIM_MasterWaveform_Config  stm32g4xx_hal_hrtim.o
    0x08002006   0x08002006   0x000000de   Code   RO         2162    i.HRTIM_OutputConfig  stm32g4xx_hal_hrtim.o
    0x080020e4   0x080020e4   0x0000019c   Code   RO         2165    i.HRTIM_TimingUnitWaveform_Config  stm32g4xx_hal_hrtim.o
    0x08002280   0x08002280   0x00000002   Code   RO          413    i.HardFault_Handler  stm32g4xx_it.o
    0x08002282   0x08002282   0x00000002   PAD
    0x08002284   0x08002284   0x00000014   Code   RO           16    i.IsDataAvailable   uartringbuffer.o
    0x08002298   0x08002298   0x00000120   Code   RO          278    i.MX_HRTIM1_Init    main.o
    0x080023b8   0x080023b8   0x00000064   Code   RO          279    i.MX_USART1_UART_Init  main.o
    0x0800241c   0x0800241c   0x00000002   Code   RO          414    i.MemManage_Handler  stm32g4xx_it.o
    0x0800241e   0x0800241e   0x00000002   Code   RO          415    i.NMI_Handler       stm32g4xx_it.o
    0x08002420   0x08002420   0x00000030   Code   RO          362    i.RTOS_Thread_Init  app_freertos.o
    0x08002450   0x08002450   0x00000030   Code   RO           18    i.Ringbuf_init      uartringbuffer.o
    0x08002480   0x08002480   0x00000048   Code   RO          363    i.StartDefaultTask  app_freertos.o
    0x080024c8   0x080024c8   0x00000022   Code   RO          364    i.StartTask02       app_freertos.o
    0x080024ea   0x080024ea   0x00000018   Code   RO          416    i.SysTick_Handler   stm32g4xx_it.o
    0x08002502   0x08002502   0x00000068   Code   RO          280    i.SystemClock_Config  main.o
    0x0800256a   0x0800256a   0x00000002   PAD
    0x0800256c   0x0800256c   0x00000010   Code   RO         3442    i.SystemInit        system_stm32g4xx.o
    0x0800257c   0x0800257c   0x00000044   Code   RO         3342    i.UARTEx_SetNbDataToProcess  stm32g4xx_hal_uart_ex.o
    0x080025c0   0x080025c0   0x000000c8   Code   RO         2952    i.UART_AdvFeatureConfig  stm32g4xx_hal_uart.o
    0x08002688   0x08002688   0x00000060   Code   RO         2953    i.UART_CheckIdleState  stm32g4xx_hal_uart.o
    0x080026e8   0x080026e8   0x0000014c   Code   RO          235    i.UART_Send_Data    flash.o
    0x08002834   0x08002834   0x00000298   Code   RO         2970    i.UART_SetConfig    stm32g4xx_hal_uart.o
    0x08002acc   0x08002acc   0x000000c6   Code   RO         2977    i.UART_WaitOnFlagUntilTimeout  stm32g4xx_hal_uart.o
    0x08002b92   0x08002b92   0x00000002   PAD
    0x08002b94   0x08002b94   0x0000000c   Code   RO          417    i.USART1_IRQHandler  stm32g4xx_it.o
    0x08002ba0   0x08002ba0   0x0000005c   Code   RO           20    i.Uart_isr          uartringbuffer.o
    0x08002bfc   0x08002bfc   0x00000028   Code   RO           23    i.Uart_read         uartringbuffer.o
    0x08002c24   0x08002c24   0x00000014   Code   RO           24    i.Uart_sendstring   uartringbuffer.o
    0x08002c38   0x08002c38   0x00000034   Code   RO           25    i.Uart_write        uartringbuffer.o
    0x08002c6c   0x08002c6c   0x00000002   Code   RO          418    i.UsageFault_Handler  stm32g4xx_it.o
    0x08002c6e   0x08002c6e   0x00000020   Code   RO         1908    i.__NVIC_SetPriority  stm32g4xx_hal_cortex.o
    0x08002c8e   0x08002c8e   0x00000002   PAD
    0x08002c90   0x08002c90   0x0000008c   Code   RO          281    i.main              main.o
    0x08002d1c   0x08002d1c   0x0000001a   Code   RO         4590    i.osDelay           cmsis_os2.o
    0x08002d36   0x08002d36   0x00000002   PAD
    0x08002d38   0x08002d38   0x00000024   Code   RO         4604    i.osKernelInitialize  cmsis_os2.o
    0x08002d5c   0x08002d5c   0x00000038   Code   RO         4607    i.osKernelStart     cmsis_os2.o
    0x08002d94   0x08002d94   0x0000008a   Code   RO         4649    i.osThreadNew       cmsis_os2.o
    0x08002e1e   0x08002e1e   0x00000002   PAD
    0x08002e20   0x08002e20   0x0000005c   Code   RO         4050    i.prvAddCurrentTaskToDelayedList  tasks.o
    0x08002e7c   0x08002e7c   0x000000d0   Code   RO         4051    i.prvAddNewTaskToReadyList  tasks.o
    0x08002f4c   0x08002f4c   0x00000058   Code   RO         4415    i.prvCheckForValidListAndQueue  timers.o
    0x08002fa4   0x08002fa4   0x00000026   Code   RO         3647    i.prvCopyDataFromQueue  queue.o
    0x08002fca   0x08002fca   0x0000006c   Code   RO         3648    i.prvCopyDataToQueue  queue.o
    0x08003036   0x08003036   0x00000034   Code   RO         4052    i.prvDeleteTCB      tasks.o
    0x0800306a   0x0800306a   0x00000002   PAD
    0x0800306c   0x0800306c   0x0000004c   Code   RO         5096    i.prvHeapInit       heap_4.o
    0x080030b8   0x080030b8   0x00000060   Code   RO         4053    i.prvIdleTask       tasks.o
    0x08003118   0x08003118   0x00000022   Code   RO         3650    i.prvInitialiseNewQueue  queue.o
    0x0800313a   0x0800313a   0x00000002   PAD
    0x0800313c   0x0800313c   0x000000b0   Code   RO         4054    i.prvInitialiseNewTask  tasks.o
    0x080031ec   0x080031ec   0x0000004c   Code   RO         5097    i.prvInsertBlockIntoFreeList  heap_4.o
    0x08003238   0x08003238   0x00000038   Code   RO         4417    i.prvInsertTimerInActiveList  timers.o
    0x08003270   0x08003270   0x0000001c   Code   RO         3651    i.prvIsQueueEmpty   queue.o
    0x0800328c   0x0800328c   0x000000fc   Code   RO         4418    i.prvProcessReceivedCommands  timers.o
    0x08003388   0x08003388   0x000000c0   Code   RO         4419    i.prvProcessTimerOrBlockTask  timers.o
    0x08003448   0x08003448   0x00000020   Code   RO         4056    i.prvResetNextTaskUnblockTime  tasks.o
    0x08003468   0x08003468   0x00000028   Code   RO         4420    i.prvSampleTimeNow  timers.o
    0x08003490   0x08003490   0x0000006c   Code   RO         4421    i.prvSwitchTimerLists  timers.o
    0x080034fc   0x080034fc   0x00000028   Code   RO         5152    i.prvTaskExitError  port.o
    0x08003524   0x08003524   0x00000024   Code   RO         4422    i.prvTimerTask      timers.o
    0x08003548   0x08003548   0x0000006a   Code   RO         3652    i.prvUnlockQueue    queue.o
    0x080035b2   0x080035b2   0x00000002   PAD
    0x080035b4   0x080035b4   0x000000dc   Code   RO         5098    i.pvPortMalloc      heap_4.o
    0x08003690   0x08003690   0x0000002c   Code   RO         5153    i.pxPortInitialiseStack  port.o
    0x080036bc   0x080036bc   0x00000016   Code   RO           27    i.store_char        uartringbuffer.o
    0x080036d2   0x080036d2   0x00000026   Code   RO         3607    i.uxListRemove      list.o
    0x080036f8   0x080036f8   0x00000014   Code   RO         4661    i.vApplicationGetIdleTaskMemory  cmsis_os2.o
    0x0800370c   0x0800370c   0x00000018   Code   RO         4662    i.vApplicationGetTimerTaskMemory  cmsis_os2.o
    0x08003724   0x08003724   0x00000016   Code   RO         3608    i.vListInitialise   list.o
    0x0800373a   0x0800373a   0x00000006   Code   RO         3609    i.vListInitialiseItem  list.o
    0x08003740   0x08003740   0x00000030   Code   RO         3610    i.vListInsert       list.o
    0x08003770   0x08003770   0x00000018   Code   RO         3611    i.vListInsertEnd    list.o
    0x08003788   0x08003788   0x00000040   Code   RO         5155    i.vPortEnterCritical  port.o
    0x080037c8   0x080037c8   0x00000028   Code   RO         5156    i.vPortExitCritical  port.o
    0x080037f0   0x080037f0   0x00000064   Code   RO         5099    i.vPortFree         heap_4.o
    0x08003854   0x08003854   0x00000024   Code   RO         5157    i.vPortSetupTimerInterrupt  port.o
    0x08003878   0x08003878   0x00000054   Code   RO         5158    i.vPortValidateInterruptPriority  port.o
    0x080038cc   0x080038cc   0x00000028   Code   RO         3658    i.vQueueAddToRegistry  queue.o
    0x080038f4   0x080038f4   0x00000044   Code   RO         3662    i.vQueueWaitForMessageRestricted  queue.o
    0x08003938   0x08003938   0x0000004c   Code   RO         4069    i.vTaskDelay        tasks.o
    0x08003984   0x08003984   0x00000010   Code   RO         4074    i.vTaskInternalSetTimeOutState  tasks.o
    0x08003994   0x08003994   0x0000000c   Code   RO         4075    i.vTaskMissedYield  tasks.o
    0x080039a0   0x080039a0   0x00000030   Code   RO         4077    i.vTaskPlaceOnEventList  tasks.o
    0x080039d0   0x080039d0   0x00000038   Code   RO         4078    i.vTaskPlaceOnEventListRestricted  tasks.o
    0x08003a08   0x08003a08   0x00000088   Code   RO         4086    i.vTaskStartScheduler  tasks.o
    0x08003a90   0x08003a90   0x00000010   Code   RO         4088    i.vTaskSuspendAll   tasks.o
    0x08003aa0   0x08003aa0   0x00000064   Code   RO         4089    i.vTaskSwitchContext  tasks.o
    0x08003b04   0x08003b04   0x000000f4   Code   RO         5159    i.xPortStartScheduler  port.o
    0x08003bf8   0x08003bf8   0x0000002c   Code   RO         5160    i.xPortSysTickHandler  port.o
    0x08003c24   0x08003c24   0x00000066   Code   RO         3668    i.xQueueGenericCreateStatic  queue.o
    0x08003c8a   0x08003c8a   0x00000002   PAD
    0x08003c8c   0x08003c8c   0x00000088   Code   RO         3669    i.xQueueGenericReset  queue.o
    0x08003d14   0x08003d14   0x00000160   Code   RO         3670    i.xQueueGenericSend  queue.o
    0x08003e74   0x08003e74   0x000000be   Code   RO         3671    i.xQueueGenericSendFromISR  queue.o
    0x08003f32   0x08003f32   0x00000002   PAD
    0x08003f34   0x08003f34   0x00000138   Code   RO         3680    i.xQueueReceive     queue.o
    0x0800406c   0x0800406c   0x00000074   Code   RO         4091    i.xTaskCheckForTimeOut  tasks.o
    0x080040e0   0x080040e0   0x0000005a   Code   RO         4092    i.xTaskCreate       tasks.o
    0x0800413a   0x0800413a   0x00000056   Code   RO         4093    i.xTaskCreateStatic  tasks.o
    0x08004190   0x08004190   0x0000001c   Code   RO         4097    i.xTaskGetSchedulerState  tasks.o
    0x080041ac   0x080041ac   0x0000000c   Code   RO         4098    i.xTaskGetTickCount  tasks.o
    0x080041b8   0x080041b8   0x000000c8   Code   RO         4100    i.xTaskIncrementTick  tasks.o
    0x08004280   0x08004280   0x00000080   Code   RO         4103    i.xTaskPriorityDisinherit  tasks.o
    0x08004300   0x08004300   0x00000070   Code   RO         4105    i.xTaskRemoveFromEventList  tasks.o
    0x08004370   0x08004370   0x000000c4   Code   RO         4106    i.xTaskResumeAll    tasks.o
    0x08004434   0x08004434   0x00000060   Code   RO         4431    i.xTimerCreateTimerTask  timers.o
    0x08004494   0x08004494   0x00000068   Code   RO         4432    i.xTimerGenericCommand  timers.o
    0x080044fc   0x080044fc   0x0000000a   Code   RO         5357    x$fpl$fpinit        fz_wm.l(fpinit.o)
    0x08004506   0x08004506   0x00000002   PAD
    0x08004508   0x08004508   0x00000048   Data   RO          365    .constdata          app_freertos.o
    0x08004550   0x08004550   0x00000018   Data   RO         2978    .constdata          stm32g4xx_hal_uart.o
    0x08004568   0x08004568   0x00000010   Data   RO         3343    .constdata          stm32g4xx_hal_uart_ex.o
    0x08004578   0x08004578   0x00000010   Data   RO         3443    .constdata          system_stm32g4xx.o
    0x08004588   0x08004588   0x00000008   Data   RO         3444    .constdata          system_stm32g4xx.o
    0x08004590   0x08004590   0x00000015   Data   RO          366    .conststring        app_freertos.o
    0x080045a5   0x080045a5   0x00000003   PAD
    0x080045a8   0x080045a8   0x00000020   Data   RO         5415    Region$$Table       anon$$obj.o


    Execution Region RW_IRAM1 (Exec base: 0x20000000, Load base: 0x080045c8, Size: 0x00002240, Max: 0x00020000, ABSOLUTE)

    Exec Addr    Load Addr    Size         Type   Attr      Idx    E Section Name        Object

    0x20000000   0x080045c8   0x00000008   Data   RW           29    .data               uartringbuffer.o
    0x20000008   0x080045d0   0x00000020   Data   RW          237    .data               flash.o
    0x20000028   0x080045f0   0x00000008   Data   RW          367    .data               app_freertos.o
    0x20000030   0x080045f8   0x0000000c   Data   RW          569    .data               stm32g4xx_hal.o
    0x2000003c   0x08004604   0x00000020   Data   RW         1022    .data               stm32g4xx_hal_flash.o
    0x2000005c   0x08004624   0x00000004   Data   RW         3445    .data               system_stm32g4xx.o
    0x20000060   0x08004628   0x0000003c   Data   RW         4109    .data               tasks.o
    0x2000009c   0x08004664   0x00000014   Data   RW         4440    .data               timers.o
    0x200000b0   0x08004678   0x00000004   Data   RW         4664    .data               cmsis_os2.o
    0x200000b4   0x0800467c   0x00000020   Data   RW         5105    .data               heap_4.o
    0x200000d4   0x0800469c   0x0000000c   Data   RW         5161    .data               port.o
    0x200000e0        -       0x00000090   Zero   RW           28    .bss                uartringbuffer.o
    0x20000170        -       0x00000010   Zero   RW          236    .bss                flash.o
    0x20000180        -       0x0000018c   Zero   RW          282    .bss                main.o
    0x2000030c        -       0x00000040   Zero   RW         3684    .bss                queue.o
    0x2000034c        -       0x000004c4   Zero   RW         4108    .bss                tasks.o
    0x20000810        -       0x00000118   Zero   RW         4439    .bss                timers.o
    0x20000928        -       0x000006b8   Zero   RW         4663    .bss                cmsis_os2.o
    0x20000fe0        -       0x00000c00   Zero   RW         5104    .bss                heap_4.o
    0x20001be0        -       0x00000060   Zero   RW         5287    .bss                c_w.l(libspace.o)
    0x20001c40        -       0x00000200   Zero   RW            2    HEAP                startup_stm32g474xx.o
    0x20001e40        -       0x00000400   Zero   RW            1    STACK               startup_stm32g474xx.o


==============================================================================

Image component sizes


      Code (inc. data)   RO Data    RW Data    ZI Data      Debug   Object Name

       154         38         93          8          0       2476   app_freertos.o
       300         22          0          4       1720      64697   cmsis_os2.o
         0          0          0          0          0      19480   event_groups.o
       400        142          0         32         16       2419   flash.o
       472         24          0         32       3072       4899   heap_4.o
       138          0          0          0          0       3582   list.o
       636         28          0          0        396      14757   main.o
       786         82          0         12          0      11577   port.o
      1514         20          0          0         64      17504   queue.o
        64         26        472          0       1536        848   startup_stm32g474xx.o
       126         20          0         12          0       3717   stm32g4xx_hal.o
       198         14          0          0          0      33871   stm32g4xx_hal_cortex.o
       360         48          0         32          0      24006   stm32g4xx_hal_flash.o
       432         26          0          0          0       4030   stm32g4xx_hal_flash_ex.o
       610         34          0          0          0       3009   stm32g4xx_hal_gpio.o
      2092         28          0          0          0      14669   stm32g4xx_hal_hrtim.o
       328         42          0          0          0       2973   stm32g4xx_hal_msp.o
       204         18          0          0          0       1417   stm32g4xx_hal_pwr_ex.o
      1692         88          0          0          0       6316   stm32g4xx_hal_rcc.o
       768         10          0          0          0       1972   stm32g4xx_hal_rcc_ex.o
      1264         70         24          0          0      24334   stm32g4xx_hal_uart.o
       282          6         16          0          0       3685   stm32g4xx_hal_uart_ex.o
        48          6          0          0          0       3839   stm32g4xx_it.o
         0          0          0          0          0        392   stream_buffer.o
        16          4         24          4          0       1147   system_stm32g4xx.o
      2084        168          0         60       1220      27060   tasks.o
       972         80          0         20        280      32231   timers.o
       294         42          0          8        144     951539   uartringbuffer.o

    ----------------------------------------------------------------------
     16270       1086        664        224       8448    1282446   Object Totals
         0          0         32          0          0          0   (incl. Generated)
        36          0          3          0          0          0   (incl. Padding)

    ----------------------------------------------------------------------

      Code (inc. data)   RO Data    RW Data    ZI Data      Debug   Library Member Name

         8          0          0          0          0         68   __main.o
         0          0          0          0          0          0   __rtentry.o
        12          0          0          0          0          0   __rtentry2.o
         6          0          0          0          0          0   __rtentry4.o
        52          8          0          0          0          0   __scatter.o
        26          0          0          0          0          0   __scatter_copy.o
        28          0          0          0          0          0   __scatter_zi.o
        16          0          0          0          0         68   aeabi_memset.o
        18          0          0          0          0         80   exit.o
         6          0          0          0          0        152   heapauxi.o
         0          0          0          0          0          0   indicate_semi.o
         2          0          0          0          0          0   libinit.o
         6          0          0          0          0          0   libinit2.o
         2          0          0          0          0          0   libshutdown.o
         2          0          0          0          0          0   libshutdown2.o
         8          4          0          0         96         68   libspace.o
       238          0          0          0          0        100   lludivv7m.o
        68          0          0          0          0         68   rt_memclr.o
        78          0          0          0          0         80   rt_memclr_w.o
       138          0          0          0          0         68   rt_memcpy_v6.o
       100          0          0          0          0         80   rt_memcpy_w.o
         2          0          0          0          0          0   rtexit.o
        10          0          0          0          0          0   rtexit2.o
        12          4          0          0          0         68   sys_exit.o
        74          0          0          0          0         80   sys_stackheap_outer.o
         2          0          0          0          0         68   use_no_semi.o
        10          0          0          0          0        116   fpinit.o

    ----------------------------------------------------------------------
       930         16          0          0         96       1164   Library Totals
         6          0          0          0          0          0   (incl. Padding)

    ----------------------------------------------------------------------

      Code (inc. data)   RO Data    RW Data    ZI Data      Debug   Library Name

       914         16          0          0         96       1048   c_w.l
        10          0          0          0          0        116   fz_wm.l

    ----------------------------------------------------------------------
       930         16          0          0         96       1164   Library Totals

    ----------------------------------------------------------------------

==============================================================================


      Code (inc. data)   RO Data    RW Data    ZI Data      Debug   

     17200       1102        664        224       8544    1268842   Grand Totals
     17200       1102        664        224       8544    1268842   ELF Image Totals
     17200       1102        664        224          0          0   ROM Totals

==============================================================================

    Total RO  Size (Code + RO Data)                17864 (  17.45kB)
    Total RW  Size (RW Data + ZI Data)              8768 (   8.56kB)
    Total ROM Size (Code + RO Data + RW Data)      18088 (  17.66kB)

==============================================================================

