<html>
<body>
<pre>
<h1>µVision Build Log</h1>
<h2>Tool Versions:</h2>
IDE-Version: £gVision V5.36.0.0
Copyright (C) 2021 ARM Ltd and ARM Germany GmbH. All rights reserved.
License Information: 11 11, 1, LIC=----
 
Tool Versions:
Toolchain:       MDK-Lite  Version: 5.36.0.0
Toolchain Path:  C:\Keil_v5\ARM\ARMCC\Bin
C Compiler:      Armcc.exe V5.06 update 7 (build 960)
Assembler:       Armasm.exe V5.06 update 7 (build 960)
Linker/Locator:  ArmLink.exe V5.06 update 7 (build 960)
Library Manager: ArmAr.exe V5.06 update 7 (build 960)
Hex Converter:   FromElf.exe V5.06 update 7 (build 960)
CPU DLL:         SARMCM3.DLL V5.36.0.0
Dialog DLL:      DCM.DLL V1.17.3.0
Target DLL:      STLink\ST-LINKIII-KEIL_SWO.dll V3.0.9.0
Dialog DLL:      TCM.DLL V1.53.0.0
 
<h2>Project:</h2>
C:\Users\NBbackup01\Desktop\SM32G474\RTOS\MDK-ARM\RTOS.uvprojx
Project File Date:  08/19/2022

<h2>Output:</h2>
*** Using Compiler 'V5.06 update 7 (build 960)', folder: 'C:\Keil_v5\ARM\ARMCC\Bin'
Rebuild target 'RTOS'
assembling startup_stm32g474xx.s...
compiling stm32g4xx_hal.c...
compiling stm32g4xx_hal_msp.c...
compiling UartRingbuffer.c...
../Core/Inc/UartRingbuffer.h(78): warning:  #1295-D: Deprecated declaration Uart_peek - give arg types
  int Uart_peek();
..\Core\Src\UartRingbuffer.c(86): warning:  #167-D: argument of type "unsigned char *" is incompatible with parameter of type "char *"
      Search_String(rx_buffer.buffer,Targert_Buff_Head,output_Buff,0, 4);
..\Core\Src\UartRingbuffer.c: 2 warnings, 0 errors
compiling app_freertos.c...
../Core/Src/app_freertos.c(104): warning:  #223-D: function "IsDataAvailable" declared implicitly
  		 if (IsDataAvailable())
../Core/Src/app_freertos.c(106): warning:  #223-D: function "Uart_read" declared implicitly
           int data=Uart_read();
../Core/Src/app_freertos.c(111): warning:  #223-D: function "Uart_sendstring" declared implicitly
            Uart_sendstring("PWM close PhaseB");
../Core/Src/app_freertos.c: 3 warnings, 0 errors
compiling Flash.c...
..\Core\Src\Flash.c(41): warning:  #223-D: function "Uart_sendstring" declared implicitly
      Uart_sendstring("Start write data to flash memory\r\n");
..\Core\Src\Flash.c(145): warning:  #223-D: function "Uart_sendstring" declared implicitly
      Uart_sendstring("Erase memory\r\n");
..\Core\Src\Flash.c(250): warning:  #223-D: function "Uart_sendstring" declared implicitly
      Uart_sendstring("Writting memory\r\n");
..\Core\Src\Flash.c: 3 warnings, 0 errors
compiling stm32g4xx_it.c...
../Core/Src/stm32g4xx_it.c(196): warning:  #223-D: function "Uart_isr" declared implicitly
     Uart_isr (&huart1);
../Core/Src/stm32g4xx_it.c: 1 warning, 0 errors
compiling main.c...
../Core/Inc/UartRingbuffer.h(78): warning:  #1295-D: Deprecated declaration Uart_peek - give arg types
  int Uart_peek();
../Core/Src/main.c(417): warning:  #167-D: argument of type "uint8_t *" is incompatible with parameter of type "const char *"
  	receive_data=atoi(RX_Buffer);
../Core/Src/main.c(72): warning:  #177-D: function "MX_HRTIM1_Init"  was declared but never referenced
  static void MX_HRTIM1_Init(void);
../Core/Src/main.c: 3 warnings, 0 errors
compiling stm32g4xx_hal_gpio.c...
compiling stm32g4xx_hal_flash_ex.c...
compiling stm32g4xx_hal_flash.c...
compiling stm32g4xx_hal_rcc.c...
compiling stm32g4xx_hal_flash_ramfunc.c...
compiling stm32g4xx_hal_exti.c...
compiling stm32g4xx_hal_rcc_ex.c...
compiling stm32g4xx_hal_pwr.c...
compiling stm32g4xx_hal_dma_ex.c...
compiling stm32g4xx_hal_dma.c...
compiling stm32g4xx_hal_pwr_ex.c...
compiling croutine.c...
compiling stm32g4xx_hal_cortex.c...
compiling event_groups.c...
compiling list.c...
compiling queue.c...
compiling stream_buffer.c...
compiling stm32g4xx_hal_tim_ex.c...
compiling timers.c...
compiling tasks.c...
compiling heap_4.c...
compiling port.c...
compiling stm32g4xx_hal_tim.c...
compiling system_stm32g4xx.c...
compiling stm32g4xx_hal_uart_ex.c...
compiling stm32g4xx_hal_uart.c...
compiling cmsis_os2.c...
linking...
Program Size: Code=19574 RO-data=1066 RW-data=196 ZI-data=8244  
FromELF: creating hex file...
"RTOS\RTOS.axf" - 0 Error(s), 12 Warning(s).

<h2>Software Packages used:</h2>

Package Vendor: ARM
                http://www.keil.com/pack/ARM.CMSIS.5.8.0.pack
                ARM.CMSIS.5.8.0
                CMSIS (Common Microcontroller Software Interface Standard)
   * Component: CORE Version: 5.5.0

Package Vendor: Keil
                http://www.keil.com/pack/Keil.STM32G4xx_DFP.1.4.0.pack
                Keil.STM32G4xx_DFP.1.4.0
                STMicroelectronics STM32G4 Series Device Support, Drivers and Examples

<h2>Collection of Component include folders:</h2>
  .\RTE\_RTOS
  C:\Users\NBbackup01\AppData\Local\Arm\Packs\ARM\CMSIS\5.8.0\CMSIS\Core\Include
  C:\Users\NBbackup01\AppData\Local\Arm\Packs\Keil\STM32G4xx_DFP\1.4.0\Drivers\CMSIS\Device\ST\STM32G4xx\Include

<h2>Collection of Component Files used:</h2>

   * Component: ARM::CMSIS:CORE:5.5.0
      Include file:  CMSIS\Core\Include\tz_context.h
Build Time Elapsed:  00:01:18
</pre>
</body>
</html>
