Component: ARM Compiler 5.06 update 7 (build 960) Tool: armlink [4d3601]

==============================================================================

Section Cross References

    startup_stm32f401xe.o(STACK) refers (Special) to heapauxi.o(.text) for __use_two_region_memory
    startup_stm32f401xe.o(HEAP) refers (Special) to heapauxi.o(.text) for __use_two_region_memory
    startup_stm32f401xe.o(RESET) refers (Special) to heapauxi.o(.text) for __use_two_region_memory
    startup_stm32f401xe.o(RESET) refers to startup_stm32f401xe.o(STACK) for __initial_sp
    startup_stm32f401xe.o(RESET) refers to startup_stm32f401xe.o(.text) for Reset_Handler
    startup_stm32f401xe.o(RESET) refers to stm32f4xx_it.o(i.NMI_Handler) for NMI_Handler
    startup_stm32f401xe.o(RESET) refers to stm32f4xx_it.o(i.HardFault_Handler) for HardFault_Handler
    startup_stm32f401xe.o(RESET) refers to stm32f4xx_it.o(i.MemManage_Handler) for MemManage_Handler
    startup_stm32f401xe.o(RESET) refers to stm32f4xx_it.o(i.BusFault_Handler) for BusFault_Handler
    startup_stm32f401xe.o(RESET) refers to stm32f4xx_it.o(i.UsageFault_Handler) for UsageFault_Handler
    startup_stm32f401xe.o(RESET) refers to port.o(.emb_text) for SVC_Handler
    startup_stm32f401xe.o(RESET) refers to stm32f4xx_it.o(i.DebugMon_Handler) for DebugMon_Handler
    startup_stm32f401xe.o(RESET) refers to stm32f4xx_it.o(i.SysTick_Handler) for SysTick_Handler
    startup_stm32f401xe.o(RESET) refers to stm32f4xx_it.o(i.USART1_IRQHandler) for USART1_IRQHandler
    startup_stm32f401xe.o(RESET) refers to stm32f4xx_it.o(i.USART2_IRQHandler) for USART2_IRQHandler
    startup_stm32f401xe.o(RESET) refers to stm32f4xx_it.o(i.USART6_IRQHandler) for USART6_IRQHandler
    startup_stm32f401xe.o(.text) refers (Special) to heapauxi.o(.text) for __use_two_region_memory
    startup_stm32f401xe.o(.text) refers to system_stm32f4xx.o(i.SystemInit) for SystemInit
    startup_stm32f401xe.o(.text) refers to __main.o(!!!main) for __main
    startup_stm32f401xe.o(.text) refers to startup_stm32f401xe.o(HEAP) for Heap_Mem
    startup_stm32f401xe.o(.text) refers to startup_stm32f401xe.o(STACK) for Stack_Mem
    uartringbuffer_multi.o(i.Copy_upto) refers to strlen.o(.text) for strlen
    uartringbuffer_multi.o(i.Copy_upto) refers to uartringbuffer_multi.o(i.IsDataAvailable) for IsDataAvailable
    uartringbuffer_multi.o(i.Copy_upto) refers to uartringbuffer_multi.o(i.Uart_peek) for Uart_peek
    uartringbuffer_multi.o(i.Copy_upto) refers to uartringbuffer_multi.o(i.Uart_read) for Uart_read
    uartringbuffer_multi.o(i.Copy_upto) refers to uartringbuffer_multi.o(.data) for .data
    uartringbuffer_multi.o(i.GetDataFromBuffer) refers to strlen.o(.text) for strlen
    uartringbuffer_multi.o(i.Get_after) refers to uartringbuffer_multi.o(i.Wait_for) for Wait_for
    uartringbuffer_multi.o(i.Get_after) refers to uartringbuffer_multi.o(i.IsDataAvailable) for IsDataAvailable
    uartringbuffer_multi.o(i.Get_after) refers to uartringbuffer_multi.o(i.Uart_read) for Uart_read
    uartringbuffer_multi.o(i.IsDataAvailable) refers to main.o(.bss) for huart1
    uartringbuffer_multi.o(i.IsDataAvailable) refers to uartringbuffer_multi.o(.data) for .data
    uartringbuffer_multi.o(i.Look_for) refers to strlen.o(.text) for strlen
    uartringbuffer_multi.o(i.MQTT_Buffer_RX_CLEAN) refers to rt_memclr_w.o(.text) for __aeabi_memclr4
    uartringbuffer_multi.o(i.MQTT_Buffer_RX_CLEAN) refers to uartringbuffer_multi.o(.data) for .data
    uartringbuffer_multi.o(i.MQTT_Connect) refers to uartringbuffer_multi.o(i.MQTT_Buffer_RX_CLEAN) for MQTT_Buffer_RX_CLEAN
    uartringbuffer_multi.o(i.MQTT_Connect) refers to uartringbuffer_multi.o(i.MQTT_SendBuf) for MQTT_SendBuf
    uartringbuffer_multi.o(i.MQTT_Connect) refers to uartringbuffer_multi.o(.bss) for .bss
    uartringbuffer_multi.o(i.MQTT_Connect) refers to uartringbuffer_multi.o(.data) for .data
    uartringbuffer_multi.o(i.MQTT_SendBuf) refers to uartringbuffer_multi.o(i.Uart_write_data) for Uart_write_data
    uartringbuffer_multi.o(i.MQTT_SendBuf) refers to main.o(.bss) for huart1
    uartringbuffer_multi.o(i.Ringbuf_init) refers to uartringbuffer_multi.o(.bss) for .bss
    uartringbuffer_multi.o(i.Ringbuf_init) refers to uartringbuffer_multi.o(.data) for .data
    uartringbuffer_multi.o(i.Ringbuf_init) refers to main.o(.bss) for huart1
    uartringbuffer_multi.o(i.Uart_flush) refers to rt_memclr_w.o(.text) for __aeabi_memclr4
    uartringbuffer_multi.o(i.Uart_flush) refers to main.o(.bss) for huart1
    uartringbuffer_multi.o(i.Uart_flush) refers to uartringbuffer_multi.o(.data) for .data
    uartringbuffer_multi.o(i.Uart_isr) refers to uartringbuffer_multi.o(i.store_char) for store_char
    uartringbuffer_multi.o(i.Uart_isr) refers to main.o(.bss) for huart1
    uartringbuffer_multi.o(i.Uart_isr) refers to uartringbuffer_multi.o(.data) for .data
    uartringbuffer_multi.o(i.Uart_isr) refers to uartringbuffer_multi.o(.bss) for .bss
[...]
    ../clib/printf.c                         0x00000000   Number         0  __printf_flags_ss_wp.o ABSOLUTE
    ../clib/printf.c                         0x00000000   Number         0  _sputc.o ABSOLUTE
    ../clib/printf.c                         0x00000000   Number         0  _printf_char.o ABSOLUTE
    ../clib/printf.c                         0x00000000   Number         0  noretval__2sprintf.o ABSOLUTE
    ../clib/printf.c                         0x00000000   Number         0  __2sprintf.o ABSOLUTE
    ../clib/printf.c                         0x00000000   Number         0  __printf_flags_wp.o ABSOLUTE
    ../clib/printf.c                         0x00000000   Number         0  _printf_intcommon.o ABSOLUTE
    ../clib/printf.c                         0x00000000   Number         0  __printf_nopercent.o ABSOLUTE
    ../clib/printf.c                         0x00000000   Number         0  _printf_char_common.o ABSOLUTE
    ../clib/printf.c                         0x00000000   Number         0  __printf_wp.o ABSOLUTE
    ../clib/printf.c                         0x00000000   Number         0  __printf_flags_ss.o ABSOLUTE
    ../clib/printf.c                         0x00000000   Number         0  __printf_ss.o ABSOLUTE
    ../clib/printf.c                         0x00000000   Number         0  __printf_flags.o ABSOLUTE
    ../clib/printf.c                         0x00000000   Number         0  _printf_dec.o ABSOLUTE
    ../clib/printf.c                         0x00000000   Number         0  _printf_str.o ABSOLUTE
    ../clib/printf.c                         0x00000000   Number         0  __printf.o ABSOLUTE
    ../clib/printf_percent.s                 0x00000000   Number         0  _printf_percent.o ABSOLUTE
    ../clib/printf_percent.s                 0x00000000   Number         0  _printf_d.o ABSOLUTE
    ../clib/printf_percent.s                 0x00000000   Number         0  _printf_percent_end.o ABSOLUTE
    ../clib/printf_percent.s                 0x00000000   Number         0  _printf_s.o ABSOLUTE
    ../clib/signal.c                         0x00000000   Number         0  defsig_rtmem_outer.o ABSOLUTE
    ../clib/signal.c                         0x00000000   Number         0  defsig_rtmem_formal.o ABSOLUTE
    ../clib/signal.c                         0x00000000   Number         0  defsig_exit.o ABSOLUTE
    ../clib/signal.c                         0x00000000   Number         0  defsig_pvfn_inner.o ABSOLUTE
    ../clib/signal.c                         0x00000000   Number         0  defsig_cppl_inner.o ABSOLUTE
    ../clib/signal.c                         0x00000000   Number         0  defsig_segv_inner.o ABSOLUTE
    ../clib/signal.c                         0x00000000   Number         0  defsig_other.o ABSOLUTE
    ../clib/signal.c                         0x00000000   Number         0  defsig_fpe_formal.o ABSOLUTE
    ../clib/signal.c                         0x00000000   Number         0  defsig_stak_inner.o ABSOLUTE
    ../clib/signal.c                         0x00000000   Number         0  defsig_fpe_outer.o ABSOLUTE
    ../clib/signal.c                         0x00000000   Number         0  __raise.o ABSOLUTE
    ../clib/signal.c                         0x00000000   Number         0  defsig_fpe_inner.o ABSOLUTE
    ../clib/signal.c                         0x00000000   Number         0  defsig_general.o ABSOLUTE
    ../clib/signal.c                         0x00000000   Number         0  defsig_abrt_inner.o ABSOLUTE
    ../clib/signal.c                         0x00000000   Number         0  defsig_rtred_inner.o ABSOLUTE
    ../clib/signal.c                         0x00000000   Number         0  defsig_rtmem_inner.o ABSOLUTE
    ../clib/signal.s                         0x00000000   Number         0  defsig.o ABSOLUTE
    ../clib/stdlib.c                         0x00000000   Number         0  exit.o ABSOLUTE
    ../clib/string.c                         0x00000000   Number         0  strcat.o ABSOLUTE
    ../clib/string.c                         0x00000000   Number         0  strlen.o ABSOLUTE
    ../fplib/fpinit.s                        0x00000000   Number         0  fpinit.o ABSOLUTE
    ..\..\..\..\STM32\STM32F401\UART\Core\Src\ESP8266_HAL.c 0x00000000   Number         0  esp8266_hal.o ABSOLUTE
    ..\Core\Src\UartRingbuffer_multi.c       0x00000000   Number         0  uartringbuffer_multi.o ABSOLUTE
    ..\Core\Src\freertos.c                   0x00000000   Number         0  freertos.o ABSOLUTE
    ..\Core\Src\main.c                       0x00000000   Number         0  main.o ABSOLUTE
    ..\Core\Src\stm32f4xx_hal_msp.c          0x00000000   Number         0  stm32f4xx_hal_msp.o ABSOLUTE
    ..\Core\Src\stm32f4xx_it.c               0x00000000   Number         0  stm32f4xx_it.o ABSOLUTE
    ..\Core\Src\system_stm32f4xx.c           0x00000000   Number         0  system_stm32f4xx.o ABSOLUTE
    ..\Drivers\STM32F4xx_HAL_Driver\Src\stm32f4xx_hal.c 0x00000000   Number         0  stm32f4xx_hal.o ABSOLUTE
    ..\Drivers\STM32F4xx_HAL_Driver\Src\stm32f4xx_hal_cortex.c 0x00000000   Number         0  stm32f4xx_hal_cortex.o ABSOLUTE
    ..\Drivers\STM32F4xx_HAL_Driver\Src\stm32f4xx_hal_dma.c 0x00000000   Number         0  stm32f4xx_hal_dma.o ABSOLUTE
    ..\Drivers\STM32F4xx_HAL_Driver\Src\stm32f4xx_hal_dma_ex.c 0x00000000   Number         0  stm32f4xx_hal_dma_ex.o ABSOLUTE
    ..\Drivers\STM32F4xx_HAL_Driver\Src\stm32f4xx_hal_exti.c 0x00000000   Number         0  stm32f4xx_hal_exti.o ABSOLUTE
    ..\Drivers\STM32F4xx_HAL_Driver\Src\stm32f4xx_hal_flash.c 0x00000000   Number         0  stm32f4xx_hal_flash.o ABSOLUTE
    ..\Drivers\STM32F4xx_HAL_Driver\Src\stm32f4xx_hal_flash_ex.c 0x00000000   Number         0  stm32f4xx_hal_flash_ex.o ABSOLUTE
    ..\Drivers\STM32F4xx_HAL_Driver\Src\stm32f4xx_hal_flash_ramfunc.c 0x00000000   Number         0  stm32f4xx_hal_flash_ramfunc.o ABSOLUTE
    ..\Drivers\STM32F4xx_HAL_Driver\Src\stm32f4xx_hal_gpio.c 0x00000000   Number         0  stm32f4xx_hal_gpio.o ABSOLUTE
    ..\Drivers\STM32F4xx_HAL_Driver\Src\stm32f4xx_hal_pwr.c 0x00000000   Number         0  stm32f4xx_hal_pwr.o ABSOLUTE
    ..\Drivers\STM32F4xx_HAL_Driver\Src\stm32f4xx_hal_pwr_ex.c 0x00000000   Number         0  stm32f4xx_hal_pwr_ex.o ABSOLUTE
    ..\Drivers\STM32F4xx_HAL_Driver\Src\stm32f4xx_hal_rcc.c 0x00000000   Number         0  stm32f4xx_hal_rcc.o ABSOLUTE
    ..\Drivers\STM32F4xx_HAL_Driver\Src\stm32f4xx_hal_rcc_ex.c 0x00000000   Number         0  stm32f4xx_hal_rcc_ex.o ABSOLUTE
    ..\Drivers\STM32F4xx_HAL_Driver\Src\stm32f4xx_hal_tim.c 0x00000000   Number         0  stm32f4xx_hal_tim.o ABSOLUTE
    ..\Drivers\STM32F4xx_HAL_Driver\Src\stm32f4xx_hal_tim_ex.c 0x00000000   Number         0  stm32f4xx_hal_tim_ex.o ABSOLUTE
    ..\Drivers\STM32F4xx_HAL_Driver\Src\stm32f4xx_hal_uart.c 0x00000000   Number         0  stm32f4xx_hal_uart.o ABSOLUTE
    ..\Middlewares\Third_Party\FreeRTOS\Source\CMSIS_RTOS\cmsis_os.c 0x00000000   Number         0  cmsis_os.o ABSOLUTE
    ..\Middlewares\Third_Party\FreeRTOS\Source\portable\RVDS\ARM_CM4F\port.c 0x00000000   Number         0  port.o ABSOLUTE
    ..\\..\\..\\..\\STM32\\STM32F401\\UART\\Core\\Src\\ESP8266_HAL.c 0x00000000   Number         0  esp8266_hal.o ABSOLUTE
    ..\\Core\\Src\\UartRingbuffer_multi.c    0x00000000   Number         0  uartringbuffer_multi.o ABSOLUTE
    dc.s                                     0x00000000   Number         0  dc.o ABSOLUTE
    startup_stm32f401xe.s                    0x00000000   Number         0  startup_stm32f401xe.o ABSOLUTE
    RESET                                    0x08000000   Section      404  startup_stm32f401xe.o(RESET)
    !!!main                                  0x08000194   Section        8  __main.o(!!!main)
    !!!scatter                               0x0800019c   Section       52  __scatter.o(!!!scatter)
    !!handler_copy                           0x080001d0   Section       26  __scatter_copy.o(!!handler_copy)
    !!handler_zi                             0x080001ec   Section       28  __scatter_zi.o(!!handler_zi)
    .ARM.Collect$$_printf_percent$$00000000  0x08000208   Section        0  _printf_percent.o(.ARM.Collect$$_printf_percent$$00000000)
    .ARM.Collect$$_printf_percent$$00000014  0x08000208   Section        6  _printf_s.o(.ARM.Collect$$_printf_percent$$00000014)
    .ARM.Collect$$_printf_percent$$00000017  0x0800020e   Section        4  _printf_percent_end.o(.ARM.Collect$$_printf_percent$$00000017)
    .ARM.Collect$$libinit$$00000000          0x08000212   Section        2  libinit.o(.ARM.Collect$$libinit$$00000000)
    .ARM.Collect$$libinit$$00000001          0x08000214   Section        4  libinit2.o(.ARM.Collect$$libinit$$00000001)
    .ARM.Collect$$libinit$$00000004          0x08000218   Section        0  libinit2.o(.ARM.Collect$$libinit$$00000004)
    .ARM.Collect$$libinit$$0000000A          0x08000218   Section        0  libinit2.o(.ARM.Collect$$libinit$$0000000A)
    .ARM.Collect$$libinit$$0000000C          0x08000218   Section        0  libinit2.o(.ARM.Collect$$libinit$$0000000C)
    .ARM.Collect$$libinit$$0000000E          0x08000218   Section        0  libinit2.o(.ARM.Collect$$libinit$$0000000E)
    .ARM.Collect$$libinit$$00000011          0x08000218   Section        0  libinit2.o(.ARM.Collect$$libinit$$00000011)
    .ARM.Collect$$libinit$$00000013          0x08000218   Section        0  libinit2.o(.ARM.Collect$$libinit$$00000013)
    .ARM.Collect$$libinit$$00000015          0x08000218   Section        0  libinit2.o(.ARM.Collect$$libinit$$00000015)
    .ARM.Collect$$libinit$$00000017          0x08000218   Section        0  libinit2.o(.ARM.Collect$$libinit$$00000017)
    .ARM.Collect$$libinit$$00000019          0x08000218   Section        0  libinit2.o(.ARM.Collect$$libinit$$00000019)
    .ARM.Collect$$libinit$$0000001B          0x08000218   Section        0  libinit2.o(.ARM.Collect$$libinit$$0000001B)
    .ARM.Collect$$libinit$$0000001D          0x08000218   Section        0  libinit2.o(.ARM.Collect$$libinit$$0000001D)
    .ARM.Collect$$libinit$$0000001F          0x08000218   Section        0  libinit2.o(.ARM.Collect$$libinit$$0000001F)
    .ARM.Collect$$libinit$$00000021          0x08000218   Section        0  libinit2.o(.ARM.Collect$$libinit$$00000021)
    .ARM.Collect$$libinit$$00000023          0x08000218   Section        0  libinit2.o(.ARM.Collect$$libinit$$00000023)
    .ARM.Collect$$libinit$$00000025          0x08000218   Section        0  libinit2.o(.ARM.Collect$$libinit$$00000025)
    .ARM.Collect$$libinit$$0000002C          0x08000218   Section        0  libinit2.o(.ARM.Collect$$libinit$$0000002C)
    .ARM.Collect$$libinit$$0000002E          0x08000218   Section        0  libinit2.o(.ARM.Collect$$libinit$$0000002E)
    .ARM.Collect$$libinit$$00000030          0x08000218   Section        0  libinit2.o(.ARM.Collect$$libinit$$00000030)
    .ARM.Collect$$libinit$$00000032          0x08000218   Section        0  libinit2.o(.ARM.Collect$$libinit$$00000032)
    .ARM.Collect$$libinit$$00000033          0x08000218   Section        2  libinit2.o(.ARM.Collect$$libinit$$00000033)
    .ARM.Collect$$libshutdown$$00000000      0x0800021a   Section        2  libshutdown.o(.ARM.Collect$$libshutdown$$00000000)
    .ARM.Collect$$libshutdown$$00000002      0x0800021c   Section        0  libshutdown2.o(.ARM.Collect$$libshutdown$$00000002)
    .ARM.Collect$$libshutdown$$00000004      0x0800021c   Section        0  libshutdown2.o(.ARM.Collect$$libshutdown$$00000004)
    .ARM.Collect$$libshutdown$$00000006      0x0800021c   Section        0  libshutdown2.o(.ARM.Collect$$libshutdown$$00000006)
    .ARM.Collect$$libshutdown$$00000009      0x0800021c   Section        0  libshutdown2.o(.ARM.Collect$$libshutdown$$00000009)
    .ARM.Collect$$libshutdown$$0000000C      0x0800021c   Section        0  libshutdown2.o(.ARM.Collect$$libshutdown$$0000000C)
    .ARM.Collect$$libshutdown$$0000000E      0x0800021c   Section        0  libshutdown2.o(.ARM.Collect$$libshutdown$$0000000E)
    .ARM.Collect$$libshutdown$$00000011      0x0800021c   Section        0  libshutdown2.o(.ARM.Collect$$libshutdown$$00000011)
    .ARM.Collect$$libshutdown$$00000012      0x0800021c   Section        2  libshutdown2.o(.ARM.Collect$$libshutdown$$00000012)
    .ARM.Collect$$rtentry$$00000000          0x0800021e   Section        0  __rtentry.o(.ARM.Collect$$rtentry$$00000000)
    .ARM.Collect$$rtentry$$00000002          0x0800021e   Section        0  __rtentry2.o(.ARM.Collect$$rtentry$$00000002)
    .ARM.Collect$$rtentry$$00000004          0x0800021e   Section        6  __rtentry4.o(.ARM.Collect$$rtentry$$00000004)
    .ARM.Collect$$rtentry$$00000009          0x08000224   Section        0  __rtentry2.o(.ARM.Collect$$rtentry$$00000009)
    .ARM.Collect$$rtentry$$0000000A          0x08000224   Section        4  __rtentry2.o(.ARM.Collect$$rtentry$$0000000A)
    .ARM.Collect$$rtentry$$0000000C          0x08000228   Section        0  __rtentry2.o(.ARM.Collect$$rtentry$$0000000C)
    .ARM.Collect$$rtentry$$0000000D          0x08000228   Section        8  __rtentry2.o(.ARM.Collect$$rtentry$$0000000D)
    .ARM.Collect$$rtexit$$00000000           0x08000230   Section        2  rtexit.o(.ARM.Collect$$rtexit$$00000000)
    .ARM.Collect$$rtexit$$00000002           0x08000232   Section        0  rtexit2.o(.ARM.Collect$$rtexit$$00000002)
    .ARM.Collect$$rtexit$$00000003           0x08000232   Section        4  rtexit2.o(.ARM.Collect$$rtexit$$00000003)
    .ARM.Collect$$rtexit$$00000004           0x08000236   Section        6  rtexit2.o(.ARM.Collect$$rtexit$$00000004)
    .emb_text                                0x0800023c   Section      190  port.o(.emb_text)
    $v0                                      0x0800023c   Number         0  port.o(.emb_text)
    .text                                    0x080002fc   Section       64  startup_stm32f401xe.o(.text)
    $v0                                      0x080002fc   Number         0  startup_stm32f401xe.o(.text)
    .text                                    0x0800033c   Section      238  lludivv7m.o(.text)
    .text                                    0x0800042c   Section        0  noretval__2sprintf.o(.text)
    .text                                    0x08000454   Section        0  __printf.o(.text)
    .text                                    0x080004bc   Section        0  _printf_str.o(.text)
    .text                                    0x0800050e   Section        0  strlen.o(.text)
    .text                                    0x0800054c   Section      100  rt_memcpy_w.o(.text)
    .text                                    0x080005b0   Section       78  rt_memclr_w.o(.text)
    .text                                    0x080005fe   Section        0  heapauxi.o(.text)
    .text                                    0x08000604   Section        0  _printf_char_common.o(.text)
    _printf_input_char                       0x08000605   Thumb Code    10  _printf_char_common.o(.text)
    .text                                    0x08000634   Section        0  _sputc.o(.text)
    .text                                    0x0800063e   Section        0  _printf_char.o(.text)
    .text                                    0x0800066a   Section       74  sys_stackheap_outer.o(.text)
    .text                                    0x080006b4   Section        0  exit.o(.text)
    .text                                    0x080006c8   Section        8  libspace.o(.text)
    .text                                    0x080006d0   Section        0  sys_exit.o(.text)
    .text                                    0x080006dc   Section        2  use_no_semi.o(.text)
    .text                                    0x080006de   Section        0  indicate_semi.o(.text)
    i.BusFault_Handler                       0x080006de   Section        0  stm32f4xx_it.o(i.BusFault_Handler)
    i.Copy_upto                              0x080006e0   Section        0  uartringbuffer_multi.o(i.Copy_upto)
    i.DebugMon_Handler                       0x08000778   Section        0  stm32f4xx_it.o(i.DebugMon_Handler)
    i.ESP_Init                               0x0800077c   Section        0  esp8266_hal.o(i.ESP_Init)
    i.ESP_Send_Data                          0x08000a24   Section        0  freertos.o(i.ESP_Send_Data)
    i.HAL_DMA_Abort                          0x08000b58   Section        0  stm32f4xx_hal_dma.o(i.HAL_DMA_Abort)
    i.HAL_DMA_Abort_IT                       0x08000bea   Section        0  stm32f4xx_hal_dma.o(i.HAL_DMA_Abort_IT)
    i.HAL_Delay                              0x08000c10   Section        0  stm32f4xx_hal.o(i.HAL_Delay)
    i.HAL_GPIO_Init                          0x08000c34   Section        0  stm32f4xx_hal_gpio.o(i.HAL_GPIO_Init)
    i.HAL_GPIO_TogglePin                     0x08000e14   Section        0  stm32f4xx_hal_gpio.o(i.HAL_GPIO_TogglePin)
    i.HAL_GetTick                            0x08000e24   Section        0  stm32f4xx_hal.o(i.HAL_GetTick)
    i.HAL_IncTick                            0x08000e30   Section        0  stm32f4xx_hal.o(i.HAL_IncTick)
    i.HAL_Init                               0x08000e40   Section        0  stm32f4xx_hal.o(i.HAL_Init)
    i.HAL_InitTick                           0x08000e74   Section        0  stm32f4xx_hal.o(i.HAL_InitTick)
    i.HAL_MspInit                            0x08000eb4   Section        0  stm32f4xx_hal_msp.o(i.HAL_MspInit)
    i.HAL_NVIC_EnableIRQ                     0x08000eec   Section        0  stm32f4xx_hal_cortex.o(i.HAL_NVIC_EnableIRQ)
    i.HAL_NVIC_SetPriority                   0x08000f08   Section        0  stm32f4xx_hal_cortex.o(i.HAL_NVIC_SetPriority)
    i.HAL_NVIC_SetPriorityGrouping           0x08000f48   Section        0  stm32f4xx_hal_cortex.o(i.HAL_NVIC_SetPriorityGrouping)
    i.HAL_RCC_ClockConfig                    0x08000f6c   Section        0  stm32f4xx_hal_rcc.o(i.HAL_RCC_ClockConfig)
    i.HAL_RCC_GetPCLK1Freq                   0x080010a0   Section        0  stm32f4xx_hal_rcc.o(i.HAL_RCC_GetPCLK1Freq)
    i.HAL_RCC_GetPCLK2Freq                   0x080010c0   Section        0  stm32f4xx_hal_rcc.o(i.HAL_RCC_GetPCLK2Freq)
    i.HAL_RCC_GetSysClockFreq                0x080010e0   Section        0  stm32f4xx_hal_rcc.o(i.HAL_RCC_GetSysClockFreq)
    i.HAL_RCC_OscConfig                      0x08001144   Section        0  stm32f4xx_hal_rcc.o(i.HAL_RCC_OscConfig)
    i.HAL_SYSTICK_Config                     0x080014b0   Section        0  stm32f4xx_hal_cortex.o(i.HAL_SYSTICK_Config)
    i.HAL_UARTEx_RxEventCallback             0x080014d8   Section        0  stm32f4xx_hal_uart.o(i.HAL_UARTEx_RxEventCallback)
    i.HAL_UART_ErrorCallback                 0x080014da   Section        0  stm32f4xx_hal_uart.o(i.HAL_UART_ErrorCallback)
    i.HAL_UART_IRQHandler                    0x080014dc   Section        0  stm32f4xx_hal_uart.o(i.HAL_UART_IRQHandler)
    i.HAL_UART_Init                          0x08001744   Section        0  stm32f4xx_hal_uart.o(i.HAL_UART_Init)
    i.HAL_UART_MspInit                       0x080017a8   Section        0  stm32f4xx_hal_msp.o(i.HAL_UART_MspInit)
    i.HAL_UART_RxCpltCallback                0x080018c4   Section        0  stm32f4xx_hal_uart.o(i.HAL_UART_RxCpltCallback)
    i.HAL_UART_TxCpltCallback                0x080018c6   Section        0  stm32f4xx_hal_uart.o(i.HAL_UART_TxCpltCallback)
    i.HardFault_Handler                      0x080018c8   Section        0  stm32f4xx_it.o(i.HardFault_Handler)
    i.IsDataAvailable                        0x080018cc   Section        0  uartringbuffer_multi.o(i.IsDataAvailable)
    i.MQTT_Buffer_RX_CLEAN                   0x08001904   Section        0  uartringbuffer_multi.o(i.MQTT_Buffer_RX_CLEAN)
    i.MQTT_Connect                           0x08001920   Section        0  uartringbuffer_multi.o(i.MQTT_Connect)
    i.MQTT_SendBuf                           0x08001a2c   Section        0  uartringbuffer_multi.o(i.MQTT_SendBuf)
    i.MX_GPIO_Init                           0x08001a38   Section        0  main.o(i.MX_GPIO_Init)
    MX_GPIO_Init                             0x08001a39   Thumb Code    62  main.o(i.MX_GPIO_Init)
    i.MemManage_Handler                      0x08001a84   Section        0  stm32f4xx_it.o(i.MemManage_Handler)
    i.NMI_Handler                            0x08001a86   Section        0  stm32f4xx_it.o(i.NMI_Handler)
    i.RTOS_Initliaze                         0x08001a88   Section        0  freertos.o(i.RTOS_Initliaze)
    i.Ringbuf_init                           0x08001adc   Section        0  uartringbuffer_multi.o(i.Ringbuf_init)
    i.StartDefaultTask                       0x08001b34   Section        0  freertos.o(i.StartDefaultTask)
    i.StartTask02                            0x08001b4c   Section        0  freertos.o(i.StartTask02)
    i.StartTask03                            0x08001b84   Section        0  freertos.o(i.StartTask03)
    i.SysTick_Handler                        0x08001b90   Section        0  stm32f4xx_it.o(i.SysTick_Handler)
    i.SystemClock_Config                     0x08001ba8   Section        0  main.o(i.SystemClock_Config)
    i.SystemInit                             0x08001c3c   Section        0  system_stm32f4xx.o(i.SystemInit)
    i.UART_DMAAbortOnError                   0x08001c4c   Section        0  stm32f4xx_hal_uart.o(i.UART_DMAAbortOnError)
    UART_DMAAbortOnError                     0x08001c4d   Thumb Code    16  stm32f4xx_hal_uart.o(i.UART_DMAAbortOnError)
    i.UART_EndRxTransfer                     0x08001c5c   Section        0  stm32f4xx_hal_uart.o(i.UART_EndRxTransfer)
    UART_EndRxTransfer                       0x08001c5d   Thumb Code    78  stm32f4xx_hal_uart.o(i.UART_EndRxTransfer)
    i.UART_Receive_IT                        0x08001caa   Section        0  stm32f4xx_hal_uart.o(i.UART_Receive_IT)
    UART_Receive_IT                          0x08001cab   Thumb Code   192  stm32f4xx_hal_uart.o(i.UART_Receive_IT)
    i.UART_SetConfig                         0x08001d6c   Section        0  stm32f4xx_hal_uart.o(i.UART_SetConfig)
    UART_SetConfig                           0x08001d6d   Thumb Code   258  stm32f4xx_hal_uart.o(i.UART_SetConfig)
    i.USART1_IRQHandler                      0x08001e78   Section        0  stm32f4xx_it.o(i.USART1_IRQHandler)
    i.USART2_IRQHandler                      0x08001e90   Section        0  stm32f4xx_it.o(i.USART2_IRQHandler)
    i.USART6_IRQHandler                      0x08001ea8   Section        0  stm32f4xx_it.o(i.USART6_IRQHandler)
    i.Uart_flush                             0x08001ec0   Section        0  uartringbuffer_multi.o(i.Uart_flush)
    i.Uart_isr                               0x08001f08   Section        0  uartringbuffer_multi.o(i.Uart_isr)
    i.Uart_peek                              0x08001f9c   Section        0  uartringbuffer_multi.o(i.Uart_peek)
    i.Uart_read                              0x08001fd8   Section        0  uartringbuffer_multi.o(i.Uart_read)
    i.Uart_sendstring                        0x08002024   Section        0  uartringbuffer_multi.o(i.Uart_sendstring)
    i.Uart_write                             0x0800203c   Section        0  uartringbuffer_multi.o(i.Uart_write)
    i.Uart_write_data                        0x080020a0   Section        0  uartringbuffer_multi.o(i.Uart_write_data)
    i.UsageFault_Handler                     0x08002100   Section        0  stm32f4xx_it.o(i.UsageFault_Handler)
    i.Wait_for                               0x08002104   Section        0  uartringbuffer_multi.o(i.Wait_for)
    i.__NVIC_SetPriority                     0x08002174   Section        0  stm32f4xx_hal_cortex.o(i.__NVIC_SetPriority)
    __NVIC_SetPriority                       0x08002175   Thumb Code    32  stm32f4xx_hal_cortex.o(i.__NVIC_SetPriority)
    i.main                                   0x08002194   Section        0  main.o(i.main)
    i.makeFreeRtosPriority                   0x08002240   Section        0  cmsis_os.o(i.makeFreeRtosPriority)
    makeFreeRtosPriority                     0x08002241   Thumb Code    12  cmsis_os.o(i.makeFreeRtosPriority)
    i.osDelay                                0x0800224c   Section        0  cmsis_os.o(i.osDelay)
    i.osKernelStart                          0x0800225a   Section        0  cmsis_os.o(i.osKernelStart)
    i.osThreadCreate                         0x08002264   Section        0  cmsis_os.o(i.osThreadCreate)
    i.prvAddCurrentTaskToDelayedList         0x080022b8   Section        0  tasks.o(i.prvAddCurrentTaskToDelayedList)
    prvAddCurrentTaskToDelayedList           0x080022b9   Thumb Code   102  tasks.o(i.prvAddCurrentTaskToDelayedList)
    i.prvAddNewTaskToReadyList               0x08002328   Section        0  tasks.o(i.prvAddNewTaskToReadyList)
    prvAddNewTaskToReadyList                 0x08002329   Thumb Code   194  tasks.o(i.prvAddNewTaskToReadyList)
    i.prvDeleteTCB                           0x080023f8   Section        0  tasks.o(i.prvDeleteTCB)
    prvDeleteTCB                             0x080023f9   Thumb Code    52  tasks.o(i.prvDeleteTCB)
    i.prvHeapInit                            0x0800242c   Section        0  heap_4.o(i.prvHeapInit)
    prvHeapInit                              0x0800242d   Thumb Code    66  heap_4.o(i.prvHeapInit)
    i.prvIdleTask                            0x08002478   Section        0  tasks.o(i.prvIdleTask)
    prvIdleTask                              0x08002479   Thumb Code    82  tasks.o(i.prvIdleTask)
    i.prvInitialiseNewTask                   0x080024d8   Section        0  tasks.o(i.prvInitialiseNewTask)
    prvInitialiseNewTask                     0x080024d9   Thumb Code   152  tasks.o(i.prvInitialiseNewTask)
    i.prvInsertBlockIntoFreeList             0x08002570   Section        0  heap_4.o(i.prvInsertBlockIntoFreeList)
    prvInsertBlockIntoFreeList               0x08002571   Thumb Code    72  heap_4.o(i.prvInsertBlockIntoFreeList)
    i.prvResetNextTaskUnblockTime            0x080025bc   Section        0  tasks.o(i.prvResetNextTaskUnblockTime)
    prvResetNextTaskUnblockTime              0x080025bd   Thumb Code    26  tasks.o(i.prvResetNextTaskUnblockTime)
    i.prvTaskExitError                       0x080025dc   Section        0  port.o(i.prvTaskExitError)
    prvTaskExitError                         0x080025dd   Thumb Code    36  port.o(i.prvTaskExitError)
    i.pvPortMalloc                           0x08002604   Section        0  heap_4.o(i.pvPortMalloc)
    i.pxPortInitialiseStack                  0x080026e0   Section        0  port.o(i.pxPortInitialiseStack)
    i.store_char                             0x0800270c   Section        0  uartringbuffer_multi.o(i.store_char)
    i.uxListRemove                           0x0800272a   Section        0  list.o(i.uxListRemove)
    i.vApplicationGetIdleTaskMemory          0x08002750   Section        0  freertos.o(i.vApplicationGetIdleTaskMemory)
    i.vListInitialise                        0x08002764   Section        0  list.o(i.vListInitialise)
    i.vListInitialiseItem                    0x0800277a   Section        0  list.o(i.vListInitialiseItem)
    i.vListInsert                            0x08002780   Section        0  list.o(i.vListInsert)
    i.vListInsertEnd                         0x080027b0   Section        0  list.o(i.vListInsertEnd)
    i.vPortEnterCritical                     0x080027c8   Section        0  port.o(i.vPortEnterCritical)
    i.vPortExitCritical                      0x08002808   Section        0  port.o(i.vPortExitCritical)
    i.vPortFree                              0x08002830   Section        0  heap_4.o(i.vPortFree)
    i.vPortSetupTimerInterrupt               0x08002894   Section        0  port.o(i.vPortSetupTimerInterrupt)
    i.vTaskDelay                             0x080028b8   Section        0  tasks.o(i.vTaskDelay)
    i.vTaskStartScheduler                    0x08002904   Section        0  tasks.o(i.vTaskStartScheduler)
    i.vTaskSuspendAll                        0x08002970   Section        0  tasks.o(i.vTaskSuspendAll)
    i.vTaskSwitchContext                     0x08002980   Section        0  tasks.o(i.vTaskSwitchContext)
    i.xPortStartScheduler                    0x080029dc   Section        0  port.o(i.xPortStartScheduler)
    i.xPortSysTickHandler                    0x08002ad0   Section        0  port.o(i.xPortSysTickHandler)
    i.xTaskCreate                            0x08002afc   Section        0  tasks.o(i.xTaskCreate)
    i.xTaskCreateStatic                      0x08002b56   Section        0  tasks.o(i.xTaskCreateStatic)
    i.xTaskGetSchedulerState                 0x08002bac   Section        0  tasks.o(i.xTaskGetSchedulerState)
    i.xTaskIncrementTick                     0x08002bc8   Section        0  tasks.o(i.xTaskIncrementTick)
    i.xTaskResumeAll                         0x08002c94   Section        0  tasks.o(i.xTaskResumeAll)
    x$fpl$fpinit                             0x08002d58   Section       10  fpinit.o(x$fpl$fpinit)
    $v0                                      0x08002d58   Number         0  fpinit.o(x$fpl$fpinit)
    .constdata                               0x08002d64   Section       84  freertos.o(.constdata)
    .constdata                               0x08002db8   Section       16  system_stm32f4xx.o(.constdata)
    .constdata                               0x08002dc8   Section        8  system_stm32f4xx.o(.constdata)
    .conststring                             0x08002dd0   Section       33  freertos.o(.conststring)
    .data                                    0x20000000   Section       20  uartringbuffer_multi.o(.data)
    .data                                    0x20000014   Section       12  freertos.o(.data)
    .data                                    0x20000020   Section       12  stm32f4xx_hal.o(.data)
    .data                                    0x2000002c   Section        4  system_stm32f4xx.o(.data)
    .data                                    0x20000030   Section       60  tasks.o(.data)
    uxDeletedTasksWaitingCleanUp             0x20000034   Data           4  tasks.o(.data)
    uxCurrentNumberOfTasks                   0x20000038   Data           4  tasks.o(.data)
    xTickCount                               0x2000003c   Data           4  tasks.o(.data)
    uxTopReadyPriority                       0x20000040   Data           4  tasks.o(.data)
    xSchedulerRunning                        0x20000044   Data           4  tasks.o(.data)
    xPendedTicks                             0x20000048   Data           4  tasks.o(.data)
    xYieldPending                            0x2000004c   Data           4  tasks.o(.data)
    xNumOfOverflows                          0x20000050   Data           4  tasks.o(.data)
    uxTaskNumber                             0x20000054   Data           4  tasks.o(.data)
    xNextTaskUnblockTime                     0x20000058   Data           4  tasks.o(.data)
    xIdleTaskHandle                          0x2000005c   Data           4  tasks.o(.data)
    uxSchedulerSuspended                     0x20000060   Data           4  tasks.o(.data)
    pxDelayedTaskList                        0x20000064   Data           4  tasks.o(.data)
    pxOverflowDelayedTaskList                0x20000068   Data           4  tasks.o(.data)
    .data                                    0x2000006c   Section       32  heap_4.o(.data)
    pxEnd                                    0x2000006c   Data           4  heap_4.o(.data)
    xFreeBytesRemaining                      0x20000070   Data           4  heap_4.o(.data)
    xMinimumEverFreeBytesRemaining           0x20000074   Data           4  heap_4.o(.data)
    xNumberOfSuccessfulAllocations           0x20000078   Data           4  heap_4.o(.data)
    xNumberOfSuccessfulFrees                 0x2000007c   Data           4  heap_4.o(.data)
    xBlockAllocatedBit                       0x20000080   Data           4  heap_4.o(.data)
    xStart                                   0x20000084   Data           8  heap_4.o(.data)
    .data                                    0x2000008c   Section       12  port.o(.data)
    ucMaxSysCallPriority                     0x2000008c   Data           1  port.o(.data)
    uxCriticalNesting                        0x20000090   Data           4  port.o(.data)
    ulMaxPRIGROUPValue                       0x20000094   Data           4  port.o(.data)
    .bss                                     0x20000098   Section     4128  uartringbuffer_multi.o(.bss)
    .bss                                     0x200010b8   Section       20  esp8266_hal.o(.bss)
    .bss                                     0x200010cc   Section      284  main.o(.bss)
    GPIO_InitStruct                          0x200010cc   Data          20  main.o(.bss)
    .bss                                     0x200011e8   Section      596  freertos.o(.bss)
    xIdleTaskTCBBuffer                       0x200011e8   Data          84  freertos.o(.bss)
    xIdleStack                               0x2000123c   Data         512  freertos.o(.bss)
    .bss                                     0x2000143c   Section      240  tasks.o(.bss)
    pxReadyTasksLists                        0x2000143c   Data         140  tasks.o(.bss)
    xDelayedTaskList1                        0x200014c8   Data          20  tasks.o(.bss)
    xDelayedTaskList2                        0x200014dc   Data          20  tasks.o(.bss)
    xPendingReadyList                        0x200014f0   Data          20  tasks.o(.bss)
    xTasksWaitingTermination                 0x20001504   Data          20  tasks.o(.bss)
    xSuspendedTaskList                       0x20001518   Data          20  tasks.o(.bss)
    .bss                                     0x2000152c   Section    15360  heap_4.o(.bss)
    ucHeap                                   0x2000152c   Data       15360  heap_4.o(.bss)
    .bss                                     0x2000512c   Section       96  libspace.o(.bss)
    HEAP                                     0x20005190   Section      512  startup_stm32f401xe.o(HEAP)
    Heap_Mem                                 0x20005190   Data         512  startup_stm32f401xe.o(HEAP)
    STACK                                    0x20005390   Section     1024  startup_stm32f401xe.o(STACK)
    Stack_Mem                                0x20005390   Data        1024  startup_stm32f401xe.o(STACK)
    __initial_sp                             0x20005790   Data           0  startup_stm32f401xe.o(STACK)

    Global Symbols

    Symbol Name                              Value     Ov Type        Size  Object(Section)

    BuildAttributes$$THM_ISAv4$E$P$D$K$B$S$7EM$VFPi3$EXTD16$VFPS$VFMA$PE$A:L22UL41UL21$X:L11$S22US41US21$IEEE1$IW$USESV6$~STKCKD$USESV7$~SHL$OSPACE$ROPI$EBA8$UX$STANDARDLIB$REQ8$PRES8$EABIv2 0x00000000   Number         0  anon$$obj.o ABSOLUTE
    __ARM_use_no_argv                        0x00000000   Number         0  main.o ABSOLUTE
    __ARM_exceptions_init                     - Undefined Weak Reference
    __alloca_initialize                       - Undefined Weak Reference
    __arm_fini_                               - Undefined Weak Reference
    __arm_preinit_                            - Undefined Weak Reference
    __cpp_initialize__aeabi_                  - Undefined Weak Reference
    __cxa_finalize                            - Undefined Weak Reference
    __rt_locale                               - Undefined Weak Reference
    __sigvec_lookup                           - Undefined Weak Reference
    _atexit_init                              - Undefined Weak Reference
    _call_atexit_fns                          - Undefined Weak Reference
    _clock_init                               - Undefined Weak Reference
    _fp_trap_init                             - Undefined Weak Reference
    _fp_trap_shutdown                         - Undefined Weak Reference
    _get_lc_collate                           - Undefined Weak Reference
    _get_lc_ctype                             - Undefined Weak Reference
    _get_lc_monetary                          - Undefined Weak Reference
    _get_lc_numeric                           - Undefined Weak Reference
    _get_lc_time                              - Undefined Weak Reference
    _getenv_init                              - Undefined Weak Reference
    _handle_redirection                       - Undefined Weak Reference
    _init_alloc                               - Undefined Weak Reference
    _init_user_alloc                          - Undefined Weak Reference
    _initio                                   - Undefined Weak Reference
    _printf_mbtowc                            - Undefined Weak Reference
    _printf_post_padding                      - Undefined Weak Reference
    _printf_pre_padding                       - Undefined Weak Reference
    _printf_truncate_signed                   - Undefined Weak Reference
    _printf_truncate_unsigned                 - Undefined Weak Reference
    _rand_init                                - Undefined Weak Reference
    _signal_finish                            - Undefined Weak Reference
    _signal_init                              - Undefined Weak Reference
    _terminate_alloc                          - Undefined Weak Reference
    _terminate_user_alloc                     - Undefined Weak Reference
    _terminateio                              - Undefined Weak Reference
    __Vectors_Size                           0x00000194   Number         0  startup_stm32f401xe.o ABSOLUTE
    __Vectors                                0x08000000   Data           4  startup_stm32f401xe.o(RESET)
    __Vectors_End                            0x08000194   Data           0  startup_stm32f401xe.o(RESET)
    __main                                   0x08000195   Thumb Code     8  __main.o(!!!main)
    __scatterload                            0x0800019d   Thumb Code     0  __scatter.o(!!!scatter)
    __scatterload_rt2                        0x0800019d   Thumb Code    44  __scatter.o(!!!scatter)
    __scatterload_rt2_thumb_only             0x0800019d   Thumb Code     0  __scatter.o(!!!scatter)
    __scatterload_null                       0x080001ab   Thumb Code     0  __scatter.o(!!!scatter)
    __scatterload_copy                       0x080001d1   Thumb Code    26  __scatter_copy.o(!!handler_copy)
    __scatterload_zeroinit                   0x080001ed   Thumb Code    28  __scatter_zi.o(!!handler_zi)
    _printf_percent                          0x08000209   Thumb Code     0  _printf_percent.o(.ARM.Collect$$_printf_percent$$00000000)
    _printf_s                                0x08000209   Thumb Code     0  _printf_s.o(.ARM.Collect$$_printf_percent$$00000014)
    _printf_percent_end                      0x0800020f   Thumb Code     0  _printf_percent_end.o(.ARM.Collect$$_printf_percent$$00000017)
    __rt_lib_init                            0x08000213   Thumb Code     0  libinit.o(.ARM.Collect$$libinit$$00000000)
    __rt_lib_init_fp_1                       0x08000215   Thumb Code     0  libinit2.o(.ARM.Collect$$libinit$$00000001)
    __rt_lib_init_alloca_1                   0x08000219   Thumb Code     0  libinit2.o(.ARM.Collect$$libinit$$0000002E)
    __rt_lib_init_argv_1                     0x08000219   Thumb Code     0  libinit2.o(.ARM.Collect$$libinit$$0000002C)
    __rt_lib_init_atexit_1                   0x08000219   Thumb Code     0  libinit2.o(.ARM.Collect$$libinit$$0000001B)
    __rt_lib_init_clock_1                    0x08000219   Thumb Code     0  libinit2.o(.ARM.Collect$$libinit$$00000021)
    __rt_lib_init_cpp_1                      0x08000219   Thumb Code     0  libinit2.o(.ARM.Collect$$libinit$$00000032)
    __rt_lib_init_exceptions_1               0x08000219   Thumb Code     0  libinit2.o(.ARM.Collect$$libinit$$00000030)
    __rt_lib_init_fp_trap_1                  0x08000219   Thumb Code     0  libinit2.o(.ARM.Collect$$libinit$$0000001F)
    __rt_lib_init_getenv_1                   0x08000219   Thumb Code     0  libinit2.o(.ARM.Collect$$libinit$$00000023)
    __rt_lib_init_heap_1                     0x08000219   Thumb Code     0  libinit2.o(.ARM.Collect$$libinit$$0000000A)
    __rt_lib_init_lc_collate_1               0x08000219   Thumb Code     0  libinit2.o(.ARM.Collect$$libinit$$00000011)
    __rt_lib_init_lc_ctype_1                 0x08000219   Thumb Code     0  libinit2.o(.ARM.Collect$$libinit$$00000013)
    __rt_lib_init_lc_monetary_1              0x08000219   Thumb Code     0  libinit2.o(.ARM.Collect$$libinit$$00000015)
    __rt_lib_init_lc_numeric_1               0x08000219   Thumb Code     0  libinit2.o(.ARM.Collect$$libinit$$00000017)
    __rt_lib_init_lc_time_1                  0x08000219   Thumb Code     0  libinit2.o(.ARM.Collect$$libinit$$00000019)
    __rt_lib_init_preinit_1                  0x08000219   Thumb Code     0  libinit2.o(.ARM.Collect$$libinit$$00000004)
    __rt_lib_init_rand_1                     0x08000219   Thumb Code     0  libinit2.o(.ARM.Collect$$libinit$$0000000E)
    __rt_lib_init_return                     0x08000219   Thumb Code     0  libinit2.o(.ARM.Collect$$libinit$$00000033)
    __rt_lib_init_signal_1                   0x08000219   Thumb Code     0  libinit2.o(.ARM.Collect$$libinit$$0000001D)
    __rt_lib_init_stdio_1                    0x08000219   Thumb Code     0  libinit2.o(.ARM.Collect$$libinit$$00000025)
    __rt_lib_init_user_alloc_1               0x08000219   Thumb Code     0  libinit2.o(.ARM.Collect$$libinit$$0000000C)
    __rt_lib_shutdown                        0x0800021b   Thumb Code     0  libshutdown.o(.ARM.Collect$$libshutdown$$00000000)
    __rt_lib_shutdown_cpp_1                  0x0800021d   Thumb Code     0  libshutdown2.o(.ARM.Collect$$libshutdown$$00000004)
    __rt_lib_shutdown_fini_1                 0x0800021d   Thumb Code     0  libshutdown2.o(.ARM.Collect$$libshutdown$$00000002)
    __rt_lib_shutdown_fp_trap_1              0x0800021d   Thumb Code     0  libshutdown2.o(.ARM.Collect$$libshutdown$$00000009)
    __rt_lib_shutdown_heap_1                 0x0800021d   Thumb Code     0  libshutdown2.o(.ARM.Collect$$libshutdown$$00000011)
    __rt_lib_shutdown_return                 0x0800021d   Thumb Code     0  libshutdown2.o(.ARM.Collect$$libshutdown$$00000012)
    __rt_lib_shutdown_signal_1               0x0800021d   Thumb Code     0  libshutdown2.o(.ARM.Collect$$libshutdown$$0000000C)
    __rt_lib_shutdown_stdio_1                0x0800021d   Thumb Code     0  libshutdown2.o(.ARM.Collect$$libshutdown$$00000006)
    __rt_lib_shutdown_user_alloc_1           0x0800021d   Thumb Code     0  libshutdown2.o(.ARM.Collect$$libshutdown$$0000000E)
    __rt_entry                               0x0800021f   Thumb Code     0  __rtentry.o(.ARM.Collect$$rtentry$$00000000)
    __rt_entry_presh_1                       0x0800021f   Thumb Code     0  __rtentry2.o(.ARM.Collect$$rtentry$$00000002)
    __rt_entry_sh                            0x0800021f   Thumb Code     0  __rtentry4.o(.ARM.Collect$$rtentry$$00000004)
    __rt_entry_li                            0x08000225   Thumb Code     0  __rtentry2.o(.ARM.Collect$$rtentry$$0000000A)
    __rt_entry_postsh_1                      0x08000225   Thumb Code     0  __rtentry2.o(.ARM.Collect$$rtentry$$00000009)
    __rt_entry_main                          0x08000229   Thumb Code     0  __rtentry2.o(.ARM.Collect$$rtentry$$0000000D)
    __rt_entry_postli_1                      0x08000229   Thumb Code     0  __rtentry2.o(.ARM.Collect$$rtentry$$0000000C)
    __rt_exit                                0x08000231   Thumb Code     0  rtexit.o(.ARM.Collect$$rtexit$$00000000)
    __rt_exit_ls                             0x08000233   Thumb Code     0  rtexit2.o(.ARM.Collect$$rtexit$$00000003)
    __rt_exit_prels_1                        0x08000233   Thumb Code     0  rtexit2.o(.ARM.Collect$$rtexit$$00000002)
    __rt_exit_exit                           0x08000237   Thumb Code     0  rtexit2.o(.ARM.Collect$$rtexit$$00000004)
    SVC_Handler                              0x0800023d   Thumb Code    28  port.o(.emb_text)
    __asm___6_port_c_39a90d8d__prvStartFirstTask 0x0800025d   Thumb Code    36  port.o(.emb_text)
    __asm___6_port_c_39a90d8d__prvEnableVFP  0x08000285   Thumb Code    16  port.o(.emb_text)
    PendSV_Handler                           0x08000299   Thumb Code    88  port.o(.emb_text)
    vPortGetIPSR                             0x080002f5   Thumb Code     6  port.o(.emb_text)
    Reset_Handler                            0x080002fd   Thumb Code     8  startup_stm32f401xe.o(.text)
    ADC_IRQHandler                           0x08000317   Thumb Code     0  startup_stm32f401xe.o(.text)
    DMA1_Stream0_IRQHandler                  0x08000317   Thumb Code     0  startup_stm32f401xe.o(.text)
    DMA1_Stream1_IRQHandler                  0x08000317   Thumb Code     0  startup_stm32f401xe.o(.text)
    DMA1_Stream2_IRQHandler                  0x08000317   Thumb Code     0  startup_stm32f401xe.o(.text)
    DMA1_Stream3_IRQHandler                  0x08000317   Thumb Code     0  startup_stm32f401xe.o(.text)
    DMA1_Stream4_IRQHandler                  0x08000317   Thumb Code     0  startup_stm32f401xe.o(.text)
    DMA1_Stream5_IRQHandler                  0x08000317   Thumb Code     0  startup_stm32f401xe.o(.text)
    DMA1_Stream6_IRQHandler                  0x08000317   Thumb Code     0  startup_stm32f401xe.o(.text)
    DMA1_Stream7_IRQHandler                  0x08000317   Thumb Code     0  startup_stm32f401xe.o(.text)
    DMA2_Stream0_IRQHandler                  0x08000317   Thumb Code     0  startup_stm32f401xe.o(.text)
    DMA2_Stream1_IRQHandler                  0x08000317   Thumb Code     0  startup_stm32f401xe.o(.text)
    DMA2_Stream2_IRQHandler                  0x08000317   Thumb Code     0  startup_stm32f401xe.o(.text)
    DMA2_Stream3_IRQHandler                  0x08000317   Thumb Code     0  startup_stm32f401xe.o(.text)
    DMA2_Stream4_IRQHandler                  0x08000317   Thumb Code     0  startup_stm32f401xe.o(.text)
    DMA2_Stream5_IRQHandler                  0x08000317   Thumb Code     0  startup_stm32f401xe.o(.text)
    DMA2_Stream6_IRQHandler                  0x08000317   Thumb Code     0  startup_stm32f401xe.o(.text)
    DMA2_Stream7_IRQHandler                  0x08000317   Thumb Code     0  startup_stm32f401xe.o(.text)
    EXTI0_IRQHandler                         0x08000317   Thumb Code     0  startup_stm32f401xe.o(.text)
    EXTI15_10_IRQHandler                     0x08000317   Thumb Code     0  startup_stm32f401xe.o(.text)
    EXTI1_IRQHandler                         0x08000317   Thumb Code     0  startup_stm32f401xe.o(.text)
    EXTI2_IRQHandler                         0x08000317   Thumb Code     0  startup_stm32f401xe.o(.text)
    EXTI3_IRQHandler                         0x08000317   Thumb Code     0  startup_stm32f401xe.o(.text)
    EXTI4_IRQHandler                         0x08000317   Thumb Code     0  startup_stm32f401xe.o(.text)
    EXTI9_5_IRQHandler                       0x08000317   Thumb Code     0  startup_stm32f401xe.o(.text)
    FLASH_IRQHandler                         0x08000317   Thumb Code     0  startup_stm32f401xe.o(.text)
    FPU_IRQHandler                           0x08000317   Thumb Code     0  startup_stm32f401xe.o(.text)
    I2C1_ER_IRQHandler                       0x08000317   Thumb Code     0  startup_stm32f401xe.o(.text)
    I2C1_EV_IRQHandler                       0x08000317   Thumb Code     0  startup_stm32f401xe.o(.text)
    I2C2_ER_IRQHandler                       0x08000317   Thumb Code     0  startup_stm32f401xe.o(.text)
    I2C2_EV_IRQHandler                       0x08000317   Thumb Code     0  startup_stm32f401xe.o(.text)
    I2C3_ER_IRQHandler                       0x08000317   Thumb Code     0  startup_stm32f401xe.o(.text)
    I2C3_EV_IRQHandler                       0x08000317   Thumb Code     0  startup_stm32f401xe.o(.text)
    OTG_FS_IRQHandler                        0x08000317   Thumb Code     0  startup_stm32f401xe.o(.text)
    OTG_FS_WKUP_IRQHandler                   0x08000317   Thumb Code     0  startup_stm32f401xe.o(.text)
    PVD_IRQHandler                           0x08000317   Thumb Code     0  startup_stm32f401xe.o(.text)
    RCC_IRQHandler                           0x08000317   Thumb Code     0  startup_stm32f401xe.o(.text)
    RTC_Alarm_IRQHandler                     0x08000317   Thumb Code     0  startup_stm32f401xe.o(.text)
    RTC_WKUP_IRQHandler                      0x08000317   Thumb Code     0  startup_stm32f401xe.o(.text)
    SDIO_IRQHandler                          0x08000317   Thumb Code     0  startup_stm32f401xe.o(.text)
    SPI1_IRQHandler                          0x08000317   Thumb Code     0  startup_stm32f401xe.o(.text)
    SPI2_IRQHandler                          0x08000317   Thumb Code     0  startup_stm32f401xe.o(.text)
    SPI3_IRQHandler                          0x08000317   Thumb Code     0  startup_stm32f401xe.o(.text)
    SPI4_IRQHandler                          0x08000317   Thumb Code     0  startup_stm32f401xe.o(.text)
    TAMP_STAMP_IRQHandler                    0x08000317   Thumb Code     0  startup_stm32f401xe.o(.text)
    TIM1_BRK_TIM9_IRQHandler                 0x08000317   Thumb Code     0  startup_stm32f401xe.o(.text)
    TIM1_CC_IRQHandler                       0x08000317   Thumb Code     0  startup_stm32f401xe.o(.text)
    TIM1_TRG_COM_TIM11_IRQHandler            0x08000317   Thumb Code     0  startup_stm32f401xe.o(.text)
    TIM1_UP_TIM10_IRQHandler                 0x08000317   Thumb Code     0  startup_stm32f401xe.o(.text)
    TIM2_IRQHandler                          0x08000317   Thumb Code     0  startup_stm32f401xe.o(.text)
    TIM3_IRQHandler                          0x08000317   Thumb Code     0  startup_stm32f401xe.o(.text)
    TIM4_IRQHandler                          0x08000317   Thumb Code     0  startup_stm32f401xe.o(.text)
    TIM5_IRQHandler                          0x08000317   Thumb Code     0  startup_stm32f401xe.o(.text)
    WWDG_IRQHandler                          0x08000317   Thumb Code     0  startup_stm32f401xe.o(.text)
    __user_initial_stackheap                 0x08000319   Thumb Code     0  startup_stm32f401xe.o(.text)
    __aeabi_uldivmod                         0x0800033d   Thumb Code     0  lludivv7m.o(.text)
    _ll_udiv                                 0x0800033d   Thumb Code   238  lludivv7m.o(.text)
    __2sprintf                               0x0800042d   Thumb Code    34  noretval__2sprintf.o(.text)
    __printf                                 0x08000455   Thumb Code   104  __printf.o(.text)
    _printf_str                              0x080004bd   Thumb Code    82  _printf_str.o(.text)
    strlen                                   0x0800050f   Thumb Code    62  strlen.o(.text)
    __aeabi_memcpy4                          0x0800054d   Thumb Code     0  rt_memcpy_w.o(.text)
    __aeabi_memcpy8                          0x0800054d   Thumb Code     0  rt_memcpy_w.o(.text)
    __rt_memcpy_w                            0x0800054d   Thumb Code   100  rt_memcpy_w.o(.text)
    _memcpy_lastbytes_aligned                0x08000595   Thumb Code     0  rt_memcpy_w.o(.text)
    __aeabi_memclr4                          0x080005b1   Thumb Code     0  rt_memclr_w.o(.text)
    __aeabi_memclr8                          0x080005b1   Thumb Code     0  rt_memclr_w.o(.text)
    __rt_memclr_w                            0x080005b1   Thumb Code    78  rt_memclr_w.o(.text)
    _memset_w                                0x080005b5   Thumb Code     0  rt_memclr_w.o(.text)
    __use_two_region_memory                  0x080005ff   Thumb Code     2  heapauxi.o(.text)
    __rt_heap_escrow$2region                 0x08000601   Thumb Code     2  heapauxi.o(.text)
    __rt_heap_expand$2region                 0x08000603   Thumb Code     2  heapauxi.o(.text)
    _printf_char_common                      0x0800060f   Thumb Code    32  _printf_char_common.o(.text)
    _sputc                                   0x08000635   Thumb Code    10  _sputc.o(.text)
    _printf_cs_common                        0x0800063f   Thumb Code    20  _printf_char.o(.text)
    _printf_char                             0x08000653   Thumb Code    16  _printf_char.o(.text)
    _printf_string                           0x08000663   Thumb Code     8  _printf_char.o(.text)
    __user_setup_stackheap                   0x0800066b   Thumb Code    74  sys_stackheap_outer.o(.text)
    exit                                     0x080006b5   Thumb Code    18  exit.o(.text)
    __user_libspace                          0x080006c9   Thumb Code     8  libspace.o(.text)
    __user_perproc_libspace                  0x080006c9   Thumb Code     0  libspace.o(.text)
    __user_perthread_libspace                0x080006c9   Thumb Code     0  libspace.o(.text)
    _sys_exit                                0x080006d1   Thumb Code     8  sys_exit.o(.text)
    __I$use$semihosting                      0x080006dd   Thumb Code     0  use_no_semi.o(.text)
    __use_no_semihosting_swi                 0x080006dd   Thumb Code     2  use_no_semi.o(.text)
    BusFault_Handler                         0x080006df   Thumb Code     2  stm32f4xx_it.o(i.BusFault_Handler)
    __semihosting_library_function           0x080006df   Thumb Code     0  indicate_semi.o(.text)
    Copy_upto                                0x080006e1   Thumb Code   146  uartringbuffer_multi.o(i.Copy_upto)
    DebugMon_Handler                         0x08000779   Thumb Code     2  stm32f4xx_it.o(i.DebugMon_Handler)
    ESP_Init                                 0x0800077d   Thumb Code   350  esp8266_hal.o(i.ESP_Init)
    ESP_Send_Data                            0x08000a25   Thumb Code    94  freertos.o(i.ESP_Send_Data)
    HAL_DMA_Abort                            0x08000b59   Thumb Code   146  stm32f4xx_hal_dma.o(i.HAL_DMA_Abort)
    HAL_DMA_Abort_IT                         0x08000beb   Thumb Code    36  stm32f4xx_hal_dma.o(i.HAL_DMA_Abort_IT)
    HAL_Delay                                0x08000c11   Thumb Code    32  stm32f4xx_hal.o(i.HAL_Delay)
    HAL_GPIO_Init                            0x08000c35   Thumb Code   446  stm32f4xx_hal_gpio.o(i.HAL_GPIO_Init)
    HAL_GPIO_TogglePin                       0x08000e15   Thumb Code    16  stm32f4xx_hal_gpio.o(i.HAL_GPIO_TogglePin)
    HAL_GetTick                              0x08000e25   Thumb Code     6  stm32f4xx_hal.o(i.HAL_GetTick)
    HAL_IncTick                              0x08000e31   Thumb Code    12  stm32f4xx_hal.o(i.HAL_IncTick)
    HAL_Init                                 0x08000e41   Thumb Code    48  stm32f4xx_hal.o(i.HAL_Init)
    HAL_InitTick                             0x08000e75   Thumb Code    54  stm32f4xx_hal.o(i.HAL_InitTick)
    HAL_MspInit                              0x08000eb5   Thumb Code    52  stm32f4xx_hal_msp.o(i.HAL_MspInit)
    HAL_NVIC_EnableIRQ                       0x08000eed   Thumb Code    26  stm32f4xx_hal_cortex.o(i.HAL_NVIC_EnableIRQ)
    HAL_NVIC_SetPriority                     0x08000f09   Thumb Code    60  stm32f4xx_hal_cortex.o(i.HAL_NVIC_SetPriority)
    HAL_NVIC_SetPriorityGrouping             0x08000f49   Thumb Code    26  stm32f4xx_hal_cortex.o(i.HAL_NVIC_SetPriorityGrouping)
    HAL_RCC_ClockConfig                      0x08000f6d   Thumb Code   288  stm32f4xx_hal_rcc.o(i.HAL_RCC_ClockConfig)
    HAL_RCC_GetPCLK1Freq                     0x080010a1   Thumb Code    20  stm32f4xx_hal_rcc.o(i.HAL_RCC_GetPCLK1Freq)
    HAL_RCC_GetPCLK2Freq                     0x080010c1   Thumb Code    20  stm32f4xx_hal_rcc.o(i.HAL_RCC_GetPCLK2Freq)
    HAL_RCC_GetSysClockFreq                  0x080010e1   Thumb Code    88  stm32f4xx_hal_rcc.o(i.HAL_RCC_GetSysClockFreq)
    HAL_RCC_OscConfig                        0x08001145   Thumb Code   856  stm32f4xx_hal_rcc.o(i.HAL_RCC_OscConfig)
    HAL_SYSTICK_Config                       0x080014b1   Thumb Code    40  stm32f4xx_hal_cortex.o(i.HAL_SYSTICK_Config)
    HAL_UARTEx_RxEventCallback               0x080014d9   Thumb Code     2  stm32f4xx_hal_uart.o(i.HAL_UARTEx_RxEventCallback)
    HAL_UART_ErrorCallback                   0x080014db   Thumb Code     2  stm32f4xx_hal_uart.o(i.HAL_UART_ErrorCallback)
    HAL_UART_IRQHandler                      0x080014dd   Thumb Code   610  stm32f4xx_hal_uart.o(i.HAL_UART_IRQHandler)
    HAL_UART_Init                            0x08001745   Thumb Code    98  stm32f4xx_hal_uart.o(i.HAL_UART_Init)
    HAL_UART_MspInit                         0x080017a9   Thumb Code   260  stm32f4xx_hal_msp.o(i.HAL_UART_MspInit)
    HAL_UART_RxCpltCallback                  0x080018c5   Thumb Code     2  stm32f4xx_hal_uart.o(i.HAL_UART_RxCpltCallback)
    HAL_UART_TxCpltCallback                  0x080018c7   Thumb Code     2  stm32f4xx_hal_uart.o(i.HAL_UART_TxCpltCallback)
    HardFault_Handler                        0x080018c9   Thumb Code     2  stm32f4xx_it.o(i.HardFault_Handler)
    IsDataAvailable                          0x080018cd   Thumb Code    42  uartringbuffer_multi.o(i.IsDataAvailable)
    MQTT_Buffer_RX_CLEAN                     0x08001905   Thumb Code    24  uartringbuffer_multi.o(i.MQTT_Buffer_RX_CLEAN)
    MQTT_Connect                             0x08001921   Thumb Code   260  uartringbuffer_multi.o(i.MQTT_Connect)
    MQTT_SendBuf                             0x08001a2d   Thumb Code     8  uartringbuffer_multi.o(i.MQTT_SendBuf)
    MemManage_Handler                        0x08001a85   Thumb Code     2  stm32f4xx_it.o(i.MemManage_Handler)
    NMI_Handler                              0x08001a87   Thumb Code     2  stm32f4xx_it.o(i.NMI_Handler)
    RTOS_Initliaze                           0x08001a89   Thumb Code    74  freertos.o(i.RTOS_Initliaze)
    Ringbuf_init                             0x08001add   Thumb Code    70  uartringbuffer_multi.o(i.Ringbuf_init)
    StartDefaultTask                         0x08001b35   Thumb Code    18  freertos.o(i.StartDefaultTask)
    StartTask02                              0x08001b4d   Thumb Code    48  freertos.o(i.StartTask02)
    StartTask03                              0x08001b85   Thumb Code    12  freertos.o(i.StartTask03)
    SysTick_Handler                          0x08001b91   Thumb Code    24  stm32f4xx_it.o(i.SysTick_Handler)
    SystemClock_Config                       0x08001ba9   Thumb Code   140  main.o(i.SystemClock_Config)
    SystemInit                               0x08001c3d   Thumb Code    12  system_stm32f4xx.o(i.SystemInit)
    USART1_IRQHandler                        0x08001e79   Thumb Code    18  stm32f4xx_it.o(i.USART1_IRQHandler)
    USART2_IRQHandler                        0x08001e91   Thumb Code    18  stm32f4xx_it.o(i.USART2_IRQHandler)
    USART6_IRQHandler                        0x08001ea9   Thumb Code    18  stm32f4xx_it.o(i.USART6_IRQHandler)
    Uart_flush                               0x08001ec1   Thumb Code    58  uartringbuffer_multi.o(i.Uart_flush)
    Uart_isr                                 0x08001f09   Thumb Code   128  uartringbuffer_multi.o(i.Uart_isr)
    Uart_peek                                0x08001f9d   Thumb Code    48  uartringbuffer_multi.o(i.Uart_peek)
    Uart_read                                0x08001fd9   Thumb Code    62  uartringbuffer_multi.o(i.Uart_read)
    Uart_sendstring                          0x08002025   Thumb Code    24  uartringbuffer_multi.o(i.Uart_sendstring)
    Uart_write                               0x0800203d   Thumb Code    86  uartringbuffer_multi.o(i.Uart_write)
    Uart_write_data                          0x080020a1   Thumb Code    82  uartringbuffer_multi.o(i.Uart_write_data)
    UsageFault_Handler                       0x08002101   Thumb Code     2  stm32f4xx_it.o(i.UsageFault_Handler)
    Wait_for                                 0x08002105   Thumb Code   106  uartringbuffer_multi.o(i.Wait_for)
    main                                     0x08002195   Thumb Code   136  main.o(i.main)
    osDelay                                  0x0800224d   Thumb Code    14  cmsis_os.o(i.osDelay)
    osKernelStart                            0x0800225b   Thumb Code    10  cmsis_os.o(i.osKernelStart)
    osThreadCreate                           0x08002265   Thumb Code    84  cmsis_os.o(i.osThreadCreate)
    pvPortMalloc                             0x08002605   Thumb Code   216  heap_4.o(i.pvPortMalloc)
    pxPortInitialiseStack                    0x080026e1   Thumb Code    40  port.o(i.pxPortInitialiseStack)
    store_char                               0x0800270d   Thumb Code    30  uartringbuffer_multi.o(i.store_char)
    uxListRemove                             0x0800272b   Thumb Code    38  list.o(i.uxListRemove)
    vApplicationGetIdleTaskMemory            0x08002751   Thumb Code    16  freertos.o(i.vApplicationGetIdleTaskMemory)
    vListInitialise                          0x08002765   Thumb Code    22  list.o(i.vListInitialise)
    vListInitialiseItem                      0x0800277b   Thumb Code     6  list.o(i.vListInitialiseItem)
    vListInsert                              0x08002781   Thumb Code    48  list.o(i.vListInsert)
    vListInsertEnd                           0x080027b1   Thumb Code    24  list.o(i.vListInsertEnd)
    vPortEnterCritical                       0x080027c9   Thumb Code    54  port.o(i.vPortEnterCritical)
    vPortExitCritical                        0x08002809   Thumb Code    34  port.o(i.vPortExitCritical)
    vPortFree                                0x08002831   Thumb Code    94  heap_4.o(i.vPortFree)
    vPortSetupTimerInterrupt                 0x08002895   Thumb Code    32  port.o(i.vPortSetupTimerInterrupt)
    vTaskDelay                               0x080028b9   Thumb Code    66  tasks.o(i.vTaskDelay)
    vTaskStartScheduler                      0x08002905   Thumb Code    90  tasks.o(i.vTaskStartScheduler)
    vTaskSuspendAll                          0x08002971   Thumb Code    10  tasks.o(i.vTaskSuspendAll)
    vTaskSwitchContext                       0x08002981   Thumb Code    82  tasks.o(i.vTaskSwitchContext)
    xPortStartScheduler                      0x080029dd   Thumb Code   222  port.o(i.xPortStartScheduler)
    xPortSysTickHandler                      0x08002ad1   Thumb Code    38  port.o(i.xPortSysTickHandler)
    xTaskCreate                              0x08002afd   Thumb Code    90  tasks.o(i.xTaskCreate)
    xTaskCreateStatic                        0x08002b57   Thumb Code    86  tasks.o(i.xTaskCreateStatic)
    xTaskGetSchedulerState                   0x08002bad   Thumb Code    22  tasks.o(i.xTaskGetSchedulerState)
    xTaskIncrementTick                       0x08002bc9   Thumb Code   194  tasks.o(i.xTaskIncrementTick)
    xTaskResumeAll                           0x08002c95   Thumb Code   182  tasks.o(i.xTaskResumeAll)
    _fp_init                                 0x08002d59   Thumb Code    10  fpinit.o(x$fpl$fpinit)
    __fplib_config_fpu_vfp                   0x08002d61   Thumb Code     0  fpinit.o(x$fpl$fpinit)
    __fplib_config_pureend_doubles           0x08002d61   Thumb Code     0  fpinit.o(x$fpl$fpinit)
    AHBPrescTable                            0x08002db8   Data          16  system_stm32f4xx.o(.constdata)
    APBPrescTable                            0x08002dc8   Data           8  system_stm32f4xx.o(.constdata)
    Region$$Table$$Base                      0x08002df4   Number         0  anon$$obj.o(Region$$Table)
    Region$$Table$$Limit                     0x08002e14   Number         0  anon$$obj.o(Region$$Table)
    MQTT_TxLen                               0x20000000   Data           2  uartringbuffer_multi.o(.data)
    _rx_buffer1                              0x20000004   Data           4  uartringbuffer_multi.o(.data)
    _tx_buffer1                              0x20000008   Data           4  uartringbuffer_multi.o(.data)
    _rx_buffer2                              0x2000000c   Data           4  uartringbuffer_multi.o(.data)
    _tx_buffer2                              0x20000010   Data           4  uartringbuffer_multi.o(.data)
    myTask01Handle                           0x20000014   Data           4  freertos.o(.data)
    myTask02Handle                           0x20000018   Data           4  freertos.o(.data)
    myTask03Handle                           0x2000001c   Data           4  freertos.o(.data)
    uwTickFreq                               0x20000020   Data           1  stm32f4xx_hal.o(.data)
    uwTickPrio                               0x20000024   Data           4  stm32f4xx_hal.o(.data)
    uwTick                                   0x20000028   Data           4  stm32f4xx_hal.o(.data)
    SystemCoreClock                          0x2000002c   Data           4  system_stm32f4xx.o(.data)
    pxCurrentTCB                             0x20000030   Data           4  tasks.o(.data)
    rx_buffer1                               0x20000098   Data        1032  uartringbuffer_multi.o(.bss)
    tx_buffer1                               0x200004a0   Data        1032  uartringbuffer_multi.o(.bss)
    rx_buffer2                               0x200008a8   Data        1032  uartringbuffer_multi.o(.bss)
    tx_buffer2                               0x20000cb0   Data        1032  uartringbuffer_multi.o(.bss)
    buffer                                   0x200010b8   Data          20  esp8266_hal.o(.bss)
    huart1                                   0x200010e0   Data          68  main.o(.bss)
    huart2                                   0x20001124   Data          68  main.o(.bss)
    huart6                                   0x20001168   Data          68  main.o(.bss)
    buf                                      0x200011ac   Data          60  main.o(.bss)
    __libspace_start                         0x2000512c   Data          96  libspace.o(.bss)
    __temporary_stack_top$libspace           0x2000518c   Data           0  libspace.o(.bss)



==============================================================================

Memory Map of the image

  Image Entry point : 0x08000195

  Load Region LR_IROM1 (Base: 0x08000000, Size: 0x00002eac, Max: 0x00080000, ABSOLUTE)

    Execution Region ER_IROM1 (Exec base: 0x08000000, Load base: 0x08000000, Size: 0x00002e14, Max: 0x00080000, ABSOLUTE)

    Exec Addr    Load Addr    Size         Type   Attr      Idx    E Section Name        Object

    0x08000000   0x08000000   0x00000194   Data   RO            3    RESET               startup_stm32f401xe.o
    0x08000194   0x08000194   0x00000008   Code   RO         3573  * !!!main             c_w.l(__main.o)
    0x0800019c   0x0800019c   0x00000034   Code   RO         3755    !!!scatter          c_w.l(__scatter.o)
    0x080001d0   0x080001d0   0x0000001a   Code   RO         3757    !!handler_copy      c_w.l(__scatter_copy.o)
    0x080001ea   0x080001ea   0x00000002   PAD
    0x080001ec   0x080001ec   0x0000001c   Code   RO         3759    !!handler_zi        c_w.l(__scatter_zi.o)
    0x08000208   0x08000208   0x00000000   Code   RO         3556    .ARM.Collect$$_printf_percent$$00000000  c_w.l(_printf_percent.o)
    0x08000208   0x08000208   0x00000006   Code   RO         3554    .ARM.Collect$$_printf_percent$$00000014  c_w.l(_printf_s.o)
    0x0800020e   0x0800020e   0x00000004   Code   RO         3588    .ARM.Collect$$_printf_percent$$00000017  c_w.l(_printf_percent_end.o)
    0x08000212   0x08000212   0x00000002   Code   RO         3623    .ARM.Collect$$libinit$$00000000  c_w.l(libinit.o)
    0x08000214   0x08000214   0x00000004   Code   RO         3635    .ARM.Collect$$libinit$$00000001  c_w.l(libinit2.o)
    0x08000218   0x08000218   0x00000000   Code   RO         3638    .ARM.Collect$$libinit$$00000004  c_w.l(libinit2.o)
    0x08000218   0x08000218   0x00000000   Code   RO         3641    .ARM.Collect$$libinit$$0000000A  c_w.l(libinit2.o)
    0x08000218   0x08000218   0x00000000   Code   RO         3643    .ARM.Collect$$libinit$$0000000C  c_w.l(libinit2.o)
    0x08000218   0x08000218   0x00000000   Code   RO         3645    .ARM.Collect$$libinit$$0000000E  c_w.l(libinit2.o)
    0x08000218   0x08000218   0x00000000   Code   RO         3648    .ARM.Collect$$libinit$$00000011  c_w.l(libinit2.o)
    0x08000218   0x08000218   0x00000000   Code   RO         3650    .ARM.Collect$$libinit$$00000013  c_w.l(libinit2.o)
    0x08000218   0x08000218   0x00000000   Code   RO         3652    .ARM.Collect$$libinit$$00000015  c_w.l(libinit2.o)
    0x08000218   0x08000218   0x00000000   Code   RO         3654    .ARM.Collect$$libinit$$00000017  c_w.l(libinit2.o)
    0x08000218   0x08000218   0x00000000   Code   RO         3656    .ARM.Collect$$libinit$$00000019  c_w.l(libinit2.o)
    0x08000218   0x08000218   0x00000000   Code   RO         3658    .ARM.Collect$$libinit$$0000001B  c_w.l(libinit2.o)
    0x08000218   0x08000218   0x00000000   Code   RO         3660    .ARM.Collect$$libinit$$0000001D  c_w.l(libinit2.o)
    0x08000218   0x08000218   0x00000000   Code   RO         3662    .ARM.Collect$$libinit$$0000001F  c_w.l(libinit2.o)
    0x08000218   0x08000218   0x00000000   Code   RO         3664    .ARM.Collect$$libinit$$00000021  c_w.l(libinit2.o)
    0x08000218   0x08000218   0x00000000   Code   RO         3666    .ARM.Collect$$libinit$$00000023  c_w.l(libinit2.o)
    0x08000218   0x08000218   0x00000000   Code   RO         3668    .ARM.Collect$$libinit$$00000025  c_w.l(libinit2.o)
    0x08000218   0x08000218   0x00000000   Code   RO         3672    .ARM.Collect$$libinit$$0000002C  c_w.l(libinit2.o)
    0x08000218   0x08000218   0x00000000   Code   RO         3674    .ARM.Collect$$libinit$$0000002E  c_w.l(libinit2.o)
    0x08000218   0x08000218   0x00000000   Code   RO         3676    .ARM.Collect$$libinit$$00000030  c_w.l(libinit2.o)
    0x08000218   0x08000218   0x00000000   Code   RO         3678    .ARM.Collect$$libinit$$00000032  c_w.l(libinit2.o)
    0x08000218   0x08000218   0x00000002   Code   RO         3679    .ARM.Collect$$libinit$$00000033  c_w.l(libinit2.o)
    0x0800021a   0x0800021a   0x00000002   Code   RO         3710    .ARM.Collect$$libshutdown$$00000000  c_w.l(libshutdown.o)
    0x0800021c   0x0800021c   0x00000000   Code   RO         3736    .ARM.Collect$$libshutdown$$00000002  c_w.l(libshutdown2.o)
    0x0800021c   0x0800021c   0x00000000   Code   RO         3738    .ARM.Collect$$libshutdown$$00000004  c_w.l(libshutdown2.o)
    0x0800021c   0x0800021c   0x00000000   Code   RO         3740    .ARM.Collect$$libshutdown$$00000006  c_w.l(libshutdown2.o)
    0x0800021c   0x0800021c   0x00000000   Code   RO         3743    .ARM.Collect$$libshutdown$$00000009  c_w.l(libshutdown2.o)
    0x0800021c   0x0800021c   0x00000000   Code   RO         3746    .ARM.Collect$$libshutdown$$0000000C  c_w.l(libshutdown2.o)
    0x0800021c   0x0800021c   0x00000000   Code   RO         3748    .ARM.Collect$$libshutdown$$0000000E  c_w.l(libshutdown2.o)
    0x0800021c   0x0800021c   0x00000000   Code   RO         3751    .ARM.Collect$$libshutdown$$00000011  c_w.l(libshutdown2.o)
    0x0800021c   0x0800021c   0x00000002   Code   RO         3752    .ARM.Collect$$libshutdown$$00000012  c_w.l(libshutdown2.o)
    0x0800021e   0x0800021e   0x00000000   Code   RO         3575    .ARM.Collect$$rtentry$$00000000  c_w.l(__rtentry.o)
    0x0800021e   0x0800021e   0x00000000   Code   RO         3592    .ARM.Collect$$rtentry$$00000002  c_w.l(__rtentry2.o)
    0x0800021e   0x0800021e   0x00000006   Code   RO         3604    .ARM.Collect$$rtentry$$00000004  c_w.l(__rtentry4.o)
    0x08000224   0x08000224   0x00000000   Code   RO         3594    .ARM.Collect$$rtentry$$00000009  c_w.l(__rtentry2.o)
    0x08000224   0x08000224   0x00000004   Code   RO         3595    .ARM.Collect$$rtentry$$0000000A  c_w.l(__rtentry2.o)
    0x08000228   0x08000228   0x00000000   Code   RO         3597    .ARM.Collect$$rtentry$$0000000C  c_w.l(__rtentry2.o)
    0x08000228   0x08000228   0x00000008   Code   RO         3598    .ARM.Collect$$rtentry$$0000000D  c_w.l(__rtentry2.o)
    0x08000230   0x08000230   0x00000002   Code   RO         3627    .ARM.Collect$$rtexit$$00000000  c_w.l(rtexit.o)
    0x08000232   0x08000232   0x00000000   Code   RO         3683    .ARM.Collect$$rtexit$$00000002  c_w.l(rtexit2.o)
    0x08000232   0x08000232   0x00000004   Code   RO         3684    .ARM.Collect$$rtexit$$00000003  c_w.l(rtexit2.o)
    0x08000236   0x08000236   0x00000006   Code   RO         3685    .ARM.Collect$$rtexit$$00000004  c_w.l(rtexit2.o)
    0x0800023c   0x0800023c   0x000000be   Code   RO         3443    .emb_text           port.o
    0x080002fa   0x080002fa   0x00000002   PAD
    0x080002fc   0x080002fc   0x00000040   Code   RO            4    .text               startup_stm32f401xe.o
    0x0800033c   0x0800033c   0x000000ee   Code   RO         3522    .text               c_w.l(lludivv7m.o)
    0x0800042a   0x0800042a   0x00000002   PAD
    0x0800042c   0x0800042c   0x00000028   Code   RO         3526    .text               c_w.l(noretval__2sprintf.o)
    0x08000454   0x08000454   0x00000068   Code   RO         3528    .text               c_w.l(__printf.o)
    0x080004bc   0x080004bc   0x00000052   Code   RO         3530    .text               c_w.l(_printf_str.o)
    0x0800050e   0x0800050e   0x0000003e   Code   RO         3557    .text               c_w.l(strlen.o)
    0x0800054c   0x0800054c   0x00000064   Code   RO         3563    .text               c_w.l(rt_memcpy_w.o)
    0x080005b0   0x080005b0   0x0000004e   Code   RO         3567    .text               c_w.l(rt_memclr_w.o)
    0x080005fe   0x080005fe   0x00000006   Code   RO         3571    .text               c_w.l(heapauxi.o)
    0x08000604   0x08000604   0x00000030   Code   RO         3582    .text               c_w.l(_printf_char_common.o)
    0x08000634   0x08000634   0x0000000a   Code   RO         3584    .text               c_w.l(_sputc.o)
    0x0800063e   0x0800063e   0x0000002c   Code   RO         3586    .text               c_w.l(_printf_char.o)
    0x0800066a   0x0800066a   0x0000004a   Code   RO         3610    .text               c_w.l(sys_stackheap_outer.o)
    0x080006b4   0x080006b4   0x00000012   Code   RO         3612    .text               c_w.l(exit.o)
    0x080006c6   0x080006c6   0x00000002   PAD
    0x080006c8   0x080006c8   0x00000008   Code   RO         3624    .text               c_w.l(libspace.o)
    0x080006d0   0x080006d0   0x0000000c   Code   RO         3680    .text               c_w.l(sys_exit.o)
    0x080006dc   0x080006dc   0x00000002   Code   RO         3699    .text               c_w.l(use_no_semi.o)
    0x080006de   0x080006de   0x00000000   Code   RO         3701    .text               c_w.l(indicate_semi.o)
    0x080006de   0x080006de   0x00000002   Code   RO          498    i.BusFault_Handler  stm32f4xx_it.o
    0x080006e0   0x080006e0   0x00000098   Code   RO           13    i.Copy_upto         uartringbuffer_multi.o
    0x08000778   0x08000778   0x00000002   Code   RO          499    i.DebugMon_Handler  stm32f4xx_it.o
    0x0800077a   0x0800077a   0x00000002   PAD
    0x0800077c   0x0800077c   0x000002a8   Code   RO          276    i.ESP_Init          esp8266_hal.o
    0x08000a24   0x08000a24   0x00000134   Code   RO          430    i.ESP_Send_Data     freertos.o
    0x08000b58   0x08000b58   0x00000092   Code   RO         1101    i.HAL_DMA_Abort     stm32f4xx_hal_dma.o
    0x08000bea   0x08000bea   0x00000024   Code   RO         1102    i.HAL_DMA_Abort_IT  stm32f4xx_hal_dma.o
    0x08000c0e   0x08000c0e   0x00000002   PAD
    0x08000c10   0x08000c10   0x00000024   Code   RO         1544    i.HAL_Delay         stm32f4xx_hal.o
    0x08000c34   0x08000c34   0x000001e0   Code   RO          994    i.HAL_GPIO_Init     stm32f4xx_hal_gpio.o
    0x08000e14   0x08000e14   0x00000010   Code   RO          997    i.HAL_GPIO_TogglePin  stm32f4xx_hal_gpio.o
    0x08000e24   0x08000e24   0x0000000c   Code   RO         1550    i.HAL_GetTick       stm32f4xx_hal.o
    0x08000e30   0x08000e30   0x00000010   Code   RO         1556    i.HAL_IncTick       stm32f4xx_hal.o
    0x08000e40   0x08000e40   0x00000034   Code   RO         1557    i.HAL_Init          stm32f4xx_hal.o
    0x08000e74   0x08000e74   0x00000040   Code   RO         1558    i.HAL_InitTick      stm32f4xx_hal.o
    0x08000eb4   0x08000eb4   0x00000038   Code   RO          579    i.HAL_MspInit       stm32f4xx_hal_msp.o
    0x08000eec   0x08000eec   0x0000001a   Code   RO         1407    i.HAL_NVIC_EnableIRQ  stm32f4xx_hal_cortex.o
    0x08000f06   0x08000f06   0x00000002   PAD
    0x08000f08   0x08000f08   0x00000040   Code   RO         1413    i.HAL_NVIC_SetPriority  stm32f4xx_hal_cortex.o
    0x08000f48   0x08000f48   0x00000024   Code   RO         1414    i.HAL_NVIC_SetPriorityGrouping  stm32f4xx_hal_cortex.o
    0x08000f6c   0x08000f6c   0x00000134   Code   RO          616    i.HAL_RCC_ClockConfig  stm32f4xx_hal_rcc.o
    0x080010a0   0x080010a0   0x00000020   Code   RO          623    i.HAL_RCC_GetPCLK1Freq  stm32f4xx_hal_rcc.o
    0x080010c0   0x080010c0   0x00000020   Code   RO          624    i.HAL_RCC_GetPCLK2Freq  stm32f4xx_hal_rcc.o
    0x080010e0   0x080010e0   0x00000064   Code   RO          625    i.HAL_RCC_GetSysClockFreq  stm32f4xx_hal_rcc.o
    0x08001144   0x08001144   0x0000036c   Code   RO          628    i.HAL_RCC_OscConfig  stm32f4xx_hal_rcc.o
    0x080014b0   0x080014b0   0x00000028   Code   RO         1418    i.HAL_SYSTICK_Config  stm32f4xx_hal_cortex.o
    0x080014d8   0x080014d8   0x00000002   Code   RO         1842    i.HAL_UARTEx_RxEventCallback  stm32f4xx_hal_uart.o
    0x080014da   0x080014da   0x00000002   Code   RO         1856    i.HAL_UART_ErrorCallback  stm32f4xx_hal_uart.o
    0x080014dc   0x080014dc   0x00000268   Code   RO         1859    i.HAL_UART_IRQHandler  stm32f4xx_hal_uart.o
    0x08001744   0x08001744   0x00000062   Code   RO         1860    i.HAL_UART_Init     stm32f4xx_hal_uart.o
    0x080017a6   0x080017a6   0x00000002   PAD
    0x080017a8   0x080017a8   0x0000011c   Code   RO          581    i.HAL_UART_MspInit  stm32f4xx_hal_msp.o
    0x080018c4   0x080018c4   0x00000002   Code   RO         1866    i.HAL_UART_RxCpltCallback  stm32f4xx_hal_uart.o
    0x080018c6   0x080018c6   0x00000002   Code   RO         1871    i.HAL_UART_TxCpltCallback  stm32f4xx_hal_uart.o
    0x080018c8   0x080018c8   0x00000002   Code   RO          500    i.HardFault_Handler  stm32f4xx_it.o
    0x080018ca   0x080018ca   0x00000002   PAD
    0x080018cc   0x080018cc   0x00000038   Code   RO           16    i.IsDataAvailable   uartringbuffer_multi.o
    0x08001904   0x08001904   0x0000001c   Code   RO           18    i.MQTT_Buffer_RX_CLEAN  uartringbuffer_multi.o
    0x08001920   0x08001920   0x0000010c   Code   RO           19    i.MQTT_Connect      uartringbuffer_multi.o
    0x08001a2c   0x08001a2c   0x0000000c   Code   RO           20    i.MQTT_SendBuf      uartringbuffer_multi.o
    0x08001a38   0x08001a38   0x0000004c   Code   RO          324    i.MX_GPIO_Init      main.o
    0x08001a84   0x08001a84   0x00000002   Code   RO          501    i.MemManage_Handler  stm32f4xx_it.o
    0x08001a86   0x08001a86   0x00000002   Code   RO          502    i.NMI_Handler       stm32f4xx_it.o
    0x08001a88   0x08001a88   0x00000054   Code   RO          431    i.RTOS_Initliaze    freertos.o
    0x08001adc   0x08001adc   0x00000058   Code   RO           21    i.Ringbuf_init      uartringbuffer_multi.o
    0x08001b34   0x08001b34   0x00000018   Code   RO          432    i.StartDefaultTask  freertos.o
    0x08001b4c   0x08001b4c   0x00000038   Code   RO          433    i.StartTask02       freertos.o
    0x08001b84   0x08001b84   0x0000000c   Code   RO          434    i.StartTask03       freertos.o
    0x08001b90   0x08001b90   0x00000018   Code   RO          503    i.SysTick_Handler   stm32f4xx_it.o
    0x08001ba8   0x08001ba8   0x00000094   Code   RO          326    i.SystemClock_Config  main.o
    0x08001c3c   0x08001c3c   0x00000010   Code   RO         2189    i.SystemInit        system_stm32f4xx.o
    0x08001c4c   0x08001c4c   0x00000010   Code   RO         1873    i.UART_DMAAbortOnError  stm32f4xx_hal_uart.o
    0x08001c5c   0x08001c5c   0x0000004e   Code   RO         1883    i.UART_EndRxTransfer  stm32f4xx_hal_uart.o
    0x08001caa   0x08001caa   0x000000c0   Code   RO         1885    i.UART_Receive_IT   stm32f4xx_hal_uart.o
    0x08001d6a   0x08001d6a   0x00000002   PAD
    0x08001d6c   0x08001d6c   0x0000010c   Code   RO         1886    i.UART_SetConfig    stm32f4xx_hal_uart.o
    0x08001e78   0x08001e78   0x00000018   Code   RO          504    i.USART1_IRQHandler  stm32f4xx_it.o
    0x08001e90   0x08001e90   0x00000018   Code   RO          505    i.USART2_IRQHandler  stm32f4xx_it.o
    0x08001ea8   0x08001ea8   0x00000018   Code   RO          506    i.USART6_IRQHandler  stm32f4xx_it.o
    0x08001ec0   0x08001ec0   0x00000048   Code   RO           22    i.Uart_flush        uartringbuffer_multi.o
    0x08001f08   0x08001f08   0x00000094   Code   RO           23    i.Uart_isr          uartringbuffer_multi.o
    0x08001f9c   0x08001f9c   0x0000003c   Code   RO           24    i.Uart_peek         uartringbuffer_multi.o
    0x08001fd8   0x08001fd8   0x0000004c   Code   RO           26    i.Uart_read         uartringbuffer_multi.o
    0x08002024   0x08002024   0x00000018   Code   RO           27    i.Uart_sendstring   uartringbuffer_multi.o
    0x0800203c   0x0800203c   0x00000064   Code   RO           28    i.Uart_write        uartringbuffer_multi.o
    0x080020a0   0x080020a0   0x00000060   Code   RO           29    i.Uart_write_data   uartringbuffer_multi.o
    0x08002100   0x08002100   0x00000002   Code   RO          507    i.UsageFault_Handler  stm32f4xx_it.o
    0x08002102   0x08002102   0x00000002   PAD
    0x08002104   0x08002104   0x00000070   Code   RO           30    i.Wait_for          uartringbuffer_multi.o
    0x08002174   0x08002174   0x00000020   Code   RO         1420    i.__NVIC_SetPriority  stm32f4xx_hal_cortex.o
    0x08002194   0x08002194   0x000000ac   Code   RO          327    i.main              main.o
    0x08002240   0x08002240   0x0000000c   Code   RO         3009    i.makeFreeRtosPriority  cmsis_os.o
    0x0800224c   0x0800224c   0x0000000e   Code   RO         3011    i.osDelay           cmsis_os.o
    0x0800225a   0x0800225a   0x0000000a   Code   RO         3014    i.osKernelStart     cmsis_os.o
    0x08002264   0x08002264   0x00000054   Code   RO         3048    i.osThreadCreate    cmsis_os.o
    0x080022b8   0x080022b8   0x00000070   Code   RO         2691    i.prvAddCurrentTaskToDelayedList  tasks.o
    0x08002328   0x08002328   0x000000d0   Code   RO         2692    i.prvAddNewTaskToReadyList  tasks.o
    0x080023f8   0x080023f8   0x00000034   Code   RO         2693    i.prvDeleteTCB      tasks.o
    0x0800242c   0x0800242c   0x0000004c   Code   RO         3376    i.prvHeapInit       heap_4.o
    0x08002478   0x08002478   0x00000060   Code   RO         2694    i.prvIdleTask       tasks.o
    0x080024d8   0x080024d8   0x00000098   Code   RO         2695    i.prvInitialiseNewTask  tasks.o
    0x08002570   0x08002570   0x0000004c   Code   RO         3377    i.prvInsertBlockIntoFreeList  heap_4.o
    0x080025bc   0x080025bc   0x00000020   Code   RO         2696    i.prvResetNextTaskUnblockTime  tasks.o
    0x080025dc   0x080025dc   0x00000028   Code   RO         3444    i.prvTaskExitError  port.o
    0x08002604   0x08002604   0x000000dc   Code   RO         3378    i.pvPortMalloc      heap_4.o
    0x080026e0   0x080026e0   0x0000002c   Code   RO         3445    i.pxPortInitialiseStack  port.o
    0x0800270c   0x0800270c   0x0000001e   Code   RO           31    i.store_char        uartringbuffer_multi.o
    0x0800272a   0x0800272a   0x00000026   Code   RO         2327    i.uxListRemove      list.o
    0x08002750   0x08002750   0x00000014   Code   RO          435    i.vApplicationGetIdleTaskMemory  freertos.o
    0x08002764   0x08002764   0x00000016   Code   RO         2328    i.vListInitialise   list.o
    0x0800277a   0x0800277a   0x00000006   Code   RO         2329    i.vListInitialiseItem  list.o
    0x08002780   0x08002780   0x00000030   Code   RO         2330    i.vListInsert       list.o
    0x080027b0   0x080027b0   0x00000018   Code   RO         2331    i.vListInsertEnd    list.o
    0x080027c8   0x080027c8   0x00000040   Code   RO         3447    i.vPortEnterCritical  port.o
    0x08002808   0x08002808   0x00000028   Code   RO         3448    i.vPortExitCritical  port.o
    0x08002830   0x08002830   0x00000064   Code   RO         3379    i.vPortFree         heap_4.o
    0x08002894   0x08002894   0x00000024   Code   RO         3449    i.vPortSetupTimerInterrupt  port.o
    0x080028b8   0x080028b8   0x0000004c   Code   RO         2705    i.vTaskDelay        tasks.o
    0x08002904   0x08002904   0x0000006c   Code   RO         2718    i.vTaskStartScheduler  tasks.o
    0x08002970   0x08002970   0x00000010   Code   RO         2720    i.vTaskSuspendAll   tasks.o
    0x08002980   0x08002980   0x0000005c   Code   RO         2721    i.vTaskSwitchContext  tasks.o
    0x080029dc   0x080029dc   0x000000f4   Code   RO         3451    i.xPortStartScheduler  port.o
    0x08002ad0   0x08002ad0   0x0000002c   Code   RO         3452    i.xPortSysTickHandler  port.o
    0x08002afc   0x08002afc   0x0000005a   Code   RO         2724    i.xTaskCreate       tasks.o
    0x08002b56   0x08002b56   0x00000056   Code   RO         2725    i.xTaskCreateStatic  tasks.o
    0x08002bac   0x08002bac   0x0000001c   Code   RO         2729    i.xTaskGetSchedulerState  tasks.o
    0x08002bc8   0x08002bc8   0x000000cc   Code   RO         2732    i.xTaskIncrementTick  tasks.o
    0x08002c94   0x08002c94   0x000000c4   Code   RO         2738    i.xTaskResumeAll    tasks.o
    0x08002d58   0x08002d58   0x0000000a   Code   RO         3695    x$fpl$fpinit        fz_wm.l(fpinit.o)
    0x08002d62   0x08002d62   0x00000002   PAD
    0x08002d64   0x08002d64   0x00000054   Data   RO          437    .constdata          freertos.o
    0x08002db8   0x08002db8   0x00000010   Data   RO         2190    .constdata          system_stm32f4xx.o
    0x08002dc8   0x08002dc8   0x00000008   Data   RO         2191    .constdata          system_stm32f4xx.o
    0x08002dd0   0x08002dd0   0x00000021   Data   RO          438    .conststring        freertos.o
    0x08002df1   0x08002df1   0x00000003   PAD
    0x08002df4   0x08002df4   0x00000020   Data   RO         3753    Region$$Table       anon$$obj.o


    Execution Region RW_IRAM1 (Exec base: 0x20000000, Load base: 0x08002e14, Size: 0x00005790, Max: 0x00018000, ABSOLUTE)

    Exec Addr    Load Addr    Size         Type   Attr      Idx    E Section Name        Object

    0x20000000   0x08002e14   0x00000014   Data   RW           33    .data               uartringbuffer_multi.o
    0x20000014   0x08002e28   0x0000000c   Data   RW          439    .data               freertos.o
    0x20000020   0x08002e34   0x0000000c   Data   RW         1564    .data               stm32f4xx_hal.o
    0x2000002c   0x08002e40   0x00000004   Data   RW         2192    .data               system_stm32f4xx.o
    0x20000030   0x08002e44   0x0000003c   Data   RW         2741    .data               tasks.o
    0x2000006c   0x08002e80   0x00000020   Data   RW         3385    .data               heap_4.o
    0x2000008c   0x08002ea0   0x0000000c   Data   RW         3453    .data               port.o
    0x20000098        -       0x00001020   Zero   RW           32    .bss                uartringbuffer_multi.o
    0x200010b8        -       0x00000014   Zero   RW          280    .bss                esp8266_hal.o
    0x200010cc        -       0x0000011c   Zero   RW          330    .bss                main.o
    0x200011e8        -       0x00000254   Zero   RW          436    .bss                freertos.o
    0x2000143c        -       0x000000f0   Zero   RW         2740    .bss                tasks.o
    0x2000152c        -       0x00003c00   Zero   RW         3384    .bss                heap_4.o
    0x2000512c        -       0x00000060   Zero   RW         3625    .bss                c_w.l(libspace.o)
    0x2000518c   0x08002eac   0x00000004   PAD
    0x20005190        -       0x00000200   Zero   RW            2    HEAP                startup_stm32f401xe.o
    0x20005390        -       0x00000400   Zero   RW            1    STACK               startup_stm32f401xe.o


==============================================================================

Image component sizes


      Code (inc. data)   RO Data    RW Data    ZI Data      Debug   Object Name

       120          0          0          0          0      23425   cmsis_os.o
       680        330          0          0         20       1885   esp8266_hal.o
         0          0          0          0          0      16948   event_groups.o
       504        242        117         12        596       4423   freertos.o
       472         24          0         32      15360       7519   heap_4.o
       138          0          0          0          0       3630   list.o
       396         58          0          0        284      34647   main.o
       702         72          0         12          0      11160   port.o
        64         26        404          0       1536        860   startup_stm32f401xe.o
       180         28          0         12          0       9389   stm32f4xx_hal.o
       198         14          0          0          0      34031   stm32f4xx_hal_cortex.o
       182          0          0          0          0       2147   stm32f4xx_hal_dma.o
       496         34          0          0          0       2201   stm32f4xx_hal_gpio.o
       340         28          0          0          0       1917   stm32f4xx_hal_msp.o
      1348         76          0          0          0       5328   stm32f4xx_hal_rcc.o
      1276         16          0          0          0       8496   stm32f4xx_hal_uart.o
       108         18          0          0          0       5011   stm32f4xx_it.o
         0          0          0          0          0        392   stream_buffer.o
        16          4         24          4          0       1175   system_stm32f4xx.o
      1548        118          0         60        240      20403   tasks.o
      1322        148          0         20       4128     396112   uartringbuffer_multi.o

    ----------------------------------------------------------------------
     10106       1236        580        152      22164     591099   Object Totals
         0          0         32          0          0          0   (incl. Generated)
        16          0          3          0          0          0   (incl. Padding)

    ----------------------------------------------------------------------

      Code (inc. data)   RO Data    RW Data    ZI Data      Debug   Library Member Name

         8          0          0          0          0         68   __main.o
       104          0          0          0          0         84   __printf.o
         0          0          0          0          0          0   __rtentry.o
        12          0          0          0          0          0   __rtentry2.o
         6          0          0          0          0          0   __rtentry4.o
        52          8          0          0          0          0   __scatter.o
        26          0          0          0          0          0   __scatter_copy.o
        28          0          0          0          0          0   __scatter_zi.o
        44          0          0          0          0        108   _printf_char.o
        48          6          0          0          0         96   _printf_char_common.o
         0          0          0          0          0          0   _printf_percent.o
         4          0          0          0          0          0   _printf_percent_end.o
         6          0          0          0          0          0   _printf_s.o
        82          0          0          0          0         80   _printf_str.o
        10          0          0          0          0         68   _sputc.o
        18          0          0          0          0         80   exit.o
         6          0          0          0          0        152   heapauxi.o
         0          0          0          0          0          0   indicate_semi.o
         2          0          0          0          0          0   libinit.o
         6          0          0          0          0          0   libinit2.o
         2          0          0          0          0          0   libshutdown.o
         2          0          0          0          0          0   libshutdown2.o
         8          4          0          0         96         68   libspace.o
       238          0          0          0          0        100   lludivv7m.o
        40          6          0          0          0         84   noretval__2sprintf.o
        78          0          0          0          0         80   rt_memclr_w.o
       100          0          0          0          0         80   rt_memcpy_w.o
         2          0          0          0          0          0   rtexit.o
        10          0          0          0          0          0   rtexit2.o
        62          0          0          0          0         76   strlen.o
        12          4          0          0          0         68   sys_exit.o
        74          0          0          0          0         80   sys_stackheap_outer.o
         2          0          0          0          0         68   use_no_semi.o
        10          0          0          0          0        116   fpinit.o

    ----------------------------------------------------------------------
      1110         28          0          0        100       1556   Library Totals
         8          0          0          0          4          0   (incl. Padding)

    ----------------------------------------------------------------------

      Code (inc. data)   RO Data    RW Data    ZI Data      Debug   Library Name

      1092         28          0          0         96       1440   c_w.l
        10          0          0          0          0        116   fz_wm.l

    ----------------------------------------------------------------------
      1110         28          0          0        100       1556   Library Totals

    ----------------------------------------------------------------------

==============================================================================


      Code (inc. data)   RO Data    RW Data    ZI Data      Debug   

     11216       1264        580        152      22264     582279   Grand Totals
     11216       1264        580        152      22264     582279   ELF Image Totals
     11216       1264        580        152          0          0   ROM Totals

==============================================================================

    Total RO  Size (Code + RO Data)                11796 (  11.52kB)
    Total RW  Size (RW Data + ZI Data)             22416 (  21.89kB)
    Total ROM Size (Code + RO Data + RW Data)      11948 (  11.67kB)

==============================================================================

