<html>
<body>
<pre>
<h1>µVision Build Log</h1>
<h2>Tool Versions:</h2>
IDE-Version: £gVision V5.38.0.0
Copyright (C) 2022 ARM Ltd and ARM Germany GmbH. All rights reserved.
License Information: 11 11, 1, LIC=8MZI6-DKM0F-AWJ2F-656NP-4XURH-LIU82
 
Tool Versions:
Toolchain:       MDK-ARM Professional  Version: 5.38.0.0
Toolchain Path:  C:\Keil_v5\ARM\ARMCLANG\Bin
C Compiler:      ArmClang.exe V6.19
Assembler:       Armasm.exe V6.19
Linker/Locator:  ArmLink.exe V6.19
Library Manager: ArmAr.exe V6.19
Hex Converter:   FromElf.exe V6.19
CPU DLL:         SARMCM3.DLL V5.38.0.0
Dialog DLL:      DCM.DLL V1.17.5.0
Target DLL:      STLink\ST-LINKIII-KEIL_SWO.dll V3.1.0.0
Dialog DLL:      TCM.DLL V1.56.4.0
 
<h2>Project:</h2>
C:\Users\astbe\OneDrive\Desktop\STM32F3\Calibattion_TEST_TO_GUI\MDK-ARM\Calibattion_TEST_TO_GUI.uvprojx
Project File Date:  11/01/2023

<h2>Output:</h2>
*** Using Compiler 'V6.19', folder: 'C:\Keil_v5\ARM\ARMCLANG\Bin'
Build target 'Calibattion_TEST_TO_GUI'
../Core/Src/Variable.c(1): warning: In file included from...
../Core/Inc/main.h(33): warning: In file included from...
../Core/Inc/variable.h(23): warning: typedef requires a name [-Wmissing-declarations]
typedef struct Allert_Portect
^~~~~~~
../Core/Inc/variable.h(38): warning: typedef requires a name [-Wmissing-declarations]
typedef struct Volt_Controller_3p3z
^~~~~~~
../Core/Inc/variable.h(56): warning: typedef requires a name [-Wmissing-declarations]
typedef struct AC_Drop
^~~~~~~
3 warnings generated.
compiling Variable.c...
../Core/Src/stm32f4xx_it.c(21): warning: In file included from...
../Core/Inc/main.h(33): warning: In file included from...
../Core/Inc/variable.h(23): warning: typedef requires a name [-Wmissing-declarations]
typedef struct Allert_Portect
^~~~~~~
../Core/Inc/variable.h(38): warning: typedef requires a name [-Wmissing-declarations]
typedef struct Volt_Controller_3p3z
^~~~~~~
../Core/Inc/variable.h(56): warning: typedef requires a name [-Wmissing-declarations]
typedef struct AC_Drop
^~~~~~~
3 warnings generated.
compiling stm32f4xx_it.c...
../Core/Src/ADC.c(1): warning: In file included from...
../Core/Inc/main.h(33): warning: In file included from...
../Core/Inc/variable.h(23): warning: typedef requires a name [-Wmissing-declarations]
typedef struct Allert_Portect
^~~~~~~
../Core/Inc/variable.h(38): warning: typedef requires a name [-Wmissing-declarations]
typedef struct Volt_Controller_3p3z
^~~~~~~
../Core/Inc/variable.h(56): warning: typedef requires a name [-Wmissing-declarations]
typedef struct AC_Drop
^~~~~~~
3 warnings generated.
compiling ADC.c...
../Core/Src/ISR.c(1): warning: In file included from...
../Core/Inc/main.h(33): warning: In file included from...
../Core/Inc/variable.h(23): warning: typedef requires a name [-Wmissing-declarations]
typedef struct Allert_Portect
^~~~~~~
../Core/Inc/variable.h(38): warning: typedef requires a name [-Wmissing-declarations]
typedef struct Volt_Controller_3p3z
^~~~~~~
../Core/Inc/variable.h(56): warning: typedef requires a name [-Wmissing-declarations]
typedef struct AC_Drop
^~~~~~~
3 warnings generated.
compiling ISR.c...
../Core/Src/stm32f4xx_hal_msp.c(22): warning: In file included from...
../Core/Inc/main.h(33): warning: In file included from...
../Core/Inc/variable.h(23): warning: typedef requires a name [-Wmissing-declarations]
typedef struct Allert_Portect
^~~~~~~
../Core/Inc/variable.h(38): warning: typedef requires a name [-Wmissing-declarations]
typedef struct Volt_Controller_3p3z
^~~~~~~
../Core/Inc/variable.h(56): warning: typedef requires a name [-Wmissing-declarations]
typedef struct AC_Drop
^~~~~~~
3 warnings generated.
compiling stm32f4xx_hal_msp.c...
../Core/Src/main.c(34): warning: In file included from...
../Core/Inc/main.h(33): warning: In file included from...
../Core/Inc/variable.h(23): warning: typedef requires a name [-Wmissing-declarations]
typedef struct Allert_Portect
^~~~~~~
../Core/Inc/variable.h(38): warning: typedef requires a name [-Wmissing-declarations]
typedef struct Volt_Controller_3p3z
^~~~~~~
../Core/Inc/variable.h(56): warning: typedef requires a name [-Wmissing-declarations]
typedef struct AC_Drop
^~~~~~~
../Core/Src/main.c(34): warning: In file included from...
../Core/Inc/main.h(32): warning: In file included from...
../Core/Inc/function.h(8): warning: inline function 'Initail_Variable' is not defined [-Wundefined-inline]
extern inline void Initail_Variable(void);
                   ^
../Core/Src/main.c(117): note: used here
  Initail_Variable();
  ^
4 warnings generated.
compiling main.c...
../Core/Src/Flash.c(2): warning: In file included from...
../Core/Inc/main.h(33): warning: In file included from...
../Core/Inc/variable.h(23): warning: typedef requires a name [-Wmissing-declarations]
typedef struct Allert_Portect
^~~~~~~
../Core/Inc/variable.h(38): warning: typedef requires a name [-Wmissing-declarations]
typedef struct Volt_Controller_3p3z
^~~~~~~
../Core/Inc/variable.h(56): warning: typedef requires a name [-Wmissing-declarations]
typedef struct AC_Drop
^~~~~~~
3 warnings generated.
compiling Flash.c...
../Core/Src/UartRingbuffer_multi.c(8): warning: In file included from...
../Core/Inc/UartRingbuffer_multi.h(11): warning: In file included from...
../Core/Inc/main.h(33): warning: In file included from...
../Core/Inc/variable.h(23): warning: typedef requires a name [-Wmissing-declarations]
typedef struct Allert_Portect
^~~~~~~
../Core/Inc/variable.h(38): warning: typedef requires a name [-Wmissing-declarations]
typedef struct Volt_Controller_3p3z
^~~~~~~
../Core/Inc/variable.h(56): warning: typedef requires a name [-Wmissing-declarations]
typedef struct AC_Drop
^~~~~~~
3 warnings generated.
compiling UartRingbuffer_multi.c...
linking...
Program Size: Code=8408 RO-data=532 RW-data=12 ZI-data=6108  
FromELF: creating hex file...
"Calibattion_TEST_TO_GUI\Calibattion_TEST_TO_GUI.axf" - 0 Error(s), 25 Warning(s).

<h2>Software Packages used:</h2>

Package Vendor: ARM
                http://www.keil.com/pack/ARM.CMSIS.5.9.0.pack
                ARM.CMSIS.5.9.0
                CMSIS (Common Microcontroller Software Interface Standard)
   * Component: CORE Version: 5.6.0

Package Vendor: Keil
                https://www.keil.com/pack/Keil.STM32F4xx_DFP.2.17.0.pack
                Keil.STM32F4xx_DFP.2.17.0
                STMicroelectronics STM32F4 Series Device Support, Drivers and Examples

<h2>Collection of Component include folders:</h2>
  ./RTE/_Calibattion_TEST_TO_GUI
  C:/Users/NBbackup01/AppData/Local/Arm/Packs/ARM/CMSIS/5.9.0/CMSIS/Core/Include
  C:/Users/NBbackup01/AppData/Local/Arm/Packs/Keil/STM32F4xx_DFP/2.17.0/Drivers/CMSIS/Device/ST/STM32F4xx/Include

<h2>Collection of Component Files used:</h2>

   * Component: ARM::CMSIS:CORE:5.6.0
      Include file:  CMSIS/Core/Include/tz_context.h
Build Time Elapsed:  00:00:02
</pre>
</body>
</html>
