<html>
<body>
<pre>
<h1>µVision Build Log</h1>
<h2>Tool Versions:</h2>
IDE-Version: £gVision V5.36.0.0
Copyright (C) 2021 ARM Ltd and ARM Germany GmbH. All rights reserved.
License Information: 11 11, 1, LIC=----
 
Tool Versions:
Toolchain:       MDK-Lite  Version: 5.36.0.0
Toolchain Path:  C:\Keil_v5\ARM\ARMCC\Bin
C Compiler:      Armcc.exe V5.06 update 7 (build 960)
Assembler:       Armasm.exe V5.06 update 7 (build 960)
Linker/Locator:  ArmLink.exe V5.06 update 7 (build 960)
Library Manager: ArmAr.exe V5.06 update 7 (build 960)
Hex Converter:   FromElf.exe V5.06 update 7 (build 960)
CPU DLL:         SARMCM3.DLL V5.36.0.0
Dialog DLL:      DCM.DLL V1.17.3.0
Target DLL:      STLink\ST-LINKIII-KEIL_SWO.dll V3.0.9.0
Dialog DLL:      TCM.DLL V1.53.0.0
 
<h2>Project:</h2>
C:\Users\NBbackup01\Desktop\SM32G474\STM32F446RE\PFC\MDK-ARM\PFC.uvprojx
Project File Date:  12/20/2022

<h2>Output:</h2>
*** Using Compiler 'V5.06 update 7 (build 960)', folder: 'C:\Keil_v5\ARM\ARMCC\Bin'
Rebuild target 'PFC'
assembling startup_stm32f446xx.s...
compiling Supply_State.c...
../Core/Inc/variable.h(106): warning:  #375-D: declaration requires a typedef name
  };
..\Core\Src\Supply_State.c(181): warning:  #940-D: missing return statement at end of non-void function "proportional_integral" 
  }
..\Core\Src\Supply_State.c: 2 warnings, 0 errors
compiling ADC.c...
../Core/Inc/variable.h(106): warning:  #375-D: declaration requires a typedef name
  };
..\Core\Src\ADC.c: 1 warning, 0 errors
compiling main.c...
../Core/Inc/variable.h(106): warning:  #375-D: declaration requires a typedef name
  };
../Core/Src/main.c(226): warning:  #177-D: variable "sConfig"  was declared but never referenced
    ADC_ChannelConfTypeDef sConfig = {0};
../Core/Src/main.c(386): warning:  #177-D: function "MX_TIM2_Init"  was declared but never referenced
  static void MX_TIM2_Init(void)
../Core/Src/main.c(466): warning:  #177-D: function "MX_TIM3_Init"  was declared but never referenced
  static void MX_TIM3_Init(void)
../Core/Src/main.c: 4 warnings, 0 errors
compiling freertos.c...
../Core/Inc/variable.h(106): warning:  #375-D: declaration requires a typedef name
  };
../Core/Src/freertos.c: 1 warning, 0 errors
compiling stm32f4xx_it.c...
../Core/Inc/variable.h(106): warning:  #375-D: declaration requires a typedef name
  };
../Core/Src/stm32f4xx_it.c: 1 warning, 0 errors
compiling stm32f4xx_ll_adc.c...
compiling UartRingbuffer_multi.c...
../Core/Inc/variable.h(106): warning:  #375-D: declaration requires a typedef name
  };
..\Core\Src\UartRingbuffer_multi.c: 1 warning, 0 errors
compiling stm32f4xx_hal_msp.c...
../Core/Inc/variable.h(106): warning:  #375-D: declaration requires a typedef name
  };
../Core/Src/stm32f4xx_hal_msp.c: 1 warning, 0 errors
compiling stm32f4xx_hal_flash.c...
compiling stm32f4xx_hal_adc.c...
compiling stm32f4xx_hal_rcc.c...
compiling stm32f4xx_hal_flash_ex.c...
compiling stm32f4xx_hal_adc_ex.c...
compiling stm32f4xx_hal_flash_ramfunc.c...
compiling stm32f4xx_hal_rcc_ex.c...
compiling stm32f4xx_hal_gpio.c...
compiling stm32f4xx_hal_pwr.c...
compiling stm32f4xx_hal_dma.c...
compiling stm32f4xx_hal_pwr_ex.c...
compiling stm32f4xx_hal_cortex.c...
compiling stm32f4xx_hal_dma_ex.c...
compiling stm32f4xx_hal.c...
compiling stm32f4xx_hal_exti.c...
compiling croutine.c...
compiling event_groups.c...
compiling list.c...
compiling queue.c...
compiling stm32f4xx_hal_dac_ex.c...
compiling stm32f4xx_hal_dac.c...
compiling system_stm32f4xx.c...
compiling stream_buffer.c...
compiling timers.c...
compiling heap_4.c...
compiling tasks.c...
compiling port.c...
compiling stm32f4xx_hal_tim_ex.c...
compiling cmsis_os.c...
compiling stm32f4xx_hal_uart.c...
compiling stm32f4xx_hal_tim.c...
linking...
Program Size: Code=12234 RO-data=510 RW-data=116 ZI-data=2372  
FromELF: creating hex file...
"PFC\PFC.axf" - 0 Error(s), 11 Warning(s).

<h2>Software Packages used:</h2>

Package Vendor: ARM
                http://www.keil.com/pack/ARM.CMSIS.5.8.0.pack
                ARM.CMSIS.5.8.0
                CMSIS (Common Microcontroller Software Interface Standard)
   * Component: CORE Version: 5.5.0

Package Vendor: Keil
                http://www.keil.com/pack/Keil.STM32F4xx_DFP.2.16.0.pack
                Keil.STM32F4xx_DFP.2.16.0
                STMicroelectronics STM32F4 Series Device Support, Drivers and Examples

<h2>Collection of Component include folders:</h2>
  .\RTE\_PFC
  C:\Users\NBbackup01\AppData\Local\Arm\Packs\ARM\CMSIS\5.8.0\CMSIS\Core\Include
  C:\Users\NBbackup01\AppData\Local\Arm\Packs\Keil\STM32F4xx_DFP\2.16.0\Drivers\CMSIS\Device\ST\STM32F4xx\Include

<h2>Collection of Component Files used:</h2>

   * Component: ARM::CMSIS:CORE:5.5.0
      Include file:  CMSIS\Core\Include\tz_context.h
Build Time Elapsed:  00:01:12
</pre>
</body>
</html>
