<html>
<body>
<pre>
<h1>µVision Build Log</h1>
<h2>Tool Versions:</h2>
IDE-Version: £gVision V5.36.0.0
Copyright (C) 2021 ARM Ltd and ARM Germany GmbH. All rights reserved.
License Information: 11 11, 1, LIC=----
 
Tool Versions:
Toolchain:       MDK-Lite  Version: 5.36.0.0
Toolchain Path:  C:\Keil_v5\ARM\ARMCC\Bin
C Compiler:      Armcc.exe V5.06 update 7 (build 960)
Assembler:       Armasm.exe V5.06 update 7 (build 960)
Linker/Locator:  ArmLink.exe V5.06 update 7 (build 960)
Library Manager: ArmAr.exe V5.06 update 7 (build 960)
Hex Converter:   FromElf.exe V5.06 update 7 (build 960)
CPU DLL:         SARMCM3.DLL V5.36.0.0
Dialog DLL:      DCM.DLL V1.17.3.0
Target DLL:      STLink\ST-LINKIII-KEIL_SWO.dll V3.0.9.0
Dialog DLL:      TCM.DLL V1.53.0.0
 
<h2>Project:</h2>
C:\Users\NBbackup01\Desktop\SM32G474\G474_PFC\G474_PFC\MDK-ARM\G474_PFC.uvprojx
Project File Date:  12/19/2022

<h2>Output:</h2>
*** Using Compiler 'V5.06 update 7 (build 960)', folder: 'C:\Keil_v5\ARM\ARMCC\Bin'
Build target 'G474_PFC'
compiling stander_interrupt.c...
../Core/Inc/variable.h(105): warning:  #375-D: declaration requires a typedef name
  };
..\Core\Src\stander_interrupt.c: 1 warning, 0 errors
compiling ADC.c...
../Core/Inc/variable.h(105): warning:  #375-D: declaration requires a typedef name
  };
..\Core\Src\ADC.c(46): warning:  #185-D: dynamic initialization in unreachable code
          ADC_ChannelConfTypeDef sConfig = {0};
..\Core\Src\ADC.c(44): warning:  #546-D: transfer of control bypasses initialization of:
            variable "sConfig"  (declared at line 46)
      switch (Channel_value)
      ^
..\Core\Src\ADC.c: 3 warnings, 0 errors
compiling stm32g4xx_it.c...
../Core/Inc/variable.h(105): warning:  #375-D: declaration requires a typedef name
  };
../Core/Src/stm32g4xx_it.c: 1 warning, 0 errors
compiling Supply_State.c...
../Core/Inc/variable.h(105): warning:  #375-D: declaration requires a typedef name
  };
..\Core\Src\Supply_State.c(183): warning:  #940-D: missing return statement at end of non-void function "proportional_integral" 
  }
..\Core\Src\Supply_State.c: 2 warnings, 0 errors
compiling app_freertos.c...
../Core/Inc/variable.h(105): warning:  #375-D: declaration requires a typedef name
  };
../Core/Src/app_freertos.c: 1 warning, 0 errors
compiling main.c...
../Core/Inc/variable.h(105): warning:  #375-D: declaration requires a typedef name
  };
../Core/Src/main.c(216): warning:  #177-D: variable "sConfig"  was declared but never referenced
    ADC_ChannelConfTypeDef sConfig = {0};
../Core/Src/main.c(474): warning:  #177-D: function "MX_USART1_UART_Init"  was declared but never referenced
  static void MX_USART1_UART_Init(void)
../Core/Src/main.c: 3 warnings, 0 errors
linking...
Program Size: Code=17874 RO-data=522 RW-data=164 ZI-data=5412  
FromELF: creating hex file...
"G474_PFC\G474_PFC.axf" - 0 Error(s), 11 Warning(s).

<h2>Software Packages used:</h2>

Package Vendor: ARM
                http://www.keil.com/pack/ARM.CMSIS.5.8.0.pack
                ARM.CMSIS.5.8.0
                CMSIS (Common Microcontroller Software Interface Standard)
   * Component: CORE Version: 5.5.0

Package Vendor: Keil
                http://www.keil.com/pack/Keil.STM32G4xx_DFP.1.4.0.pack
                Keil.STM32G4xx_DFP.1.4.0
                STMicroelectronics STM32G4 Series Device Support, Drivers and Examples

<h2>Collection of Component include folders:</h2>
  .\RTE\_G474_PFC
  C:\Users\NBbackup01\AppData\Local\Arm\Packs\ARM\CMSIS\5.8.0\CMSIS\Core\Include
  C:\Users\NBbackup01\AppData\Local\Arm\Packs\Keil\STM32G4xx_DFP\1.4.0\Drivers\CMSIS\Device\ST\STM32G4xx\Include

<h2>Collection of Component Files used:</h2>

   * Component: ARM::CMSIS:CORE:5.5.0
      Include file:  CMSIS\Core\Include\tz_context.h
Build Time Elapsed:  00:00:21
</pre>
</body>
</html>
