Component: ARM Compiler 5.06 update 7 (build 960) Tool: armlink [4d3601]

==============================================================================

Section Cross References

    startup_stm32g474xx.o(STACK) refers (Special) to heapauxi.o(.text) for __use_two_region_memory
    startup_stm32g474xx.o(HEAP) refers (Special) to heapauxi.o(.text) for __use_two_region_memory
    startup_stm32g474xx.o(RESET) refers (Special) to heapauxi.o(.text) for __use_two_region_memory
    startup_stm32g474xx.o(RESET) refers to startup_stm32g474xx.o(STACK) for __initial_sp
    startup_stm32g474xx.o(RESET) refers to startup_stm32g474xx.o(.text) for Reset_Handler
    startup_stm32g474xx.o(RESET) refers to stm32g4xx_it.o(i.NMI_Handler) for NMI_Handler
    startup_stm32g474xx.o(RESET) refers to stm32g4xx_it.o(i.HardFault_Handler) for HardFault_Handler
    startup_stm32g474xx.o(RESET) refers to stm32g4xx_it.o(i.MemManage_Handler) for MemManage_Handler
    startup_stm32g474xx.o(RESET) refers to stm32g4xx_it.o(i.BusFault_Handler) for BusFault_Handler
    startup_stm32g474xx.o(RESET) refers to stm32g4xx_it.o(i.UsageFault_Handler) for UsageFault_Handler
    startup_stm32g474xx.o(RESET) refers to port.o(.emb_text) for SVC_Handler
    startup_stm32g474xx.o(RESET) refers to stm32g4xx_it.o(i.DebugMon_Handler) for DebugMon_Handler
    startup_stm32g474xx.o(RESET) refers to stm32g4xx_it.o(i.SysTick_Handler) for SysTick_Handler
    startup_stm32g474xx.o(RESET) refers to stm32g4xx_it.o(i.TIM1_UP_TIM16_IRQHandler) for TIM1_UP_TIM16_IRQHandler
    startup_stm32g474xx.o(.text) refers (Special) to heapauxi.o(.text) for __use_two_region_memory
    startup_stm32g474xx.o(.text) refers to system_stm32g4xx.o(i.SystemInit) for SystemInit
    startup_stm32g474xx.o(.text) refers to __main.o(!!!main) for __main
    startup_stm32g474xx.o(.text) refers to startup_stm32g474xx.o(HEAP) for Heap_Mem
    startup_stm32g474xx.o(.text) refers to startup_stm32g474xx.o(STACK) for Stack_Mem
    main.o(i.MX_ADC1_Init) refers to rt_memclr_w.o(.text) for __aeabi_memclr4
    main.o(i.MX_ADC1_Init) refers to stm32g4xx_hal_adc.o(i.HAL_ADC_Init) for HAL_ADC_Init
    main.o(i.MX_ADC1_Init) refers to stm32g4xx_hal_adc_ex.o(i.HAL_ADCEx_MultiModeConfigChannel) for HAL_ADCEx_MultiModeConfigChannel
    main.o(i.MX_ADC1_Init) refers to main.o(.bss) for .bss
    main.o(i.MX_GPIO_Init) refers to rt_memclr_w.o(.text) for __aeabi_memclr4
    main.o(i.MX_GPIO_Init) refers to stm32g4xx_hal_gpio.o(i.HAL_GPIO_WritePin) for HAL_GPIO_WritePin
    main.o(i.MX_GPIO_Init) refers to stm32g4xx_hal_gpio.o(i.HAL_GPIO_Init) for HAL_GPIO_Init
    main.o(i.MX_TIM1_Init) refers to rt_memclr_w.o(.text) for __aeabi_memclr4
    main.o(i.MX_TIM1_Init) refers to stm32g4xx_hal_tim.o(i.HAL_TIM_PWM_Init) for HAL_TIM_PWM_Init
    main.o(i.MX_TIM1_Init) refers to stm32g4xx_hal_tim.o(i.HAL_TIM_OC_Init) for HAL_TIM_OC_Init
    main.o(i.MX_TIM1_Init) refers to stm32g4xx_hal_tim_ex.o(i.HAL_TIMEx_MasterConfigSynchronization) for HAL_TIMEx_MasterConfigSynchronization
    main.o(i.MX_TIM1_Init) refers to stm32g4xx_hal_tim.o(i.HAL_TIM_PWM_ConfigChannel) for HAL_TIM_PWM_ConfigChannel
    main.o(i.MX_TIM1_Init) refers to stm32g4xx_hal_tim.o(i.HAL_TIM_OC_ConfigChannel) for HAL_TIM_OC_ConfigChannel
    main.o(i.MX_TIM1_Init) refers to stm32g4xx_hal_tim_ex.o(i.HAL_TIMEx_ConfigBreakDeadTime) for HAL_TIMEx_ConfigBreakDeadTime
    main.o(i.MX_TIM1_Init) refers to stm32g4xx_hal_msp.o(i.HAL_TIM_MspPostInit) for HAL_TIM_MspPostInit
    main.o(i.MX_TIM1_Init) refers to main.o(.bss) for .bss
    main.o(i.MX_TIM1_Init) refers to system_stm32g4xx.o(.data) for SystemCoreClock
    main.o(i.MX_TIM8_Init) refers to rt_memclr_w.o(.text) for __aeabi_memclr4
    main.o(i.MX_TIM8_Init) refers to stm32g4xx_hal_tim.o(i.HAL_TIM_Base_Init) for HAL_TIM_Base_Init
    main.o(i.MX_TIM8_Init) refers to stm32g4xx_hal_tim.o(i.HAL_TIM_PWM_Init) for HAL_TIM_PWM_Init
    main.o(i.MX_TIM8_Init) refers to stm32g4xx_hal_tim.o(i.HAL_TIM_SlaveConfigSynchro) for HAL_TIM_SlaveConfigSynchro
    main.o(i.MX_TIM8_Init) refers to stm32g4xx_hal_tim_ex.o(i.HAL_TIMEx_MasterConfigSynchronization) for HAL_TIMEx_MasterConfigSynchronization
    main.o(i.MX_TIM8_Init) refers to stm32g4xx_hal_tim.o(i.HAL_TIM_PWM_ConfigChannel) for HAL_TIM_PWM_ConfigChannel
    main.o(i.MX_TIM8_Init) refers to stm32g4xx_hal_tim_ex.o(i.HAL_TIMEx_ConfigBreakDeadTime) for HAL_TIMEx_ConfigBreakDeadTime
    main.o(i.MX_TIM8_Init) refers to stm32g4xx_hal_msp.o(i.HAL_TIM_MspPostInit) for HAL_TIM_MspPostInit
    main.o(i.MX_TIM8_Init) refers to main.o(.bss) for .bss
    main.o(i.MX_TIM8_Init) refers to system_stm32g4xx.o(.data) for SystemCoreClock
    main.o(i.SystemClock_Config) refers to rt_memclr_w.o(.text) for __aeabi_memclr4
    main.o(i.SystemClock_Config) refers to stm32g4xx_hal_pwr_ex.o(i.HAL_PWREx_ControlVoltageScaling) for HAL_PWREx_ControlVoltageScaling
    main.o(i.SystemClock_Config) refers to stm32g4xx_hal_rcc.o(i.HAL_RCC_OscConfig) for HAL_RCC_OscConfig
[...]
    i.HAL_NVIC_SetPriority                   0x08001460   Section        0  stm32g4xx_hal_cortex.o(i.HAL_NVIC_SetPriority)
    i.HAL_NVIC_SetPriorityGrouping           0x080014a0   Section        0  stm32g4xx_hal_cortex.o(i.HAL_NVIC_SetPriorityGrouping)
    i.HAL_PWREx_ControlVoltageScaling        0x080014c4   Section        0  stm32g4xx_hal_pwr_ex.o(i.HAL_PWREx_ControlVoltageScaling)
    i.HAL_PWREx_DisableUCPDDeadBattery       0x08001580   Section        0  stm32g4xx_hal_pwr_ex.o(i.HAL_PWREx_DisableUCPDDeadBattery)
    i.HAL_RCCEx_PeriphCLKConfig              0x08001590   Section        0  stm32g4xx_hal_rcc_ex.o(i.HAL_RCCEx_PeriphCLKConfig)
    i.HAL_RCC_ClockConfig                    0x08001890   Section        0  stm32g4xx_hal_rcc.o(i.HAL_RCC_ClockConfig)
    i.HAL_RCC_GetSysClockFreq                0x08001a6c   Section        0  stm32g4xx_hal_rcc.o(i.HAL_RCC_GetSysClockFreq)
    i.HAL_RCC_OscConfig                      0x08001ad8   Section        0  stm32g4xx_hal_rcc.o(i.HAL_RCC_OscConfig)
    i.HAL_SYSTICK_Config                     0x08001ee4   Section        0  stm32g4xx_hal_cortex.o(i.HAL_SYSTICK_Config)
    i.HAL_TIMEx_Break2Callback               0x08001f0c   Section        0  stm32g4xx_hal_tim_ex.o(i.HAL_TIMEx_Break2Callback)
    i.HAL_TIMEx_BreakCallback                0x08001f0e   Section        0  stm32g4xx_hal_tim_ex.o(i.HAL_TIMEx_BreakCallback)
    i.HAL_TIMEx_CommutCallback               0x08001f10   Section        0  stm32g4xx_hal_tim_ex.o(i.HAL_TIMEx_CommutCallback)
    i.HAL_TIMEx_ConfigBreakDeadTime          0x08001f14   Section        0  stm32g4xx_hal_tim_ex.o(i.HAL_TIMEx_ConfigBreakDeadTime)
    i.HAL_TIMEx_DirectionChangeCallback      0x08001fe0   Section        0  stm32g4xx_hal_tim_ex.o(i.HAL_TIMEx_DirectionChangeCallback)
    i.HAL_TIMEx_EncoderIndexCallback         0x08001fe2   Section        0  stm32g4xx_hal_tim_ex.o(i.HAL_TIMEx_EncoderIndexCallback)
    i.HAL_TIMEx_IndexErrorCallback           0x08001fe4   Section        0  stm32g4xx_hal_tim_ex.o(i.HAL_TIMEx_IndexErrorCallback)
    i.HAL_TIMEx_MasterConfigSynchronization  0x08001fe8   Section        0  stm32g4xx_hal_tim_ex.o(i.HAL_TIMEx_MasterConfigSynchronization)
    i.HAL_TIMEx_TransitionErrorCallback      0x080020a0   Section        0  stm32g4xx_hal_tim_ex.o(i.HAL_TIMEx_TransitionErrorCallback)
    i.HAL_TIM_Base_Init                      0x080020a2   Section        0  stm32g4xx_hal_tim.o(i.HAL_TIM_Base_Init)
    i.HAL_TIM_Base_MspInit                   0x08002104   Section        0  stm32g4xx_hal_msp.o(i.HAL_TIM_Base_MspInit)
    i.HAL_TIM_Base_Start_IT                  0x08002158   Section        0  stm32g4xx_hal_tim.o(i.HAL_TIM_Base_Start_IT)
    i.HAL_TIM_IC_CaptureCallback             0x080021e4   Section        0  stm32g4xx_hal_tim.o(i.HAL_TIM_IC_CaptureCallback)
    i.HAL_TIM_IRQHandler                     0x080021e6   Section        0  stm32g4xx_hal_tim.o(i.HAL_TIM_IRQHandler)
    i.HAL_TIM_MspPostInit                    0x080023e4   Section        0  stm32g4xx_hal_msp.o(i.HAL_TIM_MspPostInit)
    i.HAL_TIM_OC_ConfigChannel               0x0800245c   Section        0  stm32g4xx_hal_tim.o(i.HAL_TIM_OC_ConfigChannel)
    i.HAL_TIM_OC_DelayElapsedCallback        0x080024ca   Section        0  stm32g4xx_hal_tim.o(i.HAL_TIM_OC_DelayElapsedCallback)
    i.HAL_TIM_OC_Init                        0x080024cc   Section        0  stm32g4xx_hal_tim.o(i.HAL_TIM_OC_Init)
    i.HAL_TIM_OC_MspInit                     0x0800252e   Section        0  stm32g4xx_hal_tim.o(i.HAL_TIM_OC_MspInit)
    i.HAL_TIM_OC_Start                       0x08002530   Section        0  stm32g4xx_hal_tim.o(i.HAL_TIM_OC_Start)
    i.HAL_TIM_OC_Stop                        0x08002644   Section        0  stm32g4xx_hal_tim.o(i.HAL_TIM_OC_Stop)
    i.HAL_TIM_PWM_ConfigChannel              0x080026fc   Section        0  stm32g4xx_hal_tim.o(i.HAL_TIM_PWM_ConfigChannel)
    i.HAL_TIM_PWM_Init                       0x08002820   Section        0  stm32g4xx_hal_tim.o(i.HAL_TIM_PWM_Init)
    i.HAL_TIM_PWM_MspInit                    0x08002884   Section        0  stm32g4xx_hal_msp.o(i.HAL_TIM_PWM_MspInit)
    i.HAL_TIM_PWM_PulseFinishedCallback      0x080028ac   Section        0  stm32g4xx_hal_tim.o(i.HAL_TIM_PWM_PulseFinishedCallback)
    i.HAL_TIM_PWM_Start                      0x080028b0   Section        0  stm32g4xx_hal_tim.o(i.HAL_TIM_PWM_Start)
    i.HAL_TIM_PWM_Stop                       0x080029c4   Section        0  stm32g4xx_hal_tim.o(i.HAL_TIM_PWM_Stop)
    i.HAL_TIM_PeriodElapsedCallback          0x08002a7c   Section        0  stander_interrupt.o(i.HAL_TIM_PeriodElapsedCallback)
    i.HAL_TIM_SlaveConfigSynchro             0x08002ab0   Section        0  stm32g4xx_hal_tim.o(i.HAL_TIM_SlaveConfigSynchro)
    i.HAL_TIM_TriggerCallback                0x08002b06   Section        0  stm32g4xx_hal_tim.o(i.HAL_TIM_TriggerCallback)
    i.HardFault_Handler                      0x08002b08   Section        0  stm32g4xx_it.o(i.HardFault_Handler)
    i.LL_ADC_GetOffsetChannel                0x08002b0a   Section        0  stm32g4xx_hal_adc.o(i.LL_ADC_GetOffsetChannel)
    LL_ADC_GetOffsetChannel                  0x08002b0b   Thumb Code    12  stm32g4xx_hal_adc.o(i.LL_ADC_GetOffsetChannel)
    i.LL_ADC_INJ_IsConversionOngoing         0x08002b16   Section        0  stm32g4xx_hal_adc.o(i.LL_ADC_INJ_IsConversionOngoing)
    LL_ADC_INJ_IsConversionOngoing           0x08002b17   Thumb Code     8  stm32g4xx_hal_adc.o(i.LL_ADC_INJ_IsConversionOngoing)
    i.LL_ADC_REG_IsConversionOngoing         0x08002b1e   Section        0  stm32g4xx_hal_adc.o(i.LL_ADC_REG_IsConversionOngoing)
    LL_ADC_REG_IsConversionOngoing           0x08002b1f   Thumb Code     8  stm32g4xx_hal_adc.o(i.LL_ADC_REG_IsConversionOngoing)
    i.LL_ADC_REG_IsConversionOngoing         0x08002b26   Section        0  stm32g4xx_hal_adc_ex.o(i.LL_ADC_REG_IsConversionOngoing)
    LL_ADC_REG_IsConversionOngoing           0x08002b27   Thumb Code     8  stm32g4xx_hal_adc_ex.o(i.LL_ADC_REG_IsConversionOngoing)
    i.LL_ADC_SetChannelSamplingTime          0x08002b2e   Section        0  stm32g4xx_hal_adc.o(i.LL_ADC_SetChannelSamplingTime)
    LL_ADC_SetChannelSamplingTime            0x08002b2f   Thumb Code    30  stm32g4xx_hal_adc.o(i.LL_ADC_SetChannelSamplingTime)
    i.LL_ADC_SetOffsetState                  0x08002b4c   Section        0  stm32g4xx_hal_adc.o(i.LL_ADC_SetOffsetState)
    LL_ADC_SetOffsetState                    0x08002b4d   Thumb Code    16  stm32g4xx_hal_adc.o(i.LL_ADC_SetOffsetState)
    i.MX_ADC1_Init                           0x08002b5c   Section        0  main.o(i.MX_ADC1_Init)
    MX_ADC1_Init                             0x08002b5d   Thumb Code   104  main.o(i.MX_ADC1_Init)
    i.MX_GPIO_Init                           0x08002bc8   Section        0  main.o(i.MX_GPIO_Init)
    MX_GPIO_Init                             0x08002bc9   Thumb Code   134  main.o(i.MX_GPIO_Init)
    i.MX_TIM1_Init                           0x08002c58   Section        0  main.o(i.MX_TIM1_Init)
    MX_TIM1_Init                             0x08002c59   Thumb Code   220  main.o(i.MX_TIM1_Init)
    i.MX_TIM8_Init                           0x08002d44   Section        0  main.o(i.MX_TIM8_Init)
    MX_TIM8_Init                             0x08002d45   Thumb Code   224  main.o(i.MX_TIM8_Init)
    i.MemManage_Handler                      0x08002e34   Section        0  stm32g4xx_it.o(i.MemManage_Handler)
    i.Multi_Sweep_ADC_Sample                 0x08002e38   Section        0  adc.o(i.Multi_Sweep_ADC_Sample)
    i.NMI_Handler                            0x08002e80   Section        0  stm32g4xx_it.o(i.NMI_Handler)
    i.PFC_TASK_STATE                         0x08002e84   Section        0  supply_state.o(i.PFC_TASK_STATE)
    i.SysTick_Handler                        0x08002ec4   Section        0  stm32g4xx_it.o(i.SysTick_Handler)
    i.SystemClock_Config                     0x08002edc   Section        0  main.o(i.SystemClock_Config)
    i.SystemInit                             0x08002f44   Section        0  system_stm32g4xx.o(i.SystemInit)
    i.TIM1_UP_TIM16_IRQHandler               0x08002f54   Section        0  stm32g4xx_it.o(i.TIM1_UP_TIM16_IRQHandler)
    i.TIM_Base_SetConfig                     0x08002f70   Section        0  stm32g4xx_hal_tim.o(i.TIM_Base_SetConfig)
    i.TIM_CCxChannelCmd                      0x08003044   Section        0  stm32g4xx_hal_tim.o(i.TIM_CCxChannelCmd)
    i.TIM_ETR_SetConfig                      0x0800305e   Section        0  stm32g4xx_hal_tim.o(i.TIM_ETR_SetConfig)
    i.TIM_OC1_SetConfig                      0x08003074   Section        0  stm32g4xx_hal_tim.o(i.TIM_OC1_SetConfig)
    TIM_OC1_SetConfig                        0x08003075   Thumb Code   144  stm32g4xx_hal_tim.o(i.TIM_OC1_SetConfig)
    i.TIM_OC2_SetConfig                      0x08003120   Section        0  stm32g4xx_hal_tim.o(i.TIM_OC2_SetConfig)
    i.TIM_OC3_SetConfig                      0x080031c0   Section        0  stm32g4xx_hal_tim.o(i.TIM_OC3_SetConfig)
    TIM_OC3_SetConfig                        0x080031c1   Thumb Code   130  stm32g4xx_hal_tim.o(i.TIM_OC3_SetConfig)
    i.TIM_OC4_SetConfig                      0x08003260   Section        0  stm32g4xx_hal_tim.o(i.TIM_OC4_SetConfig)
    TIM_OC4_SetConfig                        0x08003261   Thumb Code   132  stm32g4xx_hal_tim.o(i.TIM_OC4_SetConfig)
    i.TIM_OC5_SetConfig                      0x08003300   Section        0  stm32g4xx_hal_tim.o(i.TIM_OC5_SetConfig)
    TIM_OC5_SetConfig                        0x08003301   Thumb Code    92  stm32g4xx_hal_tim.o(i.TIM_OC5_SetConfig)
    i.TIM_OC6_SetConfig                      0x08003378   Section        0  stm32g4xx_hal_tim.o(i.TIM_OC6_SetConfig)
    TIM_OC6_SetConfig                        0x08003379   Thumb Code    94  stm32g4xx_hal_tim.o(i.TIM_OC6_SetConfig)
    i.TIM_SlaveTimer_SetConfig               0x080033f4   Section        0  stm32g4xx_hal_tim.o(i.TIM_SlaveTimer_SetConfig)
    TIM_SlaveTimer_SetConfig                 0x080033f5   Thumb Code   198  stm32g4xx_hal_tim.o(i.TIM_SlaveTimer_SetConfig)
    i.TIM_TI1_ConfigInputStage               0x080034c8   Section        0  stm32g4xx_hal_tim.o(i.TIM_TI1_ConfigInputStage)
    TIM_TI1_ConfigInputStage                 0x080034c9   Thumb Code    34  stm32g4xx_hal_tim.o(i.TIM_TI1_ConfigInputStage)
    i.TIM_TI2_ConfigInputStage               0x080034ea   Section        0  stm32g4xx_hal_tim.o(i.TIM_TI2_ConfigInputStage)
    TIM_TI2_ConfigInputStage                 0x080034eb   Thumb Code    36  stm32g4xx_hal_tim.o(i.TIM_TI2_ConfigInputStage)
    i.Task_1                                 0x0800350e   Section        0  app_freertos.o(i.Task_1)
    i.Task_2                                 0x08003530   Section        0  app_freertos.o(i.Task_2)
    i.UsageFault_Handler                     0x08003546   Section        0  stm32g4xx_it.o(i.UsageFault_Handler)
    i.__NVIC_SetPriority                     0x08003548   Section        0  stm32g4xx_hal_cortex.o(i.__NVIC_SetPriority)
    __NVIC_SetPriority                       0x08003549   Thumb Code    32  stm32g4xx_hal_cortex.o(i.__NVIC_SetPriority)
    i.half_cycle_processing                  0x08003568   Section        0  supply_state.o(i.half_cycle_processing)
    i.idle_state_handler                     0x080035d0   Section        0  supply_state.o(i.idle_state_handler)
    i.main                                   0x08003604   Section        0  main.o(i.main)
    i.pfc_on_state_handler                   0x0800368c   Section        0  supply_state.o(i.pfc_on_state_handler)
    i.proportional_integral                  0x080036c4   Section        0  supply_state.o(i.proportional_integral)
    i.prvAddCurrentTaskToDelayedList         0x08003764   Section        0  tasks.o(i.prvAddCurrentTaskToDelayedList)
    prvAddCurrentTaskToDelayedList           0x08003765   Thumb Code   102  tasks.o(i.prvAddCurrentTaskToDelayedList)
    i.prvAddNewTaskToReadyList               0x080037d4   Section        0  tasks.o(i.prvAddNewTaskToReadyList)
    prvAddNewTaskToReadyList                 0x080037d5   Thumb Code   194  tasks.o(i.prvAddNewTaskToReadyList)
    i.prvDeleteTCB                           0x080038a4   Section        0  tasks.o(i.prvDeleteTCB)
    prvDeleteTCB                             0x080038a5   Thumb Code    20  tasks.o(i.prvDeleteTCB)
    i.prvHeapInit                            0x080038b8   Section        0  heap_4.o(i.prvHeapInit)
    prvHeapInit                              0x080038b9   Thumb Code    66  heap_4.o(i.prvHeapInit)
    i.prvInitialiseNewTask                   0x08003904   Section        0  tasks.o(i.prvInitialiseNewTask)
    prvInitialiseNewTask                     0x08003905   Thumb Code   152  tasks.o(i.prvInitialiseNewTask)
    i.prvInsertBlockIntoFreeList             0x0800399c   Section        0  heap_4.o(i.prvInsertBlockIntoFreeList)
    prvInsertBlockIntoFreeList               0x0800399d   Thumb Code    72  heap_4.o(i.prvInsertBlockIntoFreeList)
    i.prvResetNextTaskUnblockTime            0x080039e8   Section        0  tasks.o(i.prvResetNextTaskUnblockTime)
    prvResetNextTaskUnblockTime              0x080039e9   Thumb Code    26  tasks.o(i.prvResetNextTaskUnblockTime)
    i.prvTaskExitError                       0x08003a08   Section        0  port.o(i.prvTaskExitError)
    prvTaskExitError                         0x08003a09   Thumb Code    36  port.o(i.prvTaskExitError)
    i.pvPortMalloc                           0x08003a30   Section        0  heap_4.o(i.pvPortMalloc)
    i.pxPortInitialiseStack                  0x08003b0c   Section        0  port.o(i.pxPortInitialiseStack)
    i.ramp_up_state_handler                  0x08003b38   Section        0  supply_state.o(i.ramp_up_state_handler)
    i.rectify_vac                            0x08003b78   Section        0  supply_state.o(i.rectify_vac)
    i.relay_bounce_state_handler             0x08003bb8   Section        0  supply_state.o(i.relay_bounce_state_handler)
    i.start_task                             0x08003bfc   Section        0  app_freertos.o(i.start_task)
    i.supply_state_handler                   0x08003c58   Section        0  supply_state.o(i.supply_state_handler)
    i.turn_off_pfc                           0x08003c90   Section        0  supply_state.o(i.turn_off_pfc)
    i.turn_on_pfc                            0x08003cb8   Section        0  supply_state.o(i.turn_on_pfc)
    i.uxListRemove                           0x08003ce0   Section        0  list.o(i.uxListRemove)
    i.vListInitialise                        0x08003d06   Section        0  list.o(i.vListInitialise)
    i.vListInitialiseItem                    0x08003d1c   Section        0  list.o(i.vListInitialiseItem)
    i.vListInsert                            0x08003d22   Section        0  list.o(i.vListInsert)
    i.vListInsertEnd                         0x08003d52   Section        0  list.o(i.vListInsertEnd)
    i.vPortEnterCritical                     0x08003d6c   Section        0  port.o(i.vPortEnterCritical)
    i.vPortExitCritical                      0x08003dac   Section        0  port.o(i.vPortExitCritical)
    i.vPortFree                              0x08003dd4   Section        0  heap_4.o(i.vPortFree)
    i.vTaskDelay                             0x08003e38   Section        0  tasks.o(i.vTaskDelay)
    i.vTaskDelete                            0x08003e84   Section        0  tasks.o(i.vTaskDelete)
    i.vTaskSuspendAll                        0x08003f30   Section        0  tasks.o(i.vTaskSuspendAll)
    i.vTaskSwitchContext                     0x08003f40   Section        0  tasks.o(i.vTaskSwitchContext)
    i.xPortSysTickHandler                    0x08003f9c   Section        0  port.o(i.xPortSysTickHandler)
    i.xTaskCreate                            0x08003fc8   Section        0  tasks.o(i.xTaskCreate)
    i.xTaskGetSchedulerState                 0x08004020   Section        0  tasks.o(i.xTaskGetSchedulerState)
    i.xTaskIncrementTick                     0x0800403c   Section        0  tasks.o(i.xTaskIncrementTick)
    i.xTaskResumeAll                         0x08004108   Section        0  tasks.o(i.xTaskResumeAll)
    x$fpl$dadd                               0x080041cc   Section      336  daddsub_clz.o(x$fpl$dadd)
    $v0                                      0x080041cc   Number         0  daddsub_clz.o(x$fpl$dadd)
    _dadd1                                   0x080041dd   Thumb Code     0  daddsub_clz.o(x$fpl$dadd)
    x$fpl$dfix                               0x0800431c   Section       94  dfix.o(x$fpl$dfix)
    $v0                                      0x0800431c   Number         0  dfix.o(x$fpl$dfix)
    x$fpl$dflt                               0x0800437a   Section       46  dflt_clz.o(x$fpl$dflt)
    $v0                                      0x0800437a   Number         0  dflt_clz.o(x$fpl$dflt)
    x$fpl$dfltu                              0x080043a8   Section       38  dflt_clz.o(x$fpl$dfltu)
    $v0                                      0x080043a8   Number         0  dflt_clz.o(x$fpl$dfltu)
    x$fpl$dmul                               0x080043d0   Section      340  dmul.o(x$fpl$dmul)
    $v0                                      0x080043d0   Number         0  dmul.o(x$fpl$dmul)
    x$fpl$dnaninf                            0x08004524   Section      156  dnaninf.o(x$fpl$dnaninf)
    $v0                                      0x08004524   Number         0  dnaninf.o(x$fpl$dnaninf)
    x$fpl$dretinf                            0x080045c0   Section       12  dretinf.o(x$fpl$dretinf)
    $v0                                      0x080045c0   Number         0  dretinf.o(x$fpl$dretinf)
    x$fpl$dsub                               0x080045cc   Section      468  daddsub_clz.o(x$fpl$dsub)
    $v0                                      0x080045cc   Number         0  daddsub_clz.o(x$fpl$dsub)
    _dsub1                                   0x080045dd   Thumb Code     0  daddsub_clz.o(x$fpl$dsub)
    x$fpl$fpinit                             0x080047a0   Section       10  fpinit.o(x$fpl$fpinit)
    $v0                                      0x080047a0   Number         0  fpinit.o(x$fpl$fpinit)
    .constdata                               0x080047aa   Section       16  system_stm32g4xx.o(.constdata)
    x$fpl$usenofp                            0x080047aa   Section        0  usenofp.o(x$fpl$usenofp)
    .data                                    0x20000000   Section        4  main.o(.data)
    .data                                    0x20000004   Section        8  app_freertos.o(.data)
    .data                                    0x2000000c   Section       20  supply_state.o(.data)
    .data                                    0x20000020   Section        4  adc.o(.data)
    .data                                    0x20000024   Section        4  adc.o(.data)
    .data                                    0x20000028   Section        1  adc.o(.data)
    .data                                    0x2000002c   Section       12  stm32g4xx_hal.o(.data)
    .data                                    0x20000038   Section        4  system_stm32g4xx.o(.data)
    .data                                    0x2000003c   Section       60  tasks.o(.data)
    uxDeletedTasksWaitingCleanUp             0x20000040   Data           4  tasks.o(.data)
    uxCurrentNumberOfTasks                   0x20000044   Data           4  tasks.o(.data)
    xTickCount                               0x20000048   Data           4  tasks.o(.data)
    uxTopReadyPriority                       0x2000004c   Data           4  tasks.o(.data)
    xSchedulerRunning                        0x20000050   Data           4  tasks.o(.data)
    xPendedTicks                             0x20000054   Data           4  tasks.o(.data)
    xYieldPending                            0x20000058   Data           4  tasks.o(.data)
    xNumOfOverflows                          0x2000005c   Data           4  tasks.o(.data)
    uxTaskNumber                             0x20000060   Data           4  tasks.o(.data)
    xNextTaskUnblockTime                     0x20000064   Data           4  tasks.o(.data)
    xIdleTaskHandle                          0x20000068   Data           4  tasks.o(.data)
    uxSchedulerSuspended                     0x2000006c   Data           4  tasks.o(.data)
    pxDelayedTaskList                        0x20000070   Data           4  tasks.o(.data)
    pxOverflowDelayedTaskList                0x20000074   Data           4  tasks.o(.data)
    .data                                    0x20000078   Section       32  heap_4.o(.data)
    pxEnd                                    0x20000078   Data           4  heap_4.o(.data)
    xFreeBytesRemaining                      0x2000007c   Data           4  heap_4.o(.data)
    xMinimumEverFreeBytesRemaining           0x20000080   Data           4  heap_4.o(.data)
    xNumberOfSuccessfulAllocations           0x20000084   Data           4  heap_4.o(.data)
    xNumberOfSuccessfulFrees                 0x20000088   Data           4  heap_4.o(.data)
    xBlockAllocatedBit                       0x2000008c   Data           4  heap_4.o(.data)
    xStart                                   0x20000090   Data           8  heap_4.o(.data)
    .data                                    0x20000098   Section       12  port.o(.data)
    ucMaxSysCallPriority                     0x20000098   Data           1  port.o(.data)
    uxCriticalNesting                        0x2000009c   Data           4  port.o(.data)
    ulMaxPRIGROUPValue                       0x200000a0   Data           4  port.o(.data)
    .bss                                     0x200000a4   Section      336  main.o(.bss)
    .bss                                     0x200001f4   Section      128  supply_state.o(.bss)
    .bss                                     0x20000274   Section      240  tasks.o(.bss)
    pxReadyTasksLists                        0x20000274   Data         140  tasks.o(.bss)
    xDelayedTaskList1                        0x20000300   Data          20  tasks.o(.bss)
    xDelayedTaskList2                        0x20000314   Data          20  tasks.o(.bss)
    xPendingReadyList                        0x20000328   Data          20  tasks.o(.bss)
    xTasksWaitingTermination                 0x2000033c   Data          20  tasks.o(.bss)
    xSuspendedTaskList                       0x20000350   Data          20  tasks.o(.bss)
    .bss                                     0x20000364   Section     3072  heap_4.o(.bss)
    ucHeap                                   0x20000364   Data        3072  heap_4.o(.bss)
    .bss                                     0x20000f64   Section       96  libspace.o(.bss)
    HEAP                                     0x20000fc8   Section      512  startup_stm32g474xx.o(HEAP)
    Heap_Mem                                 0x20000fc8   Data         512  startup_stm32g474xx.o(HEAP)
    STACK                                    0x200011c8   Section     1024  startup_stm32g474xx.o(STACK)
    Stack_Mem                                0x200011c8   Data        1024  startup_stm32g474xx.o(STACK)
    __initial_sp                             0x200015c8   Data           0  startup_stm32g474xx.o(STACK)

    Global Symbols

    Symbol Name                              Value     Ov Type        Size  Object(Section)

    BuildAttributes$$THM_ISAv4$E$P$D$K$B$S$7EM$VFPi3$EXTD16$VFPS$VFMA$PE$A:L22UL41UL21$X:L11$S22US41US21$IEEE1$IW$USESV6$~STKCKD$USESV7$~SHL$OSPACE$ROPI$EBA8$UX$STANDARDLIB$REQ8$PRES8$EABIv2 0x00000000   Number         0  anon$$obj.o ABSOLUTE
    __ARM_use_no_argv                        0x00000000   Number         0  main.o ABSOLUTE
    __ARM_exceptions_init                     - Undefined Weak Reference
    __alloca_initialize                       - Undefined Weak Reference
    __arm_fini_                               - Undefined Weak Reference
    __arm_preinit_                            - Undefined Weak Reference
    __cpp_initialize__aeabi_                  - Undefined Weak Reference
    __cxa_finalize                            - Undefined Weak Reference
    __rt_locale                               - Undefined Weak Reference
    __sigvec_lookup                           - Undefined Weak Reference
    _atexit_init                              - Undefined Weak Reference
    _call_atexit_fns                          - Undefined Weak Reference
    _clock_init                               - Undefined Weak Reference
    _fp_trap_init                             - Undefined Weak Reference
    _fp_trap_shutdown                         - Undefined Weak Reference
    _get_lc_collate                           - Undefined Weak Reference
    _get_lc_ctype                             - Undefined Weak Reference
    _get_lc_monetary                          - Undefined Weak Reference
    _get_lc_numeric                           - Undefined Weak Reference
    _get_lc_time                              - Undefined Weak Reference
    _getenv_init                              - Undefined Weak Reference
    _handle_redirection                       - Undefined Weak Reference
    _init_alloc                               - Undefined Weak Reference
    _init_user_alloc                          - Undefined Weak Reference
    _initio                                   - Undefined Weak Reference
    _rand_init                                - Undefined Weak Reference
    _signal_finish                            - Undefined Weak Reference
    _signal_init                              - Undefined Weak Reference
    _terminate_alloc                          - Undefined Weak Reference
    _terminate_user_alloc                     - Undefined Weak Reference
    _terminateio                              - Undefined Weak Reference
    __Vectors_Size                           0x000001d8   Number         0  startup_stm32g474xx.o ABSOLUTE
    __Vectors                                0x08000000   Data           4  startup_stm32g474xx.o(RESET)
    __Vectors_End                            0x080001d8   Data           0  startup_stm32g474xx.o(RESET)
    __main                                   0x080001d9   Thumb Code     8  __main.o(!!!main)
    __scatterload                            0x080001e1   Thumb Code     0  __scatter.o(!!!scatter)
    __scatterload_rt2                        0x080001e1   Thumb Code    44  __scatter.o(!!!scatter)
    __scatterload_rt2_thumb_only             0x080001e1   Thumb Code     0  __scatter.o(!!!scatter)
    __scatterload_null                       0x080001ef   Thumb Code     0  __scatter.o(!!!scatter)
    __scatterload_copy                       0x08000215   Thumb Code    26  __scatter_copy.o(!!handler_copy)
    __scatterload_zeroinit                   0x08000231   Thumb Code    28  __scatter_zi.o(!!handler_zi)
    __rt_lib_init                            0x0800024d   Thumb Code     0  libinit.o(.ARM.Collect$$libinit$$00000000)
    __rt_lib_init_fp_1                       0x0800024f   Thumb Code     0  libinit2.o(.ARM.Collect$$libinit$$00000001)
    __rt_lib_init_alloca_1                   0x08000253   Thumb Code     0  libinit2.o(.ARM.Collect$$libinit$$0000002E)
    __rt_lib_init_argv_1                     0x08000253   Thumb Code     0  libinit2.o(.ARM.Collect$$libinit$$0000002C)
    __rt_lib_init_atexit_1                   0x08000253   Thumb Code     0  libinit2.o(.ARM.Collect$$libinit$$0000001B)
    __rt_lib_init_clock_1                    0x08000253   Thumb Code     0  libinit2.o(.ARM.Collect$$libinit$$00000021)
    __rt_lib_init_cpp_1                      0x08000253   Thumb Code     0  libinit2.o(.ARM.Collect$$libinit$$00000032)
    __rt_lib_init_exceptions_1               0x08000253   Thumb Code     0  libinit2.o(.ARM.Collect$$libinit$$00000030)
    __rt_lib_init_fp_trap_1                  0x08000253   Thumb Code     0  libinit2.o(.ARM.Collect$$libinit$$0000001F)
    __rt_lib_init_getenv_1                   0x08000253   Thumb Code     0  libinit2.o(.ARM.Collect$$libinit$$00000023)
    __rt_lib_init_heap_1                     0x08000253   Thumb Code     0  libinit2.o(.ARM.Collect$$libinit$$0000000A)
    __rt_lib_init_lc_collate_1               0x08000253   Thumb Code     0  libinit2.o(.ARM.Collect$$libinit$$00000011)
    __rt_lib_init_lc_ctype_1                 0x08000253   Thumb Code     0  libinit2.o(.ARM.Collect$$libinit$$00000013)
    __rt_lib_init_lc_monetary_1              0x08000253   Thumb Code     0  libinit2.o(.ARM.Collect$$libinit$$00000015)
    __rt_lib_init_lc_numeric_1               0x08000253   Thumb Code     0  libinit2.o(.ARM.Collect$$libinit$$00000017)
    __rt_lib_init_lc_time_1                  0x08000253   Thumb Code     0  libinit2.o(.ARM.Collect$$libinit$$00000019)
    __rt_lib_init_preinit_1                  0x08000253   Thumb Code     0  libinit2.o(.ARM.Collect$$libinit$$00000004)
    __rt_lib_init_rand_1                     0x08000253   Thumb Code     0  libinit2.o(.ARM.Collect$$libinit$$0000000E)
    __rt_lib_init_return                     0x08000253   Thumb Code     0  libinit2.o(.ARM.Collect$$libinit$$00000033)
    __rt_lib_init_signal_1                   0x08000253   Thumb Code     0  libinit2.o(.ARM.Collect$$libinit$$0000001D)
    __rt_lib_init_stdio_1                    0x08000253   Thumb Code     0  libinit2.o(.ARM.Collect$$libinit$$00000025)
    __rt_lib_init_user_alloc_1               0x08000253   Thumb Code     0  libinit2.o(.ARM.Collect$$libinit$$0000000C)
    __rt_lib_shutdown                        0x08000255   Thumb Code     0  libshutdown.o(.ARM.Collect$$libshutdown$$00000000)
    __rt_lib_shutdown_cpp_1                  0x08000257   Thumb Code     0  libshutdown2.o(.ARM.Collect$$libshutdown$$00000004)
    __rt_lib_shutdown_fini_1                 0x08000257   Thumb Code     0  libshutdown2.o(.ARM.Collect$$libshutdown$$00000002)
    __rt_lib_shutdown_fp_trap_1              0x08000257   Thumb Code     0  libshutdown2.o(.ARM.Collect$$libshutdown$$00000009)
    __rt_lib_shutdown_heap_1                 0x08000257   Thumb Code     0  libshutdown2.o(.ARM.Collect$$libshutdown$$00000011)
    __rt_lib_shutdown_return                 0x08000257   Thumb Code     0  libshutdown2.o(.ARM.Collect$$libshutdown$$00000012)
    __rt_lib_shutdown_signal_1               0x08000257   Thumb Code     0  libshutdown2.o(.ARM.Collect$$libshutdown$$0000000C)
    __rt_lib_shutdown_stdio_1                0x08000257   Thumb Code     0  libshutdown2.o(.ARM.Collect$$libshutdown$$00000006)
    __rt_lib_shutdown_user_alloc_1           0x08000257   Thumb Code     0  libshutdown2.o(.ARM.Collect$$libshutdown$$0000000E)
    __rt_entry                               0x08000259   Thumb Code     0  __rtentry.o(.ARM.Collect$$rtentry$$00000000)
    __rt_entry_presh_1                       0x08000259   Thumb Code     0  __rtentry2.o(.ARM.Collect$$rtentry$$00000002)
    __rt_entry_sh                            0x08000259   Thumb Code     0  __rtentry4.o(.ARM.Collect$$rtentry$$00000004)
    __rt_entry_li                            0x0800025f   Thumb Code     0  __rtentry2.o(.ARM.Collect$$rtentry$$0000000A)
    __rt_entry_postsh_1                      0x0800025f   Thumb Code     0  __rtentry2.o(.ARM.Collect$$rtentry$$00000009)
    __rt_entry_main                          0x08000263   Thumb Code     0  __rtentry2.o(.ARM.Collect$$rtentry$$0000000D)
    __rt_entry_postli_1                      0x08000263   Thumb Code     0  __rtentry2.o(.ARM.Collect$$rtentry$$0000000C)
    __rt_exit                                0x0800026b   Thumb Code     0  rtexit.o(.ARM.Collect$$rtexit$$00000000)
    __rt_exit_ls                             0x0800026d   Thumb Code     0  rtexit2.o(.ARM.Collect$$rtexit$$00000003)
    __rt_exit_prels_1                        0x0800026d   Thumb Code     0  rtexit2.o(.ARM.Collect$$rtexit$$00000002)
    __rt_exit_exit                           0x08000271   Thumb Code     0  rtexit2.o(.ARM.Collect$$rtexit$$00000004)
    SVC_Handler                              0x08000279   Thumb Code    28  port.o(.emb_text)
    __asm___6_port_c_39a90d8d__prvStartFirstTask 0x08000299   Thumb Code    36  port.o(.emb_text)
    __asm___6_port_c_39a90d8d__prvEnableVFP  0x080002c1   Thumb Code    16  port.o(.emb_text)
    PendSV_Handler                           0x080002d5   Thumb Code    88  port.o(.emb_text)
    vPortGetIPSR                             0x08000331   Thumb Code     6  port.o(.emb_text)
    Reset_Handler                            0x08000339   Thumb Code     8  startup_stm32g474xx.o(.text)
    ADC1_2_IRQHandler                        0x08000353   Thumb Code     0  startup_stm32g474xx.o(.text)
    ADC3_IRQHandler                          0x08000353   Thumb Code     0  startup_stm32g474xx.o(.text)
    ADC4_IRQHandler                          0x08000353   Thumb Code     0  startup_stm32g474xx.o(.text)
    ADC5_IRQHandler                          0x08000353   Thumb Code     0  startup_stm32g474xx.o(.text)
    COMP1_2_3_IRQHandler                     0x08000353   Thumb Code     0  startup_stm32g474xx.o(.text)
    COMP4_5_6_IRQHandler                     0x08000353   Thumb Code     0  startup_stm32g474xx.o(.text)
    COMP7_IRQHandler                         0x08000353   Thumb Code     0  startup_stm32g474xx.o(.text)
    CORDIC_IRQHandler                        0x08000353   Thumb Code     0  startup_stm32g474xx.o(.text)
    CRS_IRQHandler                           0x08000353   Thumb Code     0  startup_stm32g474xx.o(.text)
    DMA1_Channel1_IRQHandler                 0x08000353   Thumb Code     0  startup_stm32g474xx.o(.text)
    DMA1_Channel2_IRQHandler                 0x08000353   Thumb Code     0  startup_stm32g474xx.o(.text)
    DMA1_Channel3_IRQHandler                 0x08000353   Thumb Code     0  startup_stm32g474xx.o(.text)
    DMA1_Channel4_IRQHandler                 0x08000353   Thumb Code     0  startup_stm32g474xx.o(.text)
    DMA1_Channel5_IRQHandler                 0x08000353   Thumb Code     0  startup_stm32g474xx.o(.text)
    DMA1_Channel6_IRQHandler                 0x08000353   Thumb Code     0  startup_stm32g474xx.o(.text)
    DMA1_Channel7_IRQHandler                 0x08000353   Thumb Code     0  startup_stm32g474xx.o(.text)
    DMA1_Channel8_IRQHandler                 0x08000353   Thumb Code     0  startup_stm32g474xx.o(.text)
    DMA2_Channel1_IRQHandler                 0x08000353   Thumb Code     0  startup_stm32g474xx.o(.text)
    DMA2_Channel2_IRQHandler                 0x08000353   Thumb Code     0  startup_stm32g474xx.o(.text)
    DMA2_Channel3_IRQHandler                 0x08000353   Thumb Code     0  startup_stm32g474xx.o(.text)
    DMA2_Channel4_IRQHandler                 0x08000353   Thumb Code     0  startup_stm32g474xx.o(.text)
    DMA2_Channel5_IRQHandler                 0x08000353   Thumb Code     0  startup_stm32g474xx.o(.text)
    DMA2_Channel6_IRQHandler                 0x08000353   Thumb Code     0  startup_stm32g474xx.o(.text)
    DMA2_Channel7_IRQHandler                 0x08000353   Thumb Code     0  startup_stm32g474xx.o(.text)
    DMA2_Channel8_IRQHandler                 0x08000353   Thumb Code     0  startup_stm32g474xx.o(.text)
    DMAMUX_OVR_IRQHandler                    0x08000353   Thumb Code     0  startup_stm32g474xx.o(.text)
    EXTI0_IRQHandler                         0x08000353   Thumb Code     0  startup_stm32g474xx.o(.text)
    EXTI15_10_IRQHandler                     0x08000353   Thumb Code     0  startup_stm32g474xx.o(.text)
    EXTI1_IRQHandler                         0x08000353   Thumb Code     0  startup_stm32g474xx.o(.text)
    EXTI2_IRQHandler                         0x08000353   Thumb Code     0  startup_stm32g474xx.o(.text)
    EXTI3_IRQHandler                         0x08000353   Thumb Code     0  startup_stm32g474xx.o(.text)
    EXTI4_IRQHandler                         0x08000353   Thumb Code     0  startup_stm32g474xx.o(.text)
    EXTI9_5_IRQHandler                       0x08000353   Thumb Code     0  startup_stm32g474xx.o(.text)
    FDCAN1_IT0_IRQHandler                    0x08000353   Thumb Code     0  startup_stm32g474xx.o(.text)
    FDCAN1_IT1_IRQHandler                    0x08000353   Thumb Code     0  startup_stm32g474xx.o(.text)
    FDCAN2_IT0_IRQHandler                    0x08000353   Thumb Code     0  startup_stm32g474xx.o(.text)
    FDCAN2_IT1_IRQHandler                    0x08000353   Thumb Code     0  startup_stm32g474xx.o(.text)
    FDCAN3_IT0_IRQHandler                    0x08000353   Thumb Code     0  startup_stm32g474xx.o(.text)
    FDCAN3_IT1_IRQHandler                    0x08000353   Thumb Code     0  startup_stm32g474xx.o(.text)
    FLASH_IRQHandler                         0x08000353   Thumb Code     0  startup_stm32g474xx.o(.text)
    FMAC_IRQHandler                          0x08000353   Thumb Code     0  startup_stm32g474xx.o(.text)
    FMC_IRQHandler                           0x08000353   Thumb Code     0  startup_stm32g474xx.o(.text)
    FPU_IRQHandler                           0x08000353   Thumb Code     0  startup_stm32g474xx.o(.text)
    HRTIM1_FLT_IRQHandler                    0x08000353   Thumb Code     0  startup_stm32g474xx.o(.text)
    HRTIM1_Master_IRQHandler                 0x08000353   Thumb Code     0  startup_stm32g474xx.o(.text)
    HRTIM1_TIMA_IRQHandler                   0x08000353   Thumb Code     0  startup_stm32g474xx.o(.text)
    HRTIM1_TIMB_IRQHandler                   0x08000353   Thumb Code     0  startup_stm32g474xx.o(.text)
    HRTIM1_TIMC_IRQHandler                   0x08000353   Thumb Code     0  startup_stm32g474xx.o(.text)
    HRTIM1_TIMD_IRQHandler                   0x08000353   Thumb Code     0  startup_stm32g474xx.o(.text)
    HRTIM1_TIME_IRQHandler                   0x08000353   Thumb Code     0  startup_stm32g474xx.o(.text)
    HRTIM1_TIMF_IRQHandler                   0x08000353   Thumb Code     0  startup_stm32g474xx.o(.text)
    I2C1_ER_IRQHandler                       0x08000353   Thumb Code     0  startup_stm32g474xx.o(.text)
    I2C1_EV_IRQHandler                       0x08000353   Thumb Code     0  startup_stm32g474xx.o(.text)
    I2C2_ER_IRQHandler                       0x08000353   Thumb Code     0  startup_stm32g474xx.o(.text)
    I2C2_EV_IRQHandler                       0x08000353   Thumb Code     0  startup_stm32g474xx.o(.text)
    I2C3_ER_IRQHandler                       0x08000353   Thumb Code     0  startup_stm32g474xx.o(.text)
    I2C3_EV_IRQHandler                       0x08000353   Thumb Code     0  startup_stm32g474xx.o(.text)
    I2C4_ER_IRQHandler                       0x08000353   Thumb Code     0  startup_stm32g474xx.o(.text)
    I2C4_EV_IRQHandler                       0x08000353   Thumb Code     0  startup_stm32g474xx.o(.text)
    LPTIM1_IRQHandler                        0x08000353   Thumb Code     0  startup_stm32g474xx.o(.text)
    LPUART1_IRQHandler                       0x08000353   Thumb Code     0  startup_stm32g474xx.o(.text)
    PVD_PVM_IRQHandler                       0x08000353   Thumb Code     0  startup_stm32g474xx.o(.text)
    QUADSPI_IRQHandler                       0x08000353   Thumb Code     0  startup_stm32g474xx.o(.text)
    RCC_IRQHandler                           0x08000353   Thumb Code     0  startup_stm32g474xx.o(.text)
    RNG_IRQHandler                           0x08000353   Thumb Code     0  startup_stm32g474xx.o(.text)
    RTC_Alarm_IRQHandler                     0x08000353   Thumb Code     0  startup_stm32g474xx.o(.text)
    RTC_TAMP_LSECSS_IRQHandler               0x08000353   Thumb Code     0  startup_stm32g474xx.o(.text)
    RTC_WKUP_IRQHandler                      0x08000353   Thumb Code     0  startup_stm32g474xx.o(.text)
    SAI1_IRQHandler                          0x08000353   Thumb Code     0  startup_stm32g474xx.o(.text)
    SPI1_IRQHandler                          0x08000353   Thumb Code     0  startup_stm32g474xx.o(.text)
    SPI2_IRQHandler                          0x08000353   Thumb Code     0  startup_stm32g474xx.o(.text)
    SPI3_IRQHandler                          0x08000353   Thumb Code     0  startup_stm32g474xx.o(.text)
    SPI4_IRQHandler                          0x08000353   Thumb Code     0  startup_stm32g474xx.o(.text)
    TIM1_BRK_TIM15_IRQHandler                0x08000353   Thumb Code     0  startup_stm32g474xx.o(.text)
    TIM1_CC_IRQHandler                       0x08000353   Thumb Code     0  startup_stm32g474xx.o(.text)
    TIM1_TRG_COM_TIM17_IRQHandler            0x08000353   Thumb Code     0  startup_stm32g474xx.o(.text)
    TIM20_BRK_IRQHandler                     0x08000353   Thumb Code     0  startup_stm32g474xx.o(.text)
    TIM20_CC_IRQHandler                      0x08000353   Thumb Code     0  startup_stm32g474xx.o(.text)
    TIM20_TRG_COM_IRQHandler                 0x08000353   Thumb Code     0  startup_stm32g474xx.o(.text)
    TIM20_UP_IRQHandler                      0x08000353   Thumb Code     0  startup_stm32g474xx.o(.text)
    TIM2_IRQHandler                          0x08000353   Thumb Code     0  startup_stm32g474xx.o(.text)
    TIM3_IRQHandler                          0x08000353   Thumb Code     0  startup_stm32g474xx.o(.text)
    TIM4_IRQHandler                          0x08000353   Thumb Code     0  startup_stm32g474xx.o(.text)
    TIM5_IRQHandler                          0x08000353   Thumb Code     0  startup_stm32g474xx.o(.text)
    TIM6_DAC_IRQHandler                      0x08000353   Thumb Code     0  startup_stm32g474xx.o(.text)
    TIM7_DAC_IRQHandler                      0x08000353   Thumb Code     0  startup_stm32g474xx.o(.text)
    TIM8_BRK_IRQHandler                      0x08000353   Thumb Code     0  startup_stm32g474xx.o(.text)
    TIM8_CC_IRQHandler                       0x08000353   Thumb Code     0  startup_stm32g474xx.o(.text)
    TIM8_TRG_COM_IRQHandler                  0x08000353   Thumb Code     0  startup_stm32g474xx.o(.text)
    TIM8_UP_IRQHandler                       0x08000353   Thumb Code     0  startup_stm32g474xx.o(.text)
    UART4_IRQHandler                         0x08000353   Thumb Code     0  startup_stm32g474xx.o(.text)
    UART5_IRQHandler                         0x08000353   Thumb Code     0  startup_stm32g474xx.o(.text)
    UCPD1_IRQHandler                         0x08000353   Thumb Code     0  startup_stm32g474xx.o(.text)
    USART1_IRQHandler                        0x08000353   Thumb Code     0  startup_stm32g474xx.o(.text)
    USART2_IRQHandler                        0x08000353   Thumb Code     0  startup_stm32g474xx.o(.text)
    USART3_IRQHandler                        0x08000353   Thumb Code     0  startup_stm32g474xx.o(.text)
    USBWakeUp_IRQHandler                     0x08000353   Thumb Code     0  startup_stm32g474xx.o(.text)
    USB_HP_IRQHandler                        0x08000353   Thumb Code     0  startup_stm32g474xx.o(.text)
    USB_LP_IRQHandler                        0x08000353   Thumb Code     0  startup_stm32g474xx.o(.text)
    WWDG_IRQHandler                          0x08000353   Thumb Code     0  startup_stm32g474xx.o(.text)
    __user_initial_stackheap                 0x08000355   Thumb Code     0  startup_stm32g474xx.o(.text)
    __aeabi_memclr4                          0x08000379   Thumb Code     0  rt_memclr_w.o(.text)
    __aeabi_memclr8                          0x08000379   Thumb Code     0  rt_memclr_w.o(.text)
    __rt_memclr_w                            0x08000379   Thumb Code    78  rt_memclr_w.o(.text)
    _memset_w                                0x0800037d   Thumb Code     0  rt_memclr_w.o(.text)
    __use_two_region_memory                  0x080003c7   Thumb Code     2  heapauxi.o(.text)
    __rt_heap_escrow$2region                 0x080003c9   Thumb Code     2  heapauxi.o(.text)
    __rt_heap_expand$2region                 0x080003cb   Thumb Code     2  heapauxi.o(.text)
    __user_setup_stackheap                   0x080003cd   Thumb Code    74  sys_stackheap_outer.o(.text)
    exit                                     0x08000417   Thumb Code    18  exit.o(.text)
    __user_libspace                          0x08000429   Thumb Code     8  libspace.o(.text)
    __user_perproc_libspace                  0x08000429   Thumb Code     0  libspace.o(.text)
    __user_perthread_libspace                0x08000429   Thumb Code     0  libspace.o(.text)
    _sys_exit                                0x08000431   Thumb Code     8  sys_exit.o(.text)
    __I$use$semihosting                      0x0800043d   Thumb Code     0  use_no_semi.o(.text)
    __use_no_semihosting_swi                 0x0800043d   Thumb Code     2  use_no_semi.o(.text)
    __semihosting_library_function           0x0800043f   Thumb Code     0  indicate_semi.o(.text)
    ADC_ConversionStop                       0x08000441   Thumb Code   220  stm32g4xx_hal_adc.o(i.ADC_ConversionStop)
    ADC_Disable                              0x08000525   Thumb Code   106  stm32g4xx_hal_adc.o(i.ADC_Disable)
    ADC_Enable                               0x08000595   Thumb Code   110  stm32g4xx_hal_adc.o(i.ADC_Enable)
    ADC_Select_Channel                       0x08000609   Thumb Code    92  adc.o(i.ADC_Select_Channel)
    BusFault_Handler                         0x08000679   Thumb Code     2  stm32g4xx_it.o(i.BusFault_Handler)
    DebugMon_Handler                         0x0800067b   Thumb Code     2  stm32g4xx_it.o(i.DebugMon_Handler)
    Error_Handler                            0x0800067d   Thumb Code     4  main.o(i.Error_Handler)
    HAL_ADCEx_Calibration_Start              0x08000681   Thumb Code   138  stm32g4xx_hal_adc_ex.o(i.HAL_ADCEx_Calibration_Start)
    HAL_ADCEx_MultiModeConfigChannel         0x08000715   Thumb Code   326  stm32g4xx_hal_adc_ex.o(i.HAL_ADCEx_MultiModeConfigChannel)
    HAL_ADC_ConfigChannel                    0x08000875   Thumb Code  1058  stm32g4xx_hal_adc.o(i.HAL_ADC_ConfigChannel)
    HAL_ADC_GetValue                         0x08000cd5   Thumb Code     6  stm32g4xx_hal_adc.o(i.HAL_ADC_GetValue)
    HAL_ADC_Init                             0x08000cdd   Thumb Code   520  stm32g4xx_hal_adc.o(i.HAL_ADC_Init)
    HAL_ADC_MspInit                          0x08000f15   Thumb Code   142  stm32g4xx_hal_msp.o(i.HAL_ADC_MspInit)
    HAL_ADC_Start                            0x08000fad   Thumb Code   288  stm32g4xx_hal_adc.o(i.HAL_ADC_Start)
    HAL_ADC_Stop                             0x080010e5   Thumb Code    62  stm32g4xx_hal_adc.o(i.HAL_ADC_Stop)
    HAL_GPIO_Init                            0x08001125   Thumb Code   550  stm32g4xx_hal_gpio.o(i.HAL_GPIO_Init)
    HAL_GPIO_TogglePin                       0x0800136d   Thumb Code    16  stm32g4xx_hal_gpio.o(i.HAL_GPIO_TogglePin)
    HAL_GPIO_WritePin                        0x0800137d   Thumb Code    10  stm32g4xx_hal_gpio.o(i.HAL_GPIO_WritePin)
    HAL_GetTick                              0x08001389   Thumb Code     6  stm32g4xx_hal.o(i.HAL_GetTick)
    HAL_IncTick                              0x08001395   Thumb Code    12  stm32g4xx_hal.o(i.HAL_IncTick)
    HAL_Init                                 0x080013a5   Thumb Code    30  stm32g4xx_hal.o(i.HAL_Init)
    HAL_InitTick                             0x080013c5   Thumb Code    58  stm32g4xx_hal.o(i.HAL_InitTick)
    HAL_MspInit                              0x08001409   Thumb Code    54  stm32g4xx_hal_msp.o(i.HAL_MspInit)
    HAL_NVIC_EnableIRQ                       0x08001445   Thumb Code    26  stm32g4xx_hal_cortex.o(i.HAL_NVIC_EnableIRQ)
    HAL_NVIC_SetPriority                     0x08001461   Thumb Code    60  stm32g4xx_hal_cortex.o(i.HAL_NVIC_SetPriority)
    HAL_NVIC_SetPriorityGrouping             0x080014a1   Thumb Code    26  stm32g4xx_hal_cortex.o(i.HAL_NVIC_SetPriorityGrouping)
    HAL_PWREx_ControlVoltageScaling          0x080014c5   Thumb Code   174  stm32g4xx_hal_pwr_ex.o(i.HAL_PWREx_ControlVoltageScaling)
    HAL_PWREx_DisableUCPDDeadBattery         0x08001581   Thumb Code    12  stm32g4xx_hal_pwr_ex.o(i.HAL_PWREx_DisableUCPDDeadBattery)
    HAL_RCCEx_PeriphCLKConfig                0x08001591   Thumb Code   758  stm32g4xx_hal_rcc_ex.o(i.HAL_RCCEx_PeriphCLKConfig)
    HAL_RCC_ClockConfig                      0x08001891   Thumb Code   444  stm32g4xx_hal_rcc.o(i.HAL_RCC_ClockConfig)
    HAL_RCC_GetSysClockFreq                  0x08001a6d   Thumb Code    98  stm32g4xx_hal_rcc.o(i.HAL_RCC_GetSysClockFreq)
    HAL_RCC_OscConfig                        0x08001ad9   Thumb Code  1036  stm32g4xx_hal_rcc.o(i.HAL_RCC_OscConfig)
    HAL_SYSTICK_Config                       0x08001ee5   Thumb Code    40  stm32g4xx_hal_cortex.o(i.HAL_SYSTICK_Config)
    HAL_TIMEx_Break2Callback                 0x08001f0d   Thumb Code     2  stm32g4xx_hal_tim_ex.o(i.HAL_TIMEx_Break2Callback)
    HAL_TIMEx_BreakCallback                  0x08001f0f   Thumb Code     2  stm32g4xx_hal_tim_ex.o(i.HAL_TIMEx_BreakCallback)
    HAL_TIMEx_CommutCallback                 0x08001f11   Thumb Code     2  stm32g4xx_hal_tim_ex.o(i.HAL_TIMEx_CommutCallback)
    HAL_TIMEx_ConfigBreakDeadTime            0x08001f15   Thumb Code   192  stm32g4xx_hal_tim_ex.o(i.HAL_TIMEx_ConfigBreakDeadTime)
    HAL_TIMEx_DirectionChangeCallback        0x08001fe1   Thumb Code     2  stm32g4xx_hal_tim_ex.o(i.HAL_TIMEx_DirectionChangeCallback)
    HAL_TIMEx_EncoderIndexCallback           0x08001fe3   Thumb Code     2  stm32g4xx_hal_tim_ex.o(i.HAL_TIMEx_EncoderIndexCallback)
    HAL_TIMEx_IndexErrorCallback             0x08001fe5   Thumb Code     2  stm32g4xx_hal_tim_ex.o(i.HAL_TIMEx_IndexErrorCallback)
    HAL_TIMEx_MasterConfigSynchronization    0x08001fe9   Thumb Code   150  stm32g4xx_hal_tim_ex.o(i.HAL_TIMEx_MasterConfigSynchronization)
    HAL_TIMEx_TransitionErrorCallback        0x080020a1   Thumb Code     2  stm32g4xx_hal_tim_ex.o(i.HAL_TIMEx_TransitionErrorCallback)
    HAL_TIM_Base_Init                        0x080020a3   Thumb Code    98  stm32g4xx_hal_tim.o(i.HAL_TIM_Base_Init)
    HAL_TIM_Base_MspInit                     0x08002105   Thumb Code    72  stm32g4xx_hal_msp.o(i.HAL_TIM_Base_MspInit)
    HAL_TIM_Base_Start_IT                    0x08002159   Thumb Code   106  stm32g4xx_hal_tim.o(i.HAL_TIM_Base_Start_IT)
    HAL_TIM_IC_CaptureCallback               0x080021e5   Thumb Code     2  stm32g4xx_hal_tim.o(i.HAL_TIM_IC_CaptureCallback)
    HAL_TIM_IRQHandler                       0x080021e7   Thumb Code   508  stm32g4xx_hal_tim.o(i.HAL_TIM_IRQHandler)
    HAL_TIM_MspPostInit                      0x080023e5   Thumb Code   104  stm32g4xx_hal_msp.o(i.HAL_TIM_MspPostInit)
    HAL_TIM_OC_ConfigChannel                 0x0800245d   Thumb Code   110  stm32g4xx_hal_tim.o(i.HAL_TIM_OC_ConfigChannel)
    HAL_TIM_OC_DelayElapsedCallback          0x080024cb   Thumb Code     2  stm32g4xx_hal_tim.o(i.HAL_TIM_OC_DelayElapsedCallback)
    HAL_TIM_OC_Init                          0x080024cd   Thumb Code    98  stm32g4xx_hal_tim.o(i.HAL_TIM_OC_Init)
    HAL_TIM_OC_MspInit                       0x0800252f   Thumb Code     2  stm32g4xx_hal_tim.o(i.HAL_TIM_OC_MspInit)
    HAL_TIM_OC_Start                         0x08002531   Thumb Code   234  stm32g4xx_hal_tim.o(i.HAL_TIM_OC_Start)
    HAL_TIM_OC_Stop                          0x08002645   Thumb Code   158  stm32g4xx_hal_tim.o(i.HAL_TIM_OC_Stop)
    HAL_TIM_PWM_ConfigChannel                0x080026fd   Thumb Code   292  stm32g4xx_hal_tim.o(i.HAL_TIM_PWM_ConfigChannel)
    HAL_TIM_PWM_Init                         0x08002821   Thumb Code    98  stm32g4xx_hal_tim.o(i.HAL_TIM_PWM_Init)
    HAL_TIM_PWM_MspInit                      0x08002885   Thumb Code    30  stm32g4xx_hal_msp.o(i.HAL_TIM_PWM_MspInit)
    HAL_TIM_PWM_PulseFinishedCallback        0x080028ad   Thumb Code     2  stm32g4xx_hal_tim.o(i.HAL_TIM_PWM_PulseFinishedCallback)
    HAL_TIM_PWM_Start                        0x080028b1   Thumb Code   234  stm32g4xx_hal_tim.o(i.HAL_TIM_PWM_Start)
    HAL_TIM_PWM_Stop                         0x080029c5   Thumb Code   158  stm32g4xx_hal_tim.o(i.HAL_TIM_PWM_Stop)
    HAL_TIM_PeriodElapsedCallback            0x08002a7d   Thumb Code    44  stander_interrupt.o(i.HAL_TIM_PeriodElapsedCallback)
    HAL_TIM_SlaveConfigSynchro               0x08002ab1   Thumb Code    86  stm32g4xx_hal_tim.o(i.HAL_TIM_SlaveConfigSynchro)
    HAL_TIM_TriggerCallback                  0x08002b07   Thumb Code     2  stm32g4xx_hal_tim.o(i.HAL_TIM_TriggerCallback)
    HardFault_Handler                        0x08002b09   Thumb Code     2  stm32g4xx_it.o(i.HardFault_Handler)
    MemManage_Handler                        0x08002e35   Thumb Code     2  stm32g4xx_it.o(i.MemManage_Handler)
    Multi_Sweep_ADC_Sample                   0x08002e39   Thumb Code    58  adc.o(i.Multi_Sweep_ADC_Sample)
    NMI_Handler                              0x08002e81   Thumb Code     2  stm32g4xx_it.o(i.NMI_Handler)
    PFC_TASK_STATE                           0x08002e85   Thumb Code    60  supply_state.o(i.PFC_TASK_STATE)
    SysTick_Handler                          0x08002ec5   Thumb Code    24  stm32g4xx_it.o(i.SysTick_Handler)
    SystemClock_Config                       0x08002edd   Thumb Code   104  main.o(i.SystemClock_Config)
    SystemInit                               0x08002f45   Thumb Code    12  system_stm32g4xx.o(i.SystemInit)
    TIM1_UP_TIM16_IRQHandler                 0x08002f55   Thumb Code    18  stm32g4xx_it.o(i.TIM1_UP_TIM16_IRQHandler)
    TIM_Base_SetConfig                       0x08002f71   Thumb Code   176  stm32g4xx_hal_tim.o(i.TIM_Base_SetConfig)
    TIM_CCxChannelCmd                        0x08003045   Thumb Code    26  stm32g4xx_hal_tim.o(i.TIM_CCxChannelCmd)
    TIM_ETR_SetConfig                        0x0800305f   Thumb Code    20  stm32g4xx_hal_tim.o(i.TIM_ETR_SetConfig)
    TIM_OC2_SetConfig                        0x08003121   Thumb Code   132  stm32g4xx_hal_tim.o(i.TIM_OC2_SetConfig)
    Task_1                                   0x0800350f   Thumb Code    34  app_freertos.o(i.Task_1)
    Task_2                                   0x08003531   Thumb Code    22  app_freertos.o(i.Task_2)
    UsageFault_Handler                       0x08003547   Thumb Code     2  stm32g4xx_it.o(i.UsageFault_Handler)
    half_cycle_processing                    0x08003569   Thumb Code    80  supply_state.o(i.half_cycle_processing)
    idle_state_handler                       0x080035d1   Thumb Code    42  supply_state.o(i.idle_state_handler)
    main                                     0x08003605   Thumb Code   100  main.o(i.main)
    pfc_on_state_handler                     0x0800368d   Thumb Code    48  supply_state.o(i.pfc_on_state_handler)
    proportional_integral                    0x080036c5   Thumb Code   136  supply_state.o(i.proportional_integral)
    pvPortMalloc                             0x08003a31   Thumb Code   216  heap_4.o(i.pvPortMalloc)
    pxPortInitialiseStack                    0x08003b0d   Thumb Code    40  port.o(i.pxPortInitialiseStack)
    ramp_up_state_handler                    0x08003b39   Thumb Code    56  supply_state.o(i.ramp_up_state_handler)
    rectify_vac                              0x08003b79   Thumb Code    56  supply_state.o(i.rectify_vac)
    relay_bounce_state_handler               0x08003bb9   Thumb Code    60  supply_state.o(i.relay_bounce_state_handler)
    start_task                               0x08003bfd   Thumb Code    60  app_freertos.o(i.start_task)
    supply_state_handler                     0x08003c59   Thumb Code    50  supply_state.o(i.supply_state_handler)
    turn_off_pfc                             0x08003c91   Thumb Code    30  supply_state.o(i.turn_off_pfc)
    turn_on_pfc                              0x08003cb9   Thumb Code    30  supply_state.o(i.turn_on_pfc)
    uxListRemove                             0x08003ce1   Thumb Code    38  list.o(i.uxListRemove)
    vListInitialise                          0x08003d07   Thumb Code    22  list.o(i.vListInitialise)
    vListInitialiseItem                      0x08003d1d   Thumb Code     6  list.o(i.vListInitialiseItem)
    vListInsert                              0x08003d23   Thumb Code    48  list.o(i.vListInsert)
    vListInsertEnd                           0x08003d53   Thumb Code    24  list.o(i.vListInsertEnd)
    vPortEnterCritical                       0x08003d6d   Thumb Code    54  port.o(i.vPortEnterCritical)
    vPortExitCritical                        0x08003dad   Thumb Code    34  port.o(i.vPortExitCritical)
    vPortFree                                0x08003dd5   Thumb Code    94  heap_4.o(i.vPortFree)
    vTaskDelay                               0x08003e39   Thumb Code    66  tasks.o(i.vTaskDelay)
    vTaskDelete                              0x08003e85   Thumb Code   158  tasks.o(i.vTaskDelete)
    vTaskSuspendAll                          0x08003f31   Thumb Code    10  tasks.o(i.vTaskSuspendAll)
    vTaskSwitchContext                       0x08003f41   Thumb Code    82  tasks.o(i.vTaskSwitchContext)
    xPortSysTickHandler                      0x08003f9d   Thumb Code    38  port.o(i.xPortSysTickHandler)
    xTaskCreate                              0x08003fc9   Thumb Code    86  tasks.o(i.xTaskCreate)
    xTaskGetSchedulerState                   0x08004021   Thumb Code    22  tasks.o(i.xTaskGetSchedulerState)
    xTaskIncrementTick                       0x0800403d   Thumb Code   194  tasks.o(i.xTaskIncrementTick)
    xTaskResumeAll                           0x08004109   Thumb Code   182  tasks.o(i.xTaskResumeAll)
    __aeabi_dadd                             0x080041cd   Thumb Code     0  daddsub_clz.o(x$fpl$dadd)
    _dadd                                    0x080041cd   Thumb Code   332  daddsub_clz.o(x$fpl$dadd)
    __aeabi_d2iz                             0x0800431d   Thumb Code     0  dfix.o(x$fpl$dfix)
    _dfix                                    0x0800431d   Thumb Code    94  dfix.o(x$fpl$dfix)
    __aeabi_i2d                              0x0800437b   Thumb Code     0  dflt_clz.o(x$fpl$dflt)
    _dflt                                    0x0800437b   Thumb Code    46  dflt_clz.o(x$fpl$dflt)
    __aeabi_ui2d                             0x080043a9   Thumb Code     0  dflt_clz.o(x$fpl$dfltu)
    _dfltu                                   0x080043a9   Thumb Code    38  dflt_clz.o(x$fpl$dfltu)
    __aeabi_dmul                             0x080043d1   Thumb Code     0  dmul.o(x$fpl$dmul)
    _dmul                                    0x080043d1   Thumb Code   332  dmul.o(x$fpl$dmul)
    __fpl_dnaninf                            0x08004525   Thumb Code   156  dnaninf.o(x$fpl$dnaninf)
    __fpl_dretinf                            0x080045c1   Thumb Code    12  dretinf.o(x$fpl$dretinf)
    __aeabi_dsub                             0x080045cd   Thumb Code     0  daddsub_clz.o(x$fpl$dsub)
    _dsub                                    0x080045cd   Thumb Code   464  daddsub_clz.o(x$fpl$dsub)
    _fp_init                                 0x080047a1   Thumb Code    10  fpinit.o(x$fpl$fpinit)
    __fplib_config_fpu_vfp                   0x080047a9   Thumb Code     0  fpinit.o(x$fpl$fpinit)
    __fplib_config_pureend_doubles           0x080047a9   Thumb Code     0  fpinit.o(x$fpl$fpinit)
    AHBPrescTable                            0x080047aa   Data          16  system_stm32g4xx.o(.constdata)
    __I$use$fp                               0x080047aa   Number         0  usenofp.o(x$fpl$usenofp)
    Region$$Table$$Base                      0x080047bc   Number         0  anon$$obj.o(Region$$Table)
    Region$$Table$$Limit                     0x080047dc   Number         0  anon$$obj.o(Region$$Table)
    START_TASK_Handle                        0x20000000   Data           4  main.o(.data)
    TASK_1_Handle                            0x20000004   Data           4  app_freertos.o(.data)
    TASK_2_Handle                            0x20000008   Data           4  app_freertos.o(.data)
    Bwrom_IN_Flag                            0x2000000c   Data           1  supply_state.o(.data)
    Vac_Bwron_in_Cnt                         0x2000000e   Data           2  supply_state.o(.data)
    Vac_peak                                 0x20000010   Data           2  supply_state.o(.data)
    Vac_peak_temp                            0x20000012   Data           2  supply_state.o(.data)
    steady_state_err                         0x20000014   Data           4  supply_state.o(.data)
    Voltage_Kp                               0x20000018   Data           4  supply_state.o(.data)
    Voltage_Ki                               0x2000001c   Data           4  supply_state.o(.data)
    VBulk                                    0x20000020   Data           4  adc.o(.data)
    real_ac                                  0x20000024   Data           4  adc.o(.data)
    loop_cnt                                 0x20000028   Data           1  adc.o(.data)
    uwTickPrio                               0x2000002c   Data           4  stm32g4xx_hal.o(.data)
    uwTickFreq                               0x20000030   Data           4  stm32g4xx_hal.o(.data)
    uwTick                                   0x20000034   Data           4  stm32g4xx_hal.o(.data)
    SystemCoreClock                          0x20000038   Data           4  system_stm32g4xx.o(.data)
    pxCurrentTCB                             0x2000003c   Data           4  tasks.o(.data)
    hadc1                                    0x200000a4   Data         108  main.o(.bss)
    htim1                                    0x20000110   Data          76  main.o(.bss)
    htim8                                    0x2000015c   Data          76  main.o(.bss)
    htim16                                   0x200001a8   Data          76  main.o(.bss)
    PFC_Variables                            0x200001f4   Data         108  supply_state.o(.bss)
    PID                                      0x20000260   Data          20  supply_state.o(.bss)
    __libspace_start                         0x20000f64   Data          96  libspace.o(.bss)
    __temporary_stack_top$libspace           0x20000fc4   Data           0  libspace.o(.bss)



==============================================================================

Memory Map of the image

  Image Entry point : 0x080001d9

  Load Region LR_IROM1 (Base: 0x08000000, Size: 0x00004880, Max: 0x00080000, ABSOLUTE)

    Execution Region ER_IROM1 (Exec base: 0x08000000, Load base: 0x08000000, Size: 0x000047dc, Max: 0x00080000, ABSOLUTE)

    Exec Addr    Load Addr    Size         Type   Attr      Idx    E Section Name        Object

    0x08000000   0x08000000   0x000001d8   Data   RO            3    RESET               startup_stm32g474xx.o
    0x080001d8   0x080001d8   0x00000008   Code   RO         5606  * !!!main             c_w.l(__main.o)
    0x080001e0   0x080001e0   0x00000034   Code   RO         5802    !!!scatter          c_w.l(__scatter.o)
    0x08000214   0x08000214   0x0000001a   Code   RO         5804    !!handler_copy      c_w.l(__scatter_copy.o)
    0x0800022e   0x0800022e   0x00000002   PAD
    0x08000230   0x08000230   0x0000001c   Code   RO         5806    !!handler_zi        c_w.l(__scatter_zi.o)
    0x0800024c   0x0800024c   0x00000002   Code   RO         5670    .ARM.Collect$$libinit$$00000000  c_w.l(libinit.o)
    0x0800024e   0x0800024e   0x00000004   Code   RO         5682    .ARM.Collect$$libinit$$00000001  c_w.l(libinit2.o)
    0x08000252   0x08000252   0x00000000   Code   RO         5685    .ARM.Collect$$libinit$$00000004  c_w.l(libinit2.o)
    0x08000252   0x08000252   0x00000000   Code   RO         5688    .ARM.Collect$$libinit$$0000000A  c_w.l(libinit2.o)
    0x08000252   0x08000252   0x00000000   Code   RO         5690    .ARM.Collect$$libinit$$0000000C  c_w.l(libinit2.o)
    0x08000252   0x08000252   0x00000000   Code   RO         5692    .ARM.Collect$$libinit$$0000000E  c_w.l(libinit2.o)
    0x08000252   0x08000252   0x00000000   Code   RO         5695    .ARM.Collect$$libinit$$00000011  c_w.l(libinit2.o)
    0x08000252   0x08000252   0x00000000   Code   RO         5697    .ARM.Collect$$libinit$$00000013  c_w.l(libinit2.o)
    0x08000252   0x08000252   0x00000000   Code   RO         5699    .ARM.Collect$$libinit$$00000015  c_w.l(libinit2.o)
    0x08000252   0x08000252   0x00000000   Code   RO         5701    .ARM.Collect$$libinit$$00000017  c_w.l(libinit2.o)
    0x08000252   0x08000252   0x00000000   Code   RO         5703    .ARM.Collect$$libinit$$00000019  c_w.l(libinit2.o)
    0x08000252   0x08000252   0x00000000   Code   RO         5705    .ARM.Collect$$libinit$$0000001B  c_w.l(libinit2.o)
    0x08000252   0x08000252   0x00000000   Code   RO         5707    .ARM.Collect$$libinit$$0000001D  c_w.l(libinit2.o)
    0x08000252   0x08000252   0x00000000   Code   RO         5709    .ARM.Collect$$libinit$$0000001F  c_w.l(libinit2.o)
    0x08000252   0x08000252   0x00000000   Code   RO         5711    .ARM.Collect$$libinit$$00000021  c_w.l(libinit2.o)
    0x08000252   0x08000252   0x00000000   Code   RO         5713    .ARM.Collect$$libinit$$00000023  c_w.l(libinit2.o)
    0x08000252   0x08000252   0x00000000   Code   RO         5715    .ARM.Collect$$libinit$$00000025  c_w.l(libinit2.o)
    0x08000252   0x08000252   0x00000000   Code   RO         5719    .ARM.Collect$$libinit$$0000002C  c_w.l(libinit2.o)
    0x08000252   0x08000252   0x00000000   Code   RO         5721    .ARM.Collect$$libinit$$0000002E  c_w.l(libinit2.o)
    0x08000252   0x08000252   0x00000000   Code   RO         5723    .ARM.Collect$$libinit$$00000030  c_w.l(libinit2.o)
    0x08000252   0x08000252   0x00000000   Code   RO         5725    .ARM.Collect$$libinit$$00000032  c_w.l(libinit2.o)
    0x08000252   0x08000252   0x00000002   Code   RO         5726    .ARM.Collect$$libinit$$00000033  c_w.l(libinit2.o)
    0x08000254   0x08000254   0x00000002   Code   RO         5757    .ARM.Collect$$libshutdown$$00000000  c_w.l(libshutdown.o)
    0x08000256   0x08000256   0x00000000   Code   RO         5783    .ARM.Collect$$libshutdown$$00000002  c_w.l(libshutdown2.o)
    0x08000256   0x08000256   0x00000000   Code   RO         5785    .ARM.Collect$$libshutdown$$00000004  c_w.l(libshutdown2.o)
    0x08000256   0x08000256   0x00000000   Code   RO         5787    .ARM.Collect$$libshutdown$$00000006  c_w.l(libshutdown2.o)
    0x08000256   0x08000256   0x00000000   Code   RO         5790    .ARM.Collect$$libshutdown$$00000009  c_w.l(libshutdown2.o)
    0x08000256   0x08000256   0x00000000   Code   RO         5793    .ARM.Collect$$libshutdown$$0000000C  c_w.l(libshutdown2.o)
    0x08000256   0x08000256   0x00000000   Code   RO         5795    .ARM.Collect$$libshutdown$$0000000E  c_w.l(libshutdown2.o)
    0x08000256   0x08000256   0x00000000   Code   RO         5798    .ARM.Collect$$libshutdown$$00000011  c_w.l(libshutdown2.o)
    0x08000256   0x08000256   0x00000002   Code   RO         5799    .ARM.Collect$$libshutdown$$00000012  c_w.l(libshutdown2.o)
    0x08000258   0x08000258   0x00000000   Code   RO         5626    .ARM.Collect$$rtentry$$00000000  c_w.l(__rtentry.o)
    0x08000258   0x08000258   0x00000000   Code   RO         5641    .ARM.Collect$$rtentry$$00000002  c_w.l(__rtentry2.o)
    0x08000258   0x08000258   0x00000006   Code   RO         5653    .ARM.Collect$$rtentry$$00000004  c_w.l(__rtentry4.o)
    0x0800025e   0x0800025e   0x00000000   Code   RO         5643    .ARM.Collect$$rtentry$$00000009  c_w.l(__rtentry2.o)
    0x0800025e   0x0800025e   0x00000004   Code   RO         5644    .ARM.Collect$$rtentry$$0000000A  c_w.l(__rtentry2.o)
    0x08000262   0x08000262   0x00000000   Code   RO         5646    .ARM.Collect$$rtentry$$0000000C  c_w.l(__rtentry2.o)
    0x08000262   0x08000262   0x00000008   Code   RO         5647    .ARM.Collect$$rtentry$$0000000D  c_w.l(__rtentry2.o)
    0x0800026a   0x0800026a   0x00000002   Code   RO         5674    .ARM.Collect$$rtexit$$00000000  c_w.l(rtexit.o)
    0x0800026c   0x0800026c   0x00000000   Code   RO         5730    .ARM.Collect$$rtexit$$00000002  c_w.l(rtexit2.o)
    0x0800026c   0x0800026c   0x00000004   Code   RO         5731    .ARM.Collect$$rtexit$$00000003  c_w.l(rtexit2.o)
    0x08000270   0x08000270   0x00000006   Code   RO         5732    .ARM.Collect$$rtexit$$00000004  c_w.l(rtexit2.o)
    0x08000276   0x08000276   0x00000002   PAD
    0x08000278   0x08000278   0x000000be   Code   RO         5517    .emb_text           port.o
    0x08000336   0x08000336   0x00000002   PAD
    0x08000338   0x08000338   0x00000040   Code   RO            4    .text               startup_stm32g474xx.o
    0x08000378   0x08000378   0x0000004e   Code   RO         5602    .text               c_w.l(rt_memclr_w.o)
    0x080003c6   0x080003c6   0x00000006   Code   RO         5604    .text               c_w.l(heapauxi.o)
    0x080003cc   0x080003cc   0x0000004a   Code   RO         5657    .text               c_w.l(sys_stackheap_outer.o)
    0x08000416   0x08000416   0x00000012   Code   RO         5659    .text               c_w.l(exit.o)
    0x08000428   0x08000428   0x00000008   Code   RO         5671    .text               c_w.l(libspace.o)
    0x08000430   0x08000430   0x0000000c   Code   RO         5727    .text               c_w.l(sys_exit.o)
    0x0800043c   0x0800043c   0x00000002   Code   RO         5746    .text               c_w.l(use_no_semi.o)
    0x0800043e   0x0800043e   0x00000000   Code   RO         5748    .text               c_w.l(indicate_semi.o)
    0x0800043e   0x0800043e   0x00000002   PAD
    0x08000440   0x08000440   0x000000e4   Code   RO          687    i.ADC_ConversionStop  stm32g4xx_hal_adc.o
    0x08000524   0x08000524   0x00000070   Code   RO          691    i.ADC_Disable       stm32g4xx_hal_adc.o
    0x08000594   0x08000594   0x00000074   Code   RO          692    i.ADC_Enable        stm32g4xx_hal_adc.o
    0x08000608   0x08000608   0x00000070   Code   RO          601    i.ADC_Select_Channel  adc.o
    0x08000678   0x08000678   0x00000002   Code   RO          311    i.BusFault_Handler  stm32g4xx_it.o
    0x0800067a   0x0800067a   0x00000002   Code   RO          312    i.DebugMon_Handler  stm32g4xx_it.o
    0x0800067c   0x0800067c   0x00000004   Code   RO           13    i.Error_Handler     main.o
    0x08000680   0x08000680   0x00000094   Code   RO          925    i.HAL_ADCEx_Calibration_Start  stm32g4xx_hal_adc_ex.o
    0x08000714   0x08000714   0x00000160   Code   RO          942    i.HAL_ADCEx_MultiModeConfigChannel  stm32g4xx_hal_adc_ex.o
    0x08000874   0x08000874   0x00000460   Code   RO          694    i.HAL_ADC_ConfigChannel  stm32g4xx_hal_adc.o
    0x08000cd4   0x08000cd4   0x00000006   Code   RO          701    i.HAL_ADC_GetValue  stm32g4xx_hal_adc.o
    0x08000cda   0x08000cda   0x00000002   PAD
    0x08000cdc   0x08000cdc   0x00000238   Code   RO          703    i.HAL_ADC_Init      stm32g4xx_hal_adc.o
    0x08000f14   0x08000f14   0x00000098   Code   RO          381    i.HAL_ADC_MspInit   stm32g4xx_hal_msp.o
    0x08000fac   0x08000fac   0x00000138   Code   RO          709    i.HAL_ADC_Start     stm32g4xx_hal_adc.o
    0x080010e4   0x080010e4   0x0000003e   Code   RO          713    i.HAL_ADC_Stop      stm32g4xx_hal_adc.o
    0x08001122   0x08001122   0x00000002   PAD
    0x08001124   0x08001124   0x00000248   Code   RO         1848    i.HAL_GPIO_Init     stm32g4xx_hal_gpio.o
    0x0800136c   0x0800136c   0x00000010   Code   RO         1851    i.HAL_GPIO_TogglePin  stm32g4xx_hal_gpio.o
    0x0800137c   0x0800137c   0x0000000a   Code   RO         1852    i.HAL_GPIO_WritePin  stm32g4xx_hal_gpio.o
    0x08001386   0x08001386   0x00000002   PAD
    0x08001388   0x08001388   0x0000000c   Code   RO         1145    i.HAL_GetTick       stm32g4xx_hal.o
    0x08001394   0x08001394   0x00000010   Code   RO         1148    i.HAL_IncTick       stm32g4xx_hal.o
    0x080013a4   0x080013a4   0x0000001e   Code   RO         1149    i.HAL_Init          stm32g4xx_hal.o
    0x080013c2   0x080013c2   0x00000002   PAD
    0x080013c4   0x080013c4   0x00000044   Code   RO         1150    i.HAL_InitTick      stm32g4xx_hal.o
    0x08001408   0x08001408   0x0000003c   Code   RO          382    i.HAL_MspInit       stm32g4xx_hal_msp.o
    0x08001444   0x08001444   0x0000001a   Code   RO         2495    i.HAL_NVIC_EnableIRQ  stm32g4xx_hal_cortex.o
    0x0800145e   0x0800145e   0x00000002   PAD
    0x08001460   0x08001460   0x00000040   Code   RO         2501    i.HAL_NVIC_SetPriority  stm32g4xx_hal_cortex.o
    0x080014a0   0x080014a0   0x00000024   Code   RO         2502    i.HAL_NVIC_SetPriorityGrouping  stm32g4xx_hal_cortex.o
    0x080014c4   0x080014c4   0x000000bc   Code   RO         2251    i.HAL_PWREx_ControlVoltageScaling  stm32g4xx_hal_pwr_ex.o
    0x08001580   0x08001580   0x00000010   Code   RO         2263    i.HAL_PWREx_DisableUCPDDeadBattery  stm32g4xx_hal_pwr_ex.o
    0x08001590   0x08001590   0x00000300   Code   RO         1494    i.HAL_RCCEx_PeriphCLKConfig  stm32g4xx_hal_rcc_ex.o
    0x08001890   0x08001890   0x000001dc   Code   RO         1369    i.HAL_RCC_ClockConfig  stm32g4xx_hal_rcc.o
    0x08001a6c   0x08001a6c   0x0000006c   Code   RO         1379    i.HAL_RCC_GetSysClockFreq  stm32g4xx_hal_rcc.o
    0x08001ad8   0x08001ad8   0x0000040c   Code   RO         1382    i.HAL_RCC_OscConfig  stm32g4xx_hal_rcc.o
    0x08001ee4   0x08001ee4   0x00000028   Code   RO         2506    i.HAL_SYSTICK_Config  stm32g4xx_hal_cortex.o
    0x08001f0c   0x08001f0c   0x00000002   Code   RO         3341    i.HAL_TIMEx_Break2Callback  stm32g4xx_hal_tim_ex.o
    0x08001f0e   0x08001f0e   0x00000002   Code   RO         3342    i.HAL_TIMEx_BreakCallback  stm32g4xx_hal_tim_ex.o
    0x08001f10   0x08001f10   0x00000002   Code   RO         3343    i.HAL_TIMEx_CommutCallback  stm32g4xx_hal_tim_ex.o
    0x08001f12   0x08001f12   0x00000002   PAD
    0x08001f14   0x08001f14   0x000000cc   Code   RO         3346    i.HAL_TIMEx_ConfigBreakDeadTime  stm32g4xx_hal_tim_ex.o
    0x08001fe0   0x08001fe0   0x00000002   Code   RO         3354    i.HAL_TIMEx_DirectionChangeCallback  stm32g4xx_hal_tim_ex.o
    0x08001fe2   0x08001fe2   0x00000002   Code   RO         3368    i.HAL_TIMEx_EncoderIndexCallback  stm32g4xx_hal_tim_ex.o
    0x08001fe4   0x08001fe4   0x00000002   Code   RO         3382    i.HAL_TIMEx_IndexErrorCallback  stm32g4xx_hal_tim_ex.o
    0x08001fe6   0x08001fe6   0x00000002   PAD
    0x08001fe8   0x08001fe8   0x000000b8   Code   RO         3383    i.HAL_TIMEx_MasterConfigSynchronization  stm32g4xx_hal_tim_ex.o
    0x080020a0   0x080020a0   0x00000002   Code   RO         3404    i.HAL_TIMEx_TransitionErrorCallback  stm32g4xx_hal_tim_ex.o
    0x080020a2   0x080020a2   0x00000062   Code   RO         2627    i.HAL_TIM_Base_Init  stm32g4xx_hal_tim.o
    0x08002104   0x08002104   0x00000054   Code   RO          384    i.HAL_TIM_Base_MspInit  stm32g4xx_hal_msp.o
    0x08002158   0x08002158   0x0000008c   Code   RO         2632    i.HAL_TIM_Base_Start_IT  stm32g4xx_hal_tim.o
    0x080021e4   0x080021e4   0x00000002   Code   RO         2661    i.HAL_TIM_IC_CaptureCallback  stm32g4xx_hal_tim.o
    0x080021e6   0x080021e6   0x000001fc   Code   RO         2675    i.HAL_TIM_IRQHandler  stm32g4xx_hal_tim.o
    0x080023e2   0x080023e2   0x00000002   PAD
    0x080023e4   0x080023e4   0x00000078   Code   RO          385    i.HAL_TIM_MspPostInit  stm32g4xx_hal_msp.o
    0x0800245c   0x0800245c   0x0000006e   Code   RO         2676    i.HAL_TIM_OC_ConfigChannel  stm32g4xx_hal_tim.o
    0x080024ca   0x080024ca   0x00000002   Code   RO         2678    i.HAL_TIM_OC_DelayElapsedCallback  stm32g4xx_hal_tim.o
    0x080024cc   0x080024cc   0x00000062   Code   RO         2680    i.HAL_TIM_OC_Init   stm32g4xx_hal_tim.o
    0x0800252e   0x0800252e   0x00000002   Code   RO         2682    i.HAL_TIM_OC_MspInit  stm32g4xx_hal_tim.o
    0x08002530   0x08002530   0x00000114   Code   RO         2683    i.HAL_TIM_OC_Start  stm32g4xx_hal_tim.o
    0x08002644   0x08002644   0x000000b8   Code   RO         2686    i.HAL_TIM_OC_Stop   stm32g4xx_hal_tim.o
    0x080026fc   0x080026fc   0x00000124   Code   RO         2699    i.HAL_TIM_PWM_ConfigChannel  stm32g4xx_hal_tim.o
    0x08002820   0x08002820   0x00000062   Code   RO         2702    i.HAL_TIM_PWM_Init  stm32g4xx_hal_tim.o
    0x08002882   0x08002882   0x00000002   PAD
    0x08002884   0x08002884   0x00000028   Code   RO          387    i.HAL_TIM_PWM_MspInit  stm32g4xx_hal_msp.o
    0x080028ac   0x080028ac   0x00000002   Code   RO         2705    i.HAL_TIM_PWM_PulseFinishedCallback  stm32g4xx_hal_tim.o
    0x080028ae   0x080028ae   0x00000002   PAD
    0x080028b0   0x080028b0   0x00000114   Code   RO         2707    i.HAL_TIM_PWM_Start  stm32g4xx_hal_tim.o
    0x080029c4   0x080029c4   0x000000b8   Code   RO         2710    i.HAL_TIM_PWM_Stop  stm32g4xx_hal_tim.o
    0x08002a7c   0x08002a7c   0x00000034   Code   RO          663    i.HAL_TIM_PeriodElapsedCallback  stander_interrupt.o
    0x08002ab0   0x08002ab0   0x00000056   Code   RO         2716    i.HAL_TIM_SlaveConfigSynchro  stm32g4xx_hal_tim.o
    0x08002b06   0x08002b06   0x00000002   Code   RO         2718    i.HAL_TIM_TriggerCallback  stm32g4xx_hal_tim.o
    0x08002b08   0x08002b08   0x00000002   Code   RO          313    i.HardFault_Handler  stm32g4xx_it.o
    0x08002b0a   0x08002b0a   0x0000000c   Code   RO          717    i.LL_ADC_GetOffsetChannel  stm32g4xx_hal_adc.o
    0x08002b16   0x08002b16   0x00000008   Code   RO          718    i.LL_ADC_INJ_IsConversionOngoing  stm32g4xx_hal_adc.o
    0x08002b1e   0x08002b1e   0x00000008   Code   RO          719    i.LL_ADC_REG_IsConversionOngoing  stm32g4xx_hal_adc.o
    0x08002b26   0x08002b26   0x00000008   Code   RO          952    i.LL_ADC_REG_IsConversionOngoing  stm32g4xx_hal_adc_ex.o
    0x08002b2e   0x08002b2e   0x0000001e   Code   RO          722    i.LL_ADC_SetChannelSamplingTime  stm32g4xx_hal_adc.o
    0x08002b4c   0x08002b4c   0x00000010   Code   RO          723    i.LL_ADC_SetOffsetState  stm32g4xx_hal_adc.o
    0x08002b5c   0x08002b5c   0x0000006c   Code   RO           14    i.MX_ADC1_Init      main.o
    0x08002bc8   0x08002bc8   0x00000090   Code   RO           15    i.MX_GPIO_Init      main.o
    0x08002c58   0x08002c58   0x000000ec   Code   RO           16    i.MX_TIM1_Init      main.o
    0x08002d44   0x08002d44   0x000000f0   Code   RO           17    i.MX_TIM8_Init      main.o
    0x08002e34   0x08002e34   0x00000002   Code   RO          314    i.MemManage_Handler  stm32g4xx_it.o
    0x08002e36   0x08002e36   0x00000002   PAD
    0x08002e38   0x08002e38   0x00000048   Code   RO          602    i.Multi_Sweep_ADC_Sample  adc.o
    0x08002e80   0x08002e80   0x00000002   Code   RO          315    i.NMI_Handler       stm32g4xx_it.o
    0x08002e82   0x08002e82   0x00000002   PAD
    0x08002e84   0x08002e84   0x00000040   Code   RO          458    i.PFC_TASK_STATE    supply_state.o
    0x08002ec4   0x08002ec4   0x00000018   Code   RO          316    i.SysTick_Handler   stm32g4xx_it.o
    0x08002edc   0x08002edc   0x00000068   Code   RO           18    i.SystemClock_Config  main.o
    0x08002f44   0x08002f44   0x00000010   Code   RO         4303    i.SystemInit        system_stm32g4xx.o
    0x08002f54   0x08002f54   0x0000001c   Code   RO          317    i.TIM1_UP_TIM16_IRQHandler  stm32g4xx_it.o
    0x08002f70   0x08002f70   0x000000d4   Code   RO         2720    i.TIM_Base_SetConfig  stm32g4xx_hal_tim.o
    0x08003044   0x08003044   0x0000001a   Code   RO         2721    i.TIM_CCxChannelCmd  stm32g4xx_hal_tim.o
    0x0800305e   0x0800305e   0x00000014   Code   RO         2731    i.TIM_ETR_SetConfig  stm32g4xx_hal_tim.o
    0x08003072   0x08003072   0x00000002   PAD
    0x08003074   0x08003074   0x000000ac   Code   RO         2733    i.TIM_OC1_SetConfig  stm32g4xx_hal_tim.o
    0x08003120   0x08003120   0x000000a0   Code   RO         2734    i.TIM_OC2_SetConfig  stm32g4xx_hal_tim.o
    0x080031c0   0x080031c0   0x000000a0   Code   RO         2735    i.TIM_OC3_SetConfig  stm32g4xx_hal_tim.o
    0x08003260   0x08003260   0x000000a0   Code   RO         2736    i.TIM_OC4_SetConfig  stm32g4xx_hal_tim.o
    0x08003300   0x08003300   0x00000078   Code   RO         2737    i.TIM_OC5_SetConfig  stm32g4xx_hal_tim.o
    0x08003378   0x08003378   0x0000007c   Code   RO         2738    i.TIM_OC6_SetConfig  stm32g4xx_hal_tim.o
    0x080033f4   0x080033f4   0x000000d4   Code   RO         2739    i.TIM_SlaveTimer_SetConfig  stm32g4xx_hal_tim.o
    0x080034c8   0x080034c8   0x00000022   Code   RO         2740    i.TIM_TI1_ConfigInputStage  stm32g4xx_hal_tim.o
    0x080034ea   0x080034ea   0x00000024   Code   RO         2742    i.TIM_TI2_ConfigInputStage  stm32g4xx_hal_tim.o
    0x0800350e   0x0800350e   0x00000022   Code   RO          253    i.Task_1            app_freertos.o
    0x08003530   0x08003530   0x00000016   Code   RO          254    i.Task_2            app_freertos.o
    0x08003546   0x08003546   0x00000002   Code   RO          318    i.UsageFault_Handler  stm32g4xx_it.o
    0x08003548   0x08003548   0x00000020   Code   RO         2508    i.__NVIC_SetPriority  stm32g4xx_hal_cortex.o
    0x08003568   0x08003568   0x00000068   Code   RO          532    i.half_cycle_processing  supply_state.o
    0x080035d0   0x080035d0   0x00000034   Code   RO          544    i.idle_state_handler  supply_state.o
    0x08003604   0x08003604   0x00000088   Code   RO           19    i.main              main.o
    0x0800368c   0x0800368c   0x00000038   Code   RO          562    i.pfc_on_state_handler  supply_state.o
    0x080036c4   0x080036c4   0x000000a0   Code   RO          538    i.proportional_integral  supply_state.o
    0x08003764   0x08003764   0x00000070   Code   RO         4771    i.prvAddCurrentTaskToDelayedList  tasks.o
    0x080037d4   0x080037d4   0x000000d0   Code   RO         4772    i.prvAddNewTaskToReadyList  tasks.o
    0x080038a4   0x080038a4   0x00000014   Code   RO         4773    i.prvDeleteTCB      tasks.o
    0x080038b8   0x080038b8   0x0000004c   Code   RO         5450    i.prvHeapInit       heap_4.o
    0x08003904   0x08003904   0x00000098   Code   RO         4775    i.prvInitialiseNewTask  tasks.o
    0x0800399c   0x0800399c   0x0000004c   Code   RO         5451    i.prvInsertBlockIntoFreeList  heap_4.o
    0x080039e8   0x080039e8   0x00000020   Code   RO         4776    i.prvResetNextTaskUnblockTime  tasks.o
    0x08003a08   0x08003a08   0x00000028   Code   RO         5518    i.prvTaskExitError  port.o
    0x08003a30   0x08003a30   0x000000dc   Code   RO         5452    i.pvPortMalloc      heap_4.o
    0x08003b0c   0x08003b0c   0x0000002c   Code   RO         5519    i.pxPortInitialiseStack  port.o
    0x08003b38   0x08003b38   0x00000040   Code   RO          556    i.ramp_up_state_handler  supply_state.o
    0x08003b78   0x08003b78   0x00000040   Code   RO          526    i.rectify_vac       supply_state.o
    0x08003bb8   0x08003bb8   0x00000044   Code   RO          550    i.relay_bounce_state_handler  supply_state.o
    0x08003bfc   0x08003bfc   0x0000005c   Code   RO          255    i.start_task        app_freertos.o
    0x08003c58   0x08003c58   0x00000038   Code   RO          578    i.supply_state_handler  supply_state.o
    0x08003c90   0x08003c90   0x00000028   Code   RO          459    i.turn_off_pfc      supply_state.o
    0x08003cb8   0x08003cb8   0x00000028   Code   RO          460    i.turn_on_pfc       supply_state.o
    0x08003ce0   0x08003ce0   0x00000026   Code   RO         4435    i.uxListRemove      list.o
    0x08003d06   0x08003d06   0x00000016   Code   RO         4436    i.vListInitialise   list.o
    0x08003d1c   0x08003d1c   0x00000006   Code   RO         4437    i.vListInitialiseItem  list.o
    0x08003d22   0x08003d22   0x00000030   Code   RO         4438    i.vListInsert       list.o
    0x08003d52   0x08003d52   0x00000018   Code   RO         4439    i.vListInsertEnd    list.o
    0x08003d6a   0x08003d6a   0x00000002   PAD
    0x08003d6c   0x08003d6c   0x00000040   Code   RO         5521    i.vPortEnterCritical  port.o
    0x08003dac   0x08003dac   0x00000028   Code   RO         5522    i.vPortExitCritical  port.o
    0x08003dd4   0x08003dd4   0x00000064   Code   RO         5453    i.vPortFree         heap_4.o
    0x08003e38   0x08003e38   0x0000004c   Code   RO         4785    i.vTaskDelay        tasks.o
    0x08003e84   0x08003e84   0x000000ac   Code   RO         4786    i.vTaskDelete       tasks.o
    0x08003f30   0x08003f30   0x00000010   Code   RO         4800    i.vTaskSuspendAll   tasks.o
    0x08003f40   0x08003f40   0x0000005c   Code   RO         4801    i.vTaskSwitchContext  tasks.o
    0x08003f9c   0x08003f9c   0x0000002c   Code   RO         5526    i.xPortSysTickHandler  port.o
    0x08003fc8   0x08003fc8   0x00000056   Code   RO         4804    i.xTaskCreate       tasks.o
    0x0800401e   0x0800401e   0x00000002   PAD
    0x08004020   0x08004020   0x0000001c   Code   RO         4808    i.xTaskGetSchedulerState  tasks.o
    0x0800403c   0x0800403c   0x000000cc   Code   RO         4811    i.xTaskIncrementTick  tasks.o
    0x08004108   0x08004108   0x000000c4   Code   RO         4817    i.xTaskResumeAll    tasks.o
    0x080041cc   0x080041cc   0x00000150   Code   RO         5608    x$fpl$dadd          fz_wm.l(daddsub_clz.o)
    0x0800431c   0x0800431c   0x0000005e   Code   RO         5614    x$fpl$dfix          fz_wm.l(dfix.o)
    0x0800437a   0x0800437a   0x0000002e   Code   RO         5619    x$fpl$dflt          fz_wm.l(dflt_clz.o)
    0x080043a8   0x080043a8   0x00000026   Code   RO         5618    x$fpl$dfltu         fz_wm.l(dflt_clz.o)
    0x080043ce   0x080043ce   0x00000002   PAD
    0x080043d0   0x080043d0   0x00000154   Code   RO         5624    x$fpl$dmul          fz_wm.l(dmul.o)
    0x08004524   0x08004524   0x0000009c   Code   RO         5635    x$fpl$dnaninf       fz_wm.l(dnaninf.o)
    0x080045c0   0x080045c0   0x0000000c   Code   RO         5637    x$fpl$dretinf       fz_wm.l(dretinf.o)
    0x080045cc   0x080045cc   0x000001d4   Code   RO         5610    x$fpl$dsub          fz_wm.l(daddsub_clz.o)
    0x080047a0   0x080047a0   0x0000000a   Code   RO         5742    x$fpl$fpinit        fz_wm.l(fpinit.o)
    0x080047aa   0x080047aa   0x00000000   Code   RO         5639    x$fpl$usenofp       fz_wm.l(usenofp.o)
    0x080047aa   0x080047aa   0x00000010   Data   RO         4304    .constdata          system_stm32g4xx.o
    0x080047ba   0x080047ba   0x00000002   PAD
    0x080047bc   0x080047bc   0x00000020   Data   RO         5800    Region$$Table       anon$$obj.o


    Execution Region RW_IRAM1 (Exec base: 0x20000000, Load base: 0x080047dc, Size: 0x000015c8, Max: 0x00020000, ABSOLUTE)

    Exec Addr    Load Addr    Size         Type   Attr      Idx    E Section Name        Object

    0x20000000   0x080047dc   0x00000004   Data   RW           24    .data               main.o
    0x20000004   0x080047e0   0x00000008   Data   RW          258    .data               app_freertos.o
    0x2000000c   0x080047e8   0x00000014   Data   RW          462    .data               supply_state.o
    0x20000020   0x080047fc   0x00000004   Data   RW          605    .data               adc.o
    0x20000024   0x08004800   0x00000004   Data   RW          608    .data               adc.o
    0x20000028   0x08004804   0x00000001   Data   RW          620    .data               adc.o
    0x20000029   0x08004805   0x00000003   PAD
    0x2000002c   0x08004808   0x0000000c   Data   RW         1169    .data               stm32g4xx_hal.o
    0x20000038   0x08004814   0x00000004   Data   RW         4306    .data               system_stm32g4xx.o
    0x2000003c   0x08004818   0x0000003c   Data   RW         4820    .data               tasks.o
    0x20000078   0x08004854   0x00000020   Data   RW         5459    .data               heap_4.o
    0x20000098   0x08004874   0x0000000c   Data   RW         5527    .data               port.o
    0x200000a4        -       0x00000150   Zero   RW           20    .bss                main.o
    0x200001f4        -       0x00000080   Zero   RW          461    .bss                supply_state.o
    0x20000274        -       0x000000f0   Zero   RW         4819    .bss                tasks.o
    0x20000364        -       0x00000c00   Zero   RW         5458    .bss                heap_4.o
    0x20000f64        -       0x00000060   Zero   RW         5672    .bss                c_w.l(libspace.o)
    0x20000fc4   0x08004880   0x00000004   PAD
    0x20000fc8        -       0x00000200   Zero   RW            2    HEAP                startup_stm32g474xx.o
    0x200011c8        -       0x00000400   Zero   RW            1    STACK               startup_stm32g474xx.o


==============================================================================

Image component sizes


      Code (inc. data)   RO Data    RW Data    ZI Data      Debug   Object Name

       184         40          0          9          0       2549   adc.o
       148         32          0          8          0       2329   app_freertos.o
         0          0          0          0          0       7688   event_groups.o
       472         24          0         32       3072       7539   heap_4.o
       138          0          0          0          0       3654   list.o
       972         82          0          4        336     936560   main.o
       422         46          0         12          0       9471   port.o
        52          8          0          0          0        952   stander_interrupt.o
        64         26        472          0       1536        860   startup_stm32g474xx.o
       126         20          0         12          0       3789   stm32g4xx_hal.o
      2598        154          0          0          0      80601   stm32g4xx_hal_adc.o
       508         36          0          0          0      69993   stm32g4xx_hal_adc_ex.o
       198         14          0          0          0      33943   stm32g4xx_hal_cortex.o
       610         34          0          0          0       3057   stm32g4xx_hal_gpio.o
       456         54          0          0          0       3827   stm32g4xx_hal_msp.o
       204         18          0          0          0       1441   stm32g4xx_hal_pwr_ex.o
      1620         64          0          0          0       5158   stm32g4xx_hal_rcc.o
       768         10          0          0          0       1996   stm32g4xx_hal_rcc_ex.o
      3796        400          0          0          0      23735   stm32g4xx_hal_tim.o
       402         46          0          0          0       6516   stm32g4xx_hal_tim_ex.o
        64         10          0          0          0       3994   stm32g4xx_it.o
       768        128          0         20        128       9360   supply_state.o
        16          4         16          4          0       1183   system_stm32g4xx.o
      1394        100          0         60        240      18235   tasks.o

    ----------------------------------------------------------------------
     16012       1350        522        164       5312    1238430   Object Totals
         0          0         32          0          0          0   (incl. Generated)
        32          0          2          3          0          0   (incl. Padding)

    ----------------------------------------------------------------------

      Code (inc. data)   RO Data    RW Data    ZI Data      Debug   Library Member Name

         8          0          0          0          0         68   __main.o
         0          0          0          0          0          0   __rtentry.o
        12          0          0          0          0          0   __rtentry2.o
         6          0          0          0          0          0   __rtentry4.o
        52          8          0          0          0          0   __scatter.o
        26          0          0          0          0          0   __scatter_copy.o
        28          0          0          0          0          0   __scatter_zi.o
        18          0          0          0          0         80   exit.o
         6          0          0          0          0        152   heapauxi.o
         0          0          0          0          0          0   indicate_semi.o
         2          0          0          0          0          0   libinit.o
         6          0          0          0          0          0   libinit2.o
         2          0          0          0          0          0   libshutdown.o
         2          0          0          0          0          0   libshutdown2.o
         8          4          0          0         96         68   libspace.o
        78          0          0          0          0         80   rt_memclr_w.o
         2          0          0          0          0          0   rtexit.o
        10          0          0          0          0          0   rtexit2.o
        12          4          0          0          0         68   sys_exit.o
        74          0          0          0          0         80   sys_stackheap_outer.o
         2          0          0          0          0         68   use_no_semi.o
       804         16          0          0          0        368   daddsub_clz.o
        94          4          0          0          0        140   dfix.o
        84          0          0          0          0        232   dflt_clz.o
       340         12          0          0          0        152   dmul.o
       156          4          0          0          0        140   dnaninf.o
        12          0          0          0          0        116   dretinf.o
        10          0          0          0          0        116   fpinit.o
         0          0          0          0          0          0   usenofp.o

    ----------------------------------------------------------------------
      1862         52          0          0        100       1928   Library Totals
         8          0          0          0          4          0   (incl. Padding)

    ----------------------------------------------------------------------

      Code (inc. data)   RO Data    RW Data    ZI Data      Debug   Library Name

       354         16          0          0         96        664   c_w.l
      1500         36          0          0          0       1264   fz_wm.l

    ----------------------------------------------------------------------
      1862         52          0          0        100       1928   Library Totals

    ----------------------------------------------------------------------

==============================================================================


      Code (inc. data)   RO Data    RW Data    ZI Data      Debug   

     17874       1402        522        164       5412    1226350   Grand Totals
     17874       1402        522        164       5412    1226350   ELF Image Totals
     17874       1402        522        164          0          0   ROM Totals

==============================================================================

    Total RO  Size (Code + RO Data)                18396 (  17.96kB)
    Total RW  Size (RW Data + ZI Data)              5576 (   5.45kB)
    Total ROM Size (Code + RO Data + RW Data)      18560 (  18.13kB)

==============================================================================

